Component: ARM Compiler 5.06 update 2 (build 183) Tool: armlink [4d35b7]

==============================================================================

Section Cross References

    archie.o(i.SPI) refers to stm32f4xx_hal_spi.o(i.HAL_SPI_TransmitReceive) for HAL_SPI_TransmitReceive
    archie.o(i.SPI) refers to main_1.o(.bss) for hspi2
    archie.o(i.archie_check_queue) refers to archie.o(i.archie_kbd_tx) for archie_kbd_tx
    archie.o(i.archie_check_queue) refers to archie.o(.data) for tx_queue_rptr
    archie.o(i.archie_check_queue) refers to archie.o(.bss) for tx_queue
    archie.o(i.archie_fdc_set_status) refers to spi.o(i.EnableFpga) for EnableFpga
    archie.o(i.archie_fdc_set_status) refers to archie.o(i.SPI) for SPI
    archie.o(i.archie_fdc_set_status) refers to spi.o(i.DisableFpga) for DisableFpga
    archie.o(i.archie_fdc_set_status) refers to archie.o(.bss) for floppy
    archie.o(i.archie_floppy_is_inserted) refers to archie.o(.bss) for floppy
    archie.o(i.archie_get_floppy_name) refers to strcpy.o(.text) for strcpy
    archie.o(i.archie_get_floppy_name) refers to archie.o(i.nice_name) for nice_name
    archie.o(i.archie_get_floppy_name) refers to archie.o(.bss) for floppy
    archie.o(i.archie_get_rom_name) refers to archie.o(i.nice_name) for nice_name
    archie.o(i.archie_get_rom_name) refers to archie.o(.bss) for config
    archie.o(i.archie_handle_fdc) refers to _printf_percent.o(.ARM.Collect$$_printf_percent$$00000000) for _printf_percent
    archie.o(i.archie_handle_fdc) refers to _printf_x.o(.ARM.Collect$$_printf_percent$$0000000C) for _printf_x
    archie.o(i.archie_handle_fdc) refers to _printf_hex_int_ptr.o(.text) for _printf_longlong_hex
    archie.o(i.archie_handle_fdc) refers to _printf_d.o(.ARM.Collect$$_printf_percent$$00000009) for _printf_d
    archie.o(i.archie_handle_fdc) refers to _printf_dec.o(.text) for _printf_int_dec
    archie.o(i.archie_handle_fdc) refers to spi.o(i.EnableFpga) for EnableFpga
    archie.o(i.archie_handle_fdc) refers to archie.o(i.SPI) for SPI
    archie.o(i.archie_handle_fdc) refers to spi.o(i.DisableFpga) for DisableFpga
    archie.o(i.archie_handle_fdc) refers to memcmp.o(.text) for memcmp
    archie.o(i.archie_handle_fdc) refers to noretval__2printf.o(.text) for __2printf
    archie.o(i.archie_handle_fdc) refers to stm32f4xx_hal_gpio.o(i.HAL_GPIO_WritePin) for HAL_GPIO_WritePin
    archie.o(i.archie_handle_fdc) refers to fat.o(i.FileSeek) for FileSeek
    archie.o(i.archie_handle_fdc) refers to fat.o(.ramsection) for FileRead
    archie.o(i.archie_handle_fdc) refers to spi.o(i.spi_write) for spi_write
    archie.o(i.archie_handle_fdc) refers to archie.o(.data) for old_status
    archie.o(i.archie_handle_fdc) refers to archie.o(.bss) for floppy
    archie.o(i.archie_handle_fdc) refers to archie.o(.conststring) for .conststring
    archie.o(i.archie_handle_kbd) refers to _printf_percent.o(.ARM.Collect$$_printf_percent$$00000000) for _printf_percent
    archie.o(i.archie_handle_kbd) refers to _printf_x.o(.ARM.Collect$$_printf_percent$$0000000C) for _printf_x
    archie.o(i.archie_handle_kbd) refers to _printf_hex_int_ptr.o(.text) for _printf_longlong_hex
    archie.o(i.archie_handle_kbd) refers to hardware.o(i.CheckTimer) for CheckTimer
    archie.o(i.archie_handle_kbd) refers to noretval__2printf.o(.text) for __2printf
    archie.o(i.archie_handle_kbd) refers to archie.o(i.archie_kbd_send) for archie_kbd_send
    archie.o(i.archie_handle_kbd) refers to hardware.o(i.GetTimer) for GetTimer
    archie.o(i.archie_handle_kbd) refers to spi.o(i.spi_uio_cmd_cont) for spi_uio_cmd_cont
    archie.o(i.archie_handle_kbd) refers to spi.o(i.spi_in) for spi_in
    archie.o(i.archie_handle_kbd) refers to spi.o(i.DisableIO) for DisableIO
    archie.o(i.archie_handle_kbd) refers to archie.o(i.archie_kbd_reset) for archie_kbd_reset
    archie.o(i.archie_handle_kbd) refers to archie.o(i.archie_check_queue) for archie_check_queue
    archie.o(i.archie_handle_kbd) refers to archie.o(.data) for kbd_state
    archie.o(i.archie_init) refers to _printf_percent.o(.ARM.Collect$$_printf_percent$$00000000) for _printf_percent
    archie.o(i.archie_init) refers to _printf_d.o(.ARM.Collect$$_printf_percent$$00000009) for _printf_d
    archie.o(i.archie_init) refers to _printf_dec.o(.text) for _printf_int_dec
    archie.o(i.archie_init) refers to _printf_s.o(.ARM.Collect$$_printf_percent$$00000014) for _printf_s
    archie.o(i.archie_init) refers to _printf_str.o(.text) for _printf_str
    archie.o(i.archie_init) refers to noretval__2printf.o(.text) for __2printf
    archie.o(i.archie_init) refers to strcpy.o(.text) for strcpy
    archie.o(i.archie_init) refers to fat.o(i.FileOpen) for FileOpen
    archie.o(i.archie_init) refers to fat.o(.ramsection) for FileRead
    archie.o(i.archie_init) refers to rt_memcpy_v6.o(.text) for __aeabi_memcpy
[...]
    src\\config.c                            0x00000000   Number         0  config.o ABSOLUTE
    src\\fat.c                               0x00000000   Number         0  fat.o ABSOLUTE
    src\\fdd.c                               0x00000000   Number         0  fdd.o ABSOLUTE
    src\\firmware.c                          0x00000000   Number         0  firmware.o ABSOLUTE
    src\\fpga.c                              0x00000000   Number         0  fpga.o ABSOLUTE
    src\\hardware.c                          0x00000000   Number         0  hardware.o ABSOLUTE
    src\\hdd.c                               0x00000000   Number         0  hdd.o ABSOLUTE
    src\\idxfile.c                           0x00000000   Number         0  idxfile.o ABSOLUTE
    src\\ikbd.c                              0x00000000   Number         0  ikbd.o ABSOLUTE
    src\\ini_parser.c                        0x00000000   Number         0  ini_parser.o ABSOLUTE
    src\\main.c                              0x00000000   Number         0  main.o ABSOLUTE
    src\\menu.c                              0x00000000   Number         0  menu.o ABSOLUTE
    src\\mist_cfg.c                          0x00000000   Number         0  mist_cfg.o ABSOLUTE
    src\\mmc.c                               0x00000000   Number         0  mmc.o ABSOLUTE
    src\\osd.c                               0x00000000   Number         0  osd.o ABSOLUTE
    src\\rafile.c                            0x00000000   Number         0  rafile.o ABSOLUTE
    src\\spi.c                               0x00000000   Number         0  spi.o ABSOLUTE
    src\\tos.c                               0x00000000   Number         0  tos.o ABSOLUTE
    src\\usb\\asix.c                         0x00000000   Number         0  asix.o ABSOLUTE
    src\\usb\\hid.c                          0x00000000   Number         0  hid.o ABSOLUTE
    src\\usb\\joymapping.c                   0x00000000   Number         0  joymapping.o ABSOLUTE
    src\\usb\\max3421e.c                     0x00000000   Number         0  max3421e.o ABSOLUTE
    src\\usb\\pl2303.c                       0x00000000   Number         0  pl2303.o ABSOLUTE
    src\\usb\\storage.c                      0x00000000   Number         0  storage.o ABSOLUTE
    src\\usb\\usbrtc.c                       0x00000000   Number         0  usbrtc.o ABSOLUTE
    src\\user_io.c                           0x00000000   Number         0  user_io.o ABSOLUTE
    src\\xmodem.c                            0x00000000   Number         0  xmodem.o ABSOLUTE
    src\archie.c                             0x00000000   Number         0  archie.o ABSOLUTE
    src\boot.c                               0x00000000   Number         0  boot.o ABSOLUTE
    src\cdc_control.c                        0x00000000   Number         0  cdc_control.o ABSOLUTE
    src\cdc_enumerate.c                      0x00000000   Number         0  cdc_enumerate.o ABSOLUTE
    src\config.c                             0x00000000   Number         0  config.o ABSOLUTE
    src\fat.c                                0x00000000   Number         0  fat.o ABSOLUTE
    src\fdd.c                                0x00000000   Number         0  fdd.o ABSOLUTE
    src\firmware.c                           0x00000000   Number         0  firmware.o ABSOLUTE
    src\fpga.c                               0x00000000   Number         0  fpga.o ABSOLUTE
    src\hardware.c                           0x00000000   Number         0  hardware.o ABSOLUTE
    src\hdd.c                                0x00000000   Number         0  hdd.o ABSOLUTE
    src\idxfile.c                            0x00000000   Number         0  idxfile.o ABSOLUTE
    src\ikbd.c                               0x00000000   Number         0  ikbd.o ABSOLUTE
    src\ini_parser.c                         0x00000000   Number         0  ini_parser.o ABSOLUTE
    src\main.c                               0x00000000   Number         0  main.o ABSOLUTE
    src\menu.c                               0x00000000   Number         0  menu.o ABSOLUTE
    src\mist_cfg.c                           0x00000000   Number         0  mist_cfg.o ABSOLUTE
    src\mmc.c                                0x00000000   Number         0  mmc.o ABSOLUTE
    src\osd.c                                0x00000000   Number         0  osd.o ABSOLUTE
    src\rafile.c                             0x00000000   Number         0  rafile.o ABSOLUTE
    src\spi.c                                0x00000000   Number         0  spi.o ABSOLUTE
    src\stm32_stubs.c                        0x00000000   Number         0  stm32_stubs.o ABSOLUTE
    src\swap.c                               0x00000000   Number         0  swap.o ABSOLUTE
    src\tos.c                                0x00000000   Number         0  tos.o ABSOLUTE
    src\usb\asix.c                           0x00000000   Number         0  asix.o ABSOLUTE
    src\usb\hid.c                            0x00000000   Number         0  hid.o ABSOLUTE
    src\usb\hidparser.c                      0x00000000   Number         0  hidparser.o ABSOLUTE
    src\usb\hub.c                            0x00000000   Number         0  hub.o ABSOLUTE
    src\usb\joymapping.c                     0x00000000   Number         0  joymapping.o ABSOLUTE
    src\usb\max3421e.c                       0x00000000   Number         0  max3421e.o ABSOLUTE
    src\usb\pl2303.c                         0x00000000   Number         0  pl2303.o ABSOLUTE
    src\usb\storage.c                        0x00000000   Number         0  storage.o ABSOLUTE
    src\usb\timer.c                          0x00000000   Number         0  timer.o ABSOLUTE
    src\usb\usb.c                            0x00000000   Number         0  usb.o ABSOLUTE
    src\usb\usbrtc.c                         0x00000000   Number         0  usbrtc.o ABSOLUTE
    src\user_io.c                            0x00000000   Number         0  user_io.o ABSOLUTE
    src\xmodem.c                             0x00000000   Number         0  xmodem.o ABSOLUTE
    RESET                                    0x08000000   Section      392  startup_stm32f407xx.o(RESET)
    !!!main                                  0x08000188   Section        8  __main.o(!!!main)
    !!!scatter                               0x08000190   Section       52  __scatter.o(!!!scatter)
    !!handler_copy                           0x080001c4   Section       26  __scatter_copy.o(!!handler_copy)
    !!handler_zi                             0x080001e0   Section       28  __scatter_zi.o(!!handler_zi)
    .ARM.Collect$$_printf_percent$$00000000  0x080001fc   Section        0  _printf_percent.o(.ARM.Collect$$_printf_percent$$00000000)
    .ARM.Collect$$_printf_percent$$00000017  0x080001fc   Section        4  _printf_percent_end.o(.ARM.Collect$$_printf_percent$$00000017)
    .ARM.Collect$$libinit$$00000000          0x08000200   Section        2  libinit.o(.ARM.Collect$$libinit$$00000000)
    .ARM.Collect$$libinit$$00000001          0x08000202   Section        4  libinit2.o(.ARM.Collect$$libinit$$00000001)
    .ARM.Collect$$libinit$$00000004          0x08000206   Section        0  libinit2.o(.ARM.Collect$$libinit$$00000004)
    .ARM.Collect$$libinit$$00000005          0x08000206   Section        8  libinit2.o(.ARM.Collect$$libinit$$00000005)
    .ARM.Collect$$libinit$$0000000A          0x0800020e   Section        0  libinit2.o(.ARM.Collect$$libinit$$0000000A)
    .ARM.Collect$$libinit$$0000000C          0x0800020e   Section        0  libinit2.o(.ARM.Collect$$libinit$$0000000C)
    .ARM.Collect$$libinit$$0000000E          0x0800020e   Section        0  libinit2.o(.ARM.Collect$$libinit$$0000000E)
    .ARM.Collect$$libinit$$00000011          0x0800020e   Section        0  libinit2.o(.ARM.Collect$$libinit$$00000011)
    .ARM.Collect$$libinit$$00000013          0x0800020e   Section        0  libinit2.o(.ARM.Collect$$libinit$$00000013)
    .ARM.Collect$$libinit$$00000015          0x0800020e   Section        0  libinit2.o(.ARM.Collect$$libinit$$00000015)
    .ARM.Collect$$libinit$$00000017          0x0800020e   Section        0  libinit2.o(.ARM.Collect$$libinit$$00000017)
    .ARM.Collect$$libinit$$00000019          0x0800020e   Section        0  libinit2.o(.ARM.Collect$$libinit$$00000019)
    .ARM.Collect$$libinit$$0000001B          0x0800020e   Section        0  libinit2.o(.ARM.Collect$$libinit$$0000001B)
    .ARM.Collect$$libinit$$0000001D          0x0800020e   Section        0  libinit2.o(.ARM.Collect$$libinit$$0000001D)
    .ARM.Collect$$libinit$$0000001F          0x0800020e   Section        0  libinit2.o(.ARM.Collect$$libinit$$0000001F)
    .ARM.Collect$$libinit$$00000021          0x0800020e   Section        0  libinit2.o(.ARM.Collect$$libinit$$00000021)
    .ARM.Collect$$libinit$$00000023          0x0800020e   Section        0  libinit2.o(.ARM.Collect$$libinit$$00000023)
    .ARM.Collect$$libinit$$00000024          0x0800020e   Section        4  libinit2.o(.ARM.Collect$$libinit$$00000024)
    .ARM.Collect$$libinit$$00000025          0x08000212   Section        0  libinit2.o(.ARM.Collect$$libinit$$00000025)
    .ARM.Collect$$libinit$$0000002C          0x08000212   Section        0  libinit2.o(.ARM.Collect$$libinit$$0000002C)
    .ARM.Collect$$libinit$$0000002E          0x08000212   Section        0  libinit2.o(.ARM.Collect$$libinit$$0000002E)
    .ARM.Collect$$libinit$$00000030          0x08000212   Section        0  libinit2.o(.ARM.Collect$$libinit$$00000030)
    .ARM.Collect$$libinit$$00000032          0x08000212   Section        0  libinit2.o(.ARM.Collect$$libinit$$00000032)
    .ARM.Collect$$libinit$$00000033          0x08000212   Section        2  libinit2.o(.ARM.Collect$$libinit$$00000033)
    .ARM.Collect$$libshutdown$$00000000      0x08000214   Section        2  libshutdown.o(.ARM.Collect$$libshutdown$$00000000)
    .ARM.Collect$$libshutdown$$00000002      0x08000216   Section        0  libshutdown2.o(.ARM.Collect$$libshutdown$$00000002)
    .ARM.Collect$$libshutdown$$00000003      0x08000216   Section        4  libshutdown2.o(.ARM.Collect$$libshutdown$$00000003)
    .ARM.Collect$$libshutdown$$00000004      0x0800021a   Section        0  libshutdown2.o(.ARM.Collect$$libshutdown$$00000004)
    .ARM.Collect$$libshutdown$$00000007      0x0800021a   Section        0  libshutdown2.o(.ARM.Collect$$libshutdown$$00000007)
    .ARM.Collect$$libshutdown$$0000000A      0x0800021a   Section        0  libshutdown2.o(.ARM.Collect$$libshutdown$$0000000A)
    .ARM.Collect$$libshutdown$$0000000C      0x0800021a   Section        0  libshutdown2.o(.ARM.Collect$$libshutdown$$0000000C)
    .ARM.Collect$$libshutdown$$0000000F      0x0800021a   Section        0  libshutdown2.o(.ARM.Collect$$libshutdown$$0000000F)
    .ARM.Collect$$libshutdown$$00000010      0x0800021a   Section        2  libshutdown2.o(.ARM.Collect$$libshutdown$$00000010)
    .ARM.Collect$$rtentry$$00000000          0x0800021c   Section        0  __rtentry.o(.ARM.Collect$$rtentry$$00000000)
    .ARM.Collect$$rtentry$$00000002          0x0800021c   Section        0  __rtentry2.o(.ARM.Collect$$rtentry$$00000002)
    .ARM.Collect$$rtentry$$00000004          0x0800021c   Section        6  __rtentry4.o(.ARM.Collect$$rtentry$$00000004)
    .ARM.Collect$$rtentry$$00000009          0x08000222   Section        0  __rtentry2.o(.ARM.Collect$$rtentry$$00000009)
    .ARM.Collect$$rtentry$$0000000A          0x08000222   Section        4  __rtentry2.o(.ARM.Collect$$rtentry$$0000000A)
    .ARM.Collect$$rtentry$$0000000C          0x08000226   Section        0  __rtentry2.o(.ARM.Collect$$rtentry$$0000000C)
    .ARM.Collect$$rtentry$$0000000D          0x08000226   Section        8  __rtentry2.o(.ARM.Collect$$rtentry$$0000000D)
    .ARM.Collect$$rtexit$$00000000           0x0800022e   Section        2  rtexit.o(.ARM.Collect$$rtexit$$00000000)
    .ARM.Collect$$rtexit$$00000002           0x08000230   Section        0  rtexit2.o(.ARM.Collect$$rtexit$$00000002)
    .ARM.Collect$$rtexit$$00000003           0x08000230   Section        4  rtexit2.o(.ARM.Collect$$rtexit$$00000003)
    .ARM.Collect$$rtexit$$00000004           0x08000234   Section        6  rtexit2.o(.ARM.Collect$$rtexit$$00000004)
    .emb_text                                0x0800023c   Section        0  maybetermalloc1.o(.emb_text)
    .text                                    0x0800023c   Section       64  startup_stm32f407xx.o(.text)
    $v0                                      0x0800023c   Number         0  startup_stm32f407xx.o(.text)
    .text                                    0x0800027c   Section        0  h1_alloc.o(.text)
    .text                                    0x080002da   Section        0  h1_free.o(.text)
    .text                                    0x08000328   Section        0  noretval__2printf.o(.text)
    .text                                    0x08000340   Section        0  __printf_flags_ss_wp.o(.text)
    .text                                    0x080004c8   Section        0  strlen.o(.text)
    .text                                    0x08000506   Section      100  rt_memcpy_w.o(.text)
    .text                                    0x0800056a   Section       78  rt_memclr_w.o(.text)
    .text                                    0x080005b8   Section        0  heapauxi.o(.text)
    .text                                    0x080005c0   Section        8  rt_heap_descriptor_intlibspace.o(.text)
    .text                                    0x080005c8   Section        8  rt_errno_addr_intlibspace.o(.text)
    .text                                    0x080005d0   Section        0  hguard.o(.text)
    .text                                    0x080005d4   Section        0  init_alloc.o(.text)
    .text                                    0x0800065e   Section        0  h1_init.o(.text)
    .text                                    0x0800066c   Section        0  _printf_char_common.o(.text)
    _printf_input_char                       0x0800066d   Thumb Code    10  _printf_char_common.o(.text)
    .text                                    0x0800069c   Section        0  _printf_char_file.o(.text)
    .text                                    0x080006c0   Section        0  initio.o(.text)
    .text                                    0x080007f8   Section        0  sys_io.o(.text)
    .text                                    0x08000860   Section        8  libspace.o(.text)
    .text                                    0x08000868   Section        0  h1_extend.o(.text)
    .text                                    0x0800089c   Section        0  ferror.o(.text)
    .text                                    0x080008a4   Section        0  flsbuf.o(.text)
    .text                                    0x08000a7a   Section        0  setvbuf.o(.text)
    .text                                    0x08000ac0   Section        0  fopen.o(.text)
    _freopen_locked                          0x08000ac1   Thumb Code     0  fopen.o(.text)
    .text                                    0x08000bac   Section        0  fclose.o(.text)
    .text                                    0x08000bf8   Section        0  defsig_rtred_outer.o(.text)
    .text                                    0x08000c06   Section        0  defsig_rtmem_outer.o(.text)
    .text                                    0x08000c14   Section        2  use_no_semi.o(.text)
    .text                                    0x08000c16   Section        0  indicate_semi.o(.text)
    .text                                    0x08000c16   Section       74  sys_stackheap_outer.o(.text)
    .text                                    0x08000c60   Section        0  fseek.o(.text)
    .text                                    0x08000d58   Section        0  stdio.o(.text)
    .text                                    0x08000e48   Section        0  exit.o(.text)
    .text                                    0x08000e5a   Section        0  defsig_exit.o(.text)
    .text                                    0x08000e64   Section        0  defsig_rtred_inner.o(.text)
    .text                                    0x08000e98   Section        0  defsig_rtmem_inner.o(.text)
    .text                                    0x08000ee8   Section        0  sys_exit.o(.text)
    .text                                    0x08000ef4   Section        0  ftell.o(.text)
    .text                                    0x08000f36   Section        0  defsig_general.o(.text)
    .text                                    0x08000f68   Section        0  sys_wrch.o(.text)
    i.BusFault_Handler                       0x08000f76   Section        0  stm32f4xx_it.o(i.BusFault_Handler)
    i.DebugMon_Handler                       0x08000f7a   Section        0  stm32f4xx_it.o(i.DebugMon_Handler)
    i.Error_Handler                          0x08000f7c   Section        0  main_1.o(i.Error_Handler)
    i.HAL_Delay                              0x08000f9c   Section        0  stm32f4xx_hal.o(i.HAL_Delay)
    i.HAL_GPIO_Init                          0x08000fb8   Section        0  stm32f4xx_hal_gpio.o(i.HAL_GPIO_Init)
    i.HAL_GPIO_WritePin                      0x080011c4   Section        0  stm32f4xx_hal_gpio.o(i.HAL_GPIO_WritePin)
    i.HAL_GetTick                            0x080011d0   Section        0  stm32f4xx_hal.o(i.HAL_GetTick)
    i.HAL_IncTick                            0x080011dc   Section        0  stm32f4xx_hal.o(i.HAL_IncTick)
    i.HAL_Init                               0x080011ec   Section        0  stm32f4xx_hal.o(i.HAL_Init)
    i.HAL_InitTick                           0x08001228   Section        0  stm32f4xx_hal.o(i.HAL_InitTick)
    i.HAL_MspInit                            0x08001250   Section        0  stm32f4xx_hal_msp.o(i.HAL_MspInit)
    i.HAL_NVIC_SetPriority                   0x080012a6   Section        0  stm32f4xx_hal_cortex.o(i.HAL_NVIC_SetPriority)
    i.HAL_NVIC_SetPriorityGrouping           0x08001324   Section        0  stm32f4xx_hal_cortex.o(i.HAL_NVIC_SetPriorityGrouping)
    i.HAL_PCD_Init                           0x0800134c   Section        0  stm32f4xx_hal_pcd.o(i.HAL_PCD_Init)
    i.HAL_PCD_MspInit                        0x08001490   Section        0  stm32f4xx_hal_msp.o(i.HAL_PCD_MspInit)
    i.HAL_RCC_ClockConfig                    0x080014fc   Section        0  stm32f4xx_hal_rcc.o(i.HAL_RCC_ClockConfig)
    i.HAL_RCC_GetHCLKFreq                    0x080016cc   Section        0  stm32f4xx_hal_rcc.o(i.HAL_RCC_GetHCLKFreq)
    i.HAL_RCC_GetPCLK1Freq                   0x080016d8   Section        0  stm32f4xx_hal_rcc.o(i.HAL_RCC_GetPCLK1Freq)
    i.HAL_RCC_GetPCLK2Freq                   0x08001704   Section        0  stm32f4xx_hal_rcc.o(i.HAL_RCC_GetPCLK2Freq)
    i.HAL_RCC_GetSysClockFreq                0x08001730   Section        0  stm32f4xx_hal_rcc.o(i.HAL_RCC_GetSysClockFreq)
    i.HAL_RCC_OscConfig                      0x080017e4   Section        0  stm32f4xx_hal_rcc.o(i.HAL_RCC_OscConfig)
    i.HAL_SD_Get_CardInfo                    0x08001b80   Section        0  stm32f4xx_hal_sd.o(i.HAL_SD_Get_CardInfo)
    i.HAL_SD_Init                            0x08001e6e   Section        0  stm32f4xx_hal_sd.o(i.HAL_SD_Init)
    i.HAL_SD_MspInit                         0x08001f0c   Section        0  stm32f4xx_hal_msp.o(i.HAL_SD_MspInit)
    i.HAL_SD_WideBusOperation_Config         0x08001f88   Section        0  stm32f4xx_hal_sd.o(i.HAL_SD_WideBusOperation_Config)
    i.HAL_SPI_Init                           0x08002006   Section        0  stm32f4xx_hal_spi.o(i.HAL_SPI_Init)
    i.HAL_SPI_MspInit                        0x08002094   Section        0  stm32f4xx_hal_msp.o(i.HAL_SPI_MspInit)
    i.HAL_SYSTICK_CLKSourceConfig            0x080020f0   Section        0  stm32f4xx_hal_cortex.o(i.HAL_SYSTICK_CLKSourceConfig)
    i.HAL_SYSTICK_Callback                   0x08002118   Section        0  stm32f4xx_hal_cortex.o(i.HAL_SYSTICK_Callback)
    i.HAL_SYSTICK_Config                     0x0800211a   Section        0  stm32f4xx_hal_cortex.o(i.HAL_SYSTICK_Config)
    i.HAL_SYSTICK_IRQHandler                 0x0800214e   Section        0  stm32f4xx_hal_cortex.o(i.HAL_SYSTICK_IRQHandler)
    i.HAL_UART_Init                          0x08002156   Section        0  stm32f4xx_hal_uart.o(i.HAL_UART_Init)
    i.HAL_UART_MspInit                       0x080021c8   Section        0  stm32f4xx_hal_msp.o(i.HAL_UART_MspInit)
    i.HardFault_Handler                      0x08002224   Section        0  stm32f4xx_it.o(i.HardFault_Handler)
    i.MX_GPIO_Init                           0x08002228   Section        0  main_1.o(i.MX_GPIO_Init)
    MX_GPIO_Init                             0x08002229   Thumb Code   358  main_1.o(i.MX_GPIO_Init)
    i.MX_SDIO_SD_Init                        0x080023a4   Section        0  main_1.o(i.MX_SDIO_SD_Init)
    MX_SDIO_SD_Init                          0x080023a5   Thumb Code    50  main_1.o(i.MX_SDIO_SD_Init)
    i.MX_SPI2_Init                           0x080023e4   Section        0  main_1.o(i.MX_SPI2_Init)
    MX_SPI2_Init                             0x080023e5   Thumb Code    58  main_1.o(i.MX_SPI2_Init)
    i.MX_USART1_UART_Init                    0x08002428   Section        0  main_1.o(i.MX_USART1_UART_Init)
    MX_USART1_UART_Init                      0x08002429   Thumb Code    46  main_1.o(i.MX_USART1_UART_Init)
    i.MX_USB_OTG_FS_PCD_Init                 0x08002460   Section        0  main_1.o(i.MX_USB_OTG_FS_PCD_Init)
    MX_USB_OTG_FS_PCD_Init                   0x08002461   Thumb Code    58  main_1.o(i.MX_USB_OTG_FS_PCD_Init)
    i.MemManage_Handler                      0x080024a0   Section        0  stm32f4xx_it.o(i.MemManage_Handler)
    i.NMI_Handler                            0x080024a4   Section        0  stm32f4xx_it.o(i.NMI_Handler)
    i.PendSV_Handler                         0x080024a6   Section        0  stm32f4xx_it.o(i.PendSV_Handler)
    i.SDIO_DataConfig                        0x080024a8   Section        0  stm32f4xx_ll_sdmmc.o(i.SDIO_DataConfig)
    i.SDIO_GetCommandResponse                0x080024d4   Section        0  stm32f4xx_ll_sdmmc.o(i.SDIO_GetCommandResponse)
    i.SDIO_GetPowerState                     0x080024dc   Section        0  stm32f4xx_ll_sdmmc.o(i.SDIO_GetPowerState)
    i.SDIO_GetResponse                       0x080024e8   Section        0  stm32f4xx_ll_sdmmc.o(i.SDIO_GetResponse)
    i.SDIO_Init                              0x08002500   Section        0  stm32f4xx_ll_sdmmc.o(i.SDIO_Init)
    i.SDIO_PowerState_ON                     0x08002534   Section        0  stm32f4xx_ll_sdmmc.o(i.SDIO_PowerState_ON)
    i.SDIO_ReadFIFO                          0x0800253e   Section        0  stm32f4xx_ll_sdmmc.o(i.SDIO_ReadFIFO)
    i.SDIO_SendCommand                       0x08002546   Section        0  stm32f4xx_ll_sdmmc.o(i.SDIO_SendCommand)
    i.SD_CmdError                            0x0800256e   Section        0  stm32f4xx_hal_sd.o(i.SD_CmdError)
    SD_CmdError                              0x0800256f   Thumb Code    54  stm32f4xx_hal_sd.o(i.SD_CmdError)
    i.SD_CmdResp1Error                       0x080025a4   Section        0  stm32f4xx_hal_sd.o(i.SD_CmdResp1Error)
    SD_CmdResp1Error                         0x080025a5   Thumb Code   380  stm32f4xx_hal_sd.o(i.SD_CmdResp1Error)
    i.SD_CmdResp2Error                       0x08002724   Section        0  stm32f4xx_hal_sd.o(i.SD_CmdResp2Error)
    SD_CmdResp2Error                         0x08002725   Thumb Code    70  stm32f4xx_hal_sd.o(i.SD_CmdResp2Error)
    i.SD_CmdResp3Error                       0x0800276a   Section        0  stm32f4xx_hal_sd.o(i.SD_CmdResp3Error)
    SD_CmdResp3Error                         0x0800276b   Thumb Code    50  stm32f4xx_hal_sd.o(i.SD_CmdResp3Error)
    i.SD_CmdResp6Error                       0x0800279c   Section        0  stm32f4xx_hal_sd.o(i.SD_CmdResp6Error)
    SD_CmdResp6Error                         0x0800279d   Thumb Code   172  stm32f4xx_hal_sd.o(i.SD_CmdResp6Error)
    i.SD_CmdResp7Error                       0x08002848   Section        0  stm32f4xx_hal_sd.o(i.SD_CmdResp7Error)
    SD_CmdResp7Error                         0x08002849   Thumb Code   102  stm32f4xx_hal_sd.o(i.SD_CmdResp7Error)
    i.SD_FindSCR                             0x080028ae   Section        0  stm32f4xx_hal_sd.o(i.SD_FindSCR)
    SD_FindSCR                               0x080028af   Thumb Code   370  stm32f4xx_hal_sd.o(i.SD_FindSCR)
    i.SD_Initialize_Cards                    0x08002a20   Section        0  stm32f4xx_hal_sd.o(i.SD_Initialize_Cards)
    SD_Initialize_Cards                      0x08002a21   Thumb Code   250  stm32f4xx_hal_sd.o(i.SD_Initialize_Cards)
    i.SD_PowerON                             0x08002b1c   Section        0  stm32f4xx_hal_sd.o(i.SD_PowerON)
    SD_PowerON                               0x08002b1d   Thumb Code   348  stm32f4xx_hal_sd.o(i.SD_PowerON)
    i.SD_Select_Deselect                     0x08002c80   Section        0  stm32f4xx_hal_sd.o(i.SD_Select_Deselect)
    SD_Select_Deselect                       0x08002c81   Thumb Code    56  stm32f4xx_hal_sd.o(i.SD_Select_Deselect)
    i.SD_WideBus_Disable                     0x08002cb8   Section        0  stm32f4xx_hal_sd.o(i.SD_WideBus_Disable)
    SD_WideBus_Disable                       0x08002cb9   Thumb Code   150  stm32f4xx_hal_sd.o(i.SD_WideBus_Disable)
    i.SD_WideBus_Enable                      0x08002d4e   Section        0  stm32f4xx_hal_sd.o(i.SD_WideBus_Enable)
    SD_WideBus_Enable                        0x08002d4f   Thumb Code   150  stm32f4xx_hal_sd.o(i.SD_WideBus_Enable)
    i.SVC_Handler                            0x08002de4   Section        0  stm32f4xx_it.o(i.SVC_Handler)
    i.SysTick_Handler                        0x08002de6   Section        0  stm32f4xx_it.o(i.SysTick_Handler)
    i.SystemClock_Config                     0x08002df4   Section        0  main_1.o(i.SystemClock_Config)
    i.SystemInit                             0x08002eb8   Section        0  system_stm32f4xx.o(i.SystemInit)
    i.UART_SetConfig                         0x08002f1c   Section        0  stm32f4xx_hal_uart.o(i.UART_SetConfig)
    UART_SetConfig                           0x08002f1d   Thumb Code   864  stm32f4xx_hal_uart.o(i.UART_SetConfig)
    i.USB_CoreInit                           0x08003284   Section        0  stm32f4xx_ll_usb.o(i.USB_CoreInit)
    i.USB_CoreReset                          0x080032ec   Section        0  stm32f4xx_ll_usb.o(i.USB_CoreReset)
    USB_CoreReset                            0x080032ed   Thumb Code    70  stm32f4xx_ll_usb.o(i.USB_CoreReset)
    i.USB_DevDisconnect                      0x08003338   Section        0  stm32f4xx_ll_usb.o(i.USB_DevDisconnect)
    i.USB_DevInit                            0x08003358   Section        0  stm32f4xx_ll_usb.o(i.USB_DevInit)
    i.USB_DisableGlobalInt                   0x080034f4   Section        0  stm32f4xx_ll_usb.o(i.USB_DisableGlobalInt)
    i.USB_FlushRxFifo                        0x08003504   Section        0  stm32f4xx_ll_usb.o(i.USB_FlushRxFifo)
    i.USB_FlushTxFifo                        0x08003530   Section        0  stm32f4xx_ll_usb.o(i.USB_FlushTxFifo)
    i.USB_SetCurrentMode                     0x08003560   Section        0  stm32f4xx_ll_usb.o(i.USB_SetCurrentMode)
    i.USB_SetDevSpeed                        0x08003590   Section        0  stm32f4xx_ll_usb.o(i.USB_SetDevSpeed)
    i.UsageFault_Handler                     0x080035a0   Section        0  stm32f4xx_it.o(i.UsageFault_Handler)
    i.__NVIC_GetPriorityGrouping             0x080035a4   Section        0  stm32f4xx_hal_cortex.o(i.__NVIC_GetPriorityGrouping)
    __NVIC_GetPriorityGrouping               0x080035a5   Thumb Code    10  stm32f4xx_hal_cortex.o(i.__NVIC_GetPriorityGrouping)
    i.__NVIC_SetPriority                     0x080035b4   Section        0  stm32f4xx_hal_cortex.o(i.__NVIC_SetPriority)
    __NVIC_SetPriority                       0x080035b5   Thumb Code    32  stm32f4xx_hal_cortex.o(i.__NVIC_SetPriority)
    i._is_digit                              0x080035dc   Section        0  __printf_wp.o(i._is_digit)
    i.fputc                                  0x080035ea   Section        0  fputc.o(i.fputc)
    i.main                                   0x08003604   Section        0  main_1.o(i.main)
    x$fpl$fpinit                             0x08003626   Section       10  fpinit.o(x$fpl$fpinit)
    $v0                                      0x08003626   Number         0  fpinit.o(x$fpl$fpinit)
    .constdata                               0x08003630   Section       16  stm32f4xx_hal_rcc.o(.constdata)
    .constdata                               0x08003640   Section       17  __printf_flags_ss_wp.o(.constdata)
    maptable                                 0x08003640   Data          17  __printf_flags_ss_wp.o(.constdata)
    .constdata                               0x08003651   Section        4  sys_io.o(.constdata)
    .constdata                               0x08003655   Section        4  sys_io.o(.constdata)
    .constdata                               0x08003659   Section        4  sys_io.o(.constdata)
    .data                                    0x20000000   Section        4  system_stm32f4xx.o(.data)
    .data                                    0x20000004   Section        4  stm32f4xx_hal.o(.data)
    .data                                    0x20000008   Section        4  stdio_streams.o(.data)
    .data                                    0x2000000c   Section        4  stdio_streams.o(.data)
    .data                                    0x20000010   Section        4  stdio_streams.o(.data)
    .bss                                     0x20000018   Section     1288  main_1.o(.bss)
    .bss                                     0x20000520   Section       84  stdio_streams.o(.bss)
    .bss                                     0x20000574   Section       84  stdio_streams.o(.bss)
    .bss                                     0x200005c8   Section       84  stdio_streams.o(.bss)
    .bss                                     0x2000061c   Section       96  libspace.o(.bss)
    HEAP                                     0x20000680   Section      512  startup_stm32f407xx.o(HEAP)
    Heap_Mem                                 0x20000680   Data         512  startup_stm32f407xx.o(HEAP)
    STACK                                    0x20000880   Section     1024  startup_stm32f407xx.o(STACK)
    Stack_Mem                                0x20000880   Data        1024  startup_stm32f407xx.o(STACK)
    __initial_sp                             0x20000c80   Data           0  startup_stm32f407xx.o(STACK)

    Global Symbols

    Symbol Name                              Value     Ov Type        Size  Object(Section)

    BuildAttributes$$THM_ISAv4$E$P$D$K$B$S$7EM$VFPi3$EXTD16$VFPS$VFMA$PE$A:L22UL41UL21$X:L11$S22US41US21$IEEE1$IW$USESV6$~STKCKD$USESV7$~SHL$OTIME$ROPI$EBA8$UX$STANDARDLIB$REQ8$PRES8$EABIv2 0x00000000   Number         0  anon$$obj.o ABSOLUTE
    __ARM_use_no_argv                        0x00000000   Number         0  main_1.o ABSOLUTE
    _printf_flags                            0x00000000   Number         0  printf_stubs.o ABSOLUTE
    _printf_return_value                     0x00000000   Number         0  printf_stubs.o ABSOLUTE
    _printf_sizespec                         0x00000000   Number         0  printf_stubs.o ABSOLUTE
    _printf_widthprec                        0x00000000   Number         0  printf_stubs.o ABSOLUTE
    __ARM_exceptions_init                     - Undefined Weak Reference
    __alloca_initialize                       - Undefined Weak Reference
    __arm_preinit_                            - Undefined Weak Reference
    __cpp_initialize__aeabi_                  - Undefined Weak Reference
    __cxa_finalize                            - Undefined Weak Reference
    __sigvec_lookup                           - Undefined Weak Reference
    __user_heap_extent                        - Undefined Weak Reference
    _atexit_init                              - Undefined Weak Reference
    _call_atexit_fns                          - Undefined Weak Reference
    _clock_init                               - Undefined Weak Reference
    _fp_trap_init                             - Undefined Weak Reference
    _fp_trap_shutdown                         - Undefined Weak Reference
    _get_lc_collate                           - Undefined Weak Reference
    _get_lc_monetary                          - Undefined Weak Reference
    _get_lc_numeric                           - Undefined Weak Reference
    _get_lc_time                              - Undefined Weak Reference
    _getenv_init                              - Undefined Weak Reference
    _handle_redirection                       - Undefined Weak Reference
    _mutex_acquire                            - Undefined Weak Reference
    _mutex_free                               - Undefined Weak Reference
    _mutex_release                            - Undefined Weak Reference
    _printf_mbtowc                            - Undefined Weak Reference
    _printf_truncate_signed                   - Undefined Weak Reference
    _printf_truncate_unsigned                 - Undefined Weak Reference
    _rand_init                                - Undefined Weak Reference
    _signal_finish                            - Undefined Weak Reference
    _signal_init                              - Undefined Weak Reference
    __Vectors_Size                           0x00000188   Number         0  startup_stm32f407xx.o ABSOLUTE
    __Vectors                                0x08000000   Data           4  startup_stm32f407xx.o(RESET)
    __Vectors_End                            0x08000188   Data           0  startup_stm32f407xx.o(RESET)
    __main                                   0x08000189   Thumb Code     8  __main.o(!!!main)
    __scatterload                            0x08000191   Thumb Code     0  __scatter.o(!!!scatter)
    __scatterload_rt2                        0x08000191   Thumb Code    44  __scatter.o(!!!scatter)
    __scatterload_rt2_thumb_only             0x08000191   Thumb Code     0  __scatter.o(!!!scatter)
    __scatterload_null                       0x0800019f   Thumb Code     0  __scatter.o(!!!scatter)
    __scatterload_copy                       0x080001c5   Thumb Code    26  __scatter_copy.o(!!handler_copy)
    __scatterload_zeroinit                   0x080001e1   Thumb Code    28  __scatter_zi.o(!!handler_zi)
    _printf_percent                          0x080001fd   Thumb Code     0  _printf_percent.o(.ARM.Collect$$_printf_percent$$00000000)
    _printf_percent_end                      0x080001fd   Thumb Code     0  _printf_percent_end.o(.ARM.Collect$$_printf_percent$$00000017)
    __rt_lib_init                            0x08000201   Thumb Code     0  libinit.o(.ARM.Collect$$libinit$$00000000)
    __rt_lib_init_fp_1                       0x08000203   Thumb Code     0  libinit2.o(.ARM.Collect$$libinit$$00000001)
    __rt_lib_init_heap_2                     0x08000207   Thumb Code     0  libinit2.o(.ARM.Collect$$libinit$$00000005)
    __rt_lib_init_preinit_1                  0x08000207   Thumb Code     0  libinit2.o(.ARM.Collect$$libinit$$00000004)
    __rt_lib_init_atexit_1                   0x0800020f   Thumb Code     0  libinit2.o(.ARM.Collect$$libinit$$0000001B)
    __rt_lib_init_clock_1                    0x0800020f   Thumb Code     0  libinit2.o(.ARM.Collect$$libinit$$00000021)
    __rt_lib_init_fp_trap_1                  0x0800020f   Thumb Code     0  libinit2.o(.ARM.Collect$$libinit$$0000001F)
    __rt_lib_init_getenv_1                   0x0800020f   Thumb Code     0  libinit2.o(.ARM.Collect$$libinit$$00000023)
    __rt_lib_init_heap_1                     0x0800020f   Thumb Code     0  libinit2.o(.ARM.Collect$$libinit$$0000000A)
    __rt_lib_init_lc_collate_1               0x0800020f   Thumb Code     0  libinit2.o(.ARM.Collect$$libinit$$00000011)
    __rt_lib_init_lc_ctype_1                 0x0800020f   Thumb Code     0  libinit2.o(.ARM.Collect$$libinit$$00000013)
    __rt_lib_init_lc_monetary_1              0x0800020f   Thumb Code     0  libinit2.o(.ARM.Collect$$libinit$$00000015)
    __rt_lib_init_lc_numeric_1               0x0800020f   Thumb Code     0  libinit2.o(.ARM.Collect$$libinit$$00000017)
    __rt_lib_init_lc_time_1                  0x0800020f   Thumb Code     0  libinit2.o(.ARM.Collect$$libinit$$00000019)
    __rt_lib_init_rand_1                     0x0800020f   Thumb Code     0  libinit2.o(.ARM.Collect$$libinit$$0000000E)
    __rt_lib_init_signal_1                   0x0800020f   Thumb Code     0  libinit2.o(.ARM.Collect$$libinit$$0000001D)
    __rt_lib_init_stdio_2                    0x0800020f   Thumb Code     0  libinit2.o(.ARM.Collect$$libinit$$00000024)
    __rt_lib_init_user_alloc_1               0x0800020f   Thumb Code     0  libinit2.o(.ARM.Collect$$libinit$$0000000C)
    __rt_lib_init_alloca_1                   0x08000213   Thumb Code     0  libinit2.o(.ARM.Collect$$libinit$$0000002E)
    __rt_lib_init_argv_1                     0x08000213   Thumb Code     0  libinit2.o(.ARM.Collect$$libinit$$0000002C)
    __rt_lib_init_cpp_1                      0x08000213   Thumb Code     0  libinit2.o(.ARM.Collect$$libinit$$00000032)
    __rt_lib_init_exceptions_1               0x08000213   Thumb Code     0  libinit2.o(.ARM.Collect$$libinit$$00000030)
    __rt_lib_init_return                     0x08000213   Thumb Code     0  libinit2.o(.ARM.Collect$$libinit$$00000033)
    __rt_lib_init_stdio_1                    0x08000213   Thumb Code     0  libinit2.o(.ARM.Collect$$libinit$$00000025)
    __rt_lib_shutdown                        0x08000215   Thumb Code     0  libshutdown.o(.ARM.Collect$$libshutdown$$00000000)
    __rt_lib_shutdown_cpp_1                  0x08000217   Thumb Code     0  libshutdown2.o(.ARM.Collect$$libshutdown$$00000002)
    __rt_lib_shutdown_stdio_2                0x08000217   Thumb Code     0  libshutdown2.o(.ARM.Collect$$libshutdown$$00000003)
    __rt_lib_shutdown_fp_trap_1              0x0800021b   Thumb Code     0  libshutdown2.o(.ARM.Collect$$libshutdown$$00000007)
    __rt_lib_shutdown_heap_1                 0x0800021b   Thumb Code     0  libshutdown2.o(.ARM.Collect$$libshutdown$$0000000F)
    __rt_lib_shutdown_return                 0x0800021b   Thumb Code     0  libshutdown2.o(.ARM.Collect$$libshutdown$$00000010)
    __rt_lib_shutdown_signal_1               0x0800021b   Thumb Code     0  libshutdown2.o(.ARM.Collect$$libshutdown$$0000000A)
    __rt_lib_shutdown_stdio_1                0x0800021b   Thumb Code     0  libshutdown2.o(.ARM.Collect$$libshutdown$$00000004)
    __rt_lib_shutdown_user_alloc_1           0x0800021b   Thumb Code     0  libshutdown2.o(.ARM.Collect$$libshutdown$$0000000C)
    __rt_entry                               0x0800021d   Thumb Code     0  __rtentry.o(.ARM.Collect$$rtentry$$00000000)
    __rt_entry_presh_1                       0x0800021d   Thumb Code     0  __rtentry2.o(.ARM.Collect$$rtentry$$00000002)
    __rt_entry_sh                            0x0800021d   Thumb Code     0  __rtentry4.o(.ARM.Collect$$rtentry$$00000004)
    __rt_entry_li                            0x08000223   Thumb Code     0  __rtentry2.o(.ARM.Collect$$rtentry$$0000000A)
    __rt_entry_postsh_1                      0x08000223   Thumb Code     0  __rtentry2.o(.ARM.Collect$$rtentry$$00000009)
    __rt_entry_main                          0x08000227   Thumb Code     0  __rtentry2.o(.ARM.Collect$$rtentry$$0000000D)
    __rt_entry_postli_1                      0x08000227   Thumb Code     0  __rtentry2.o(.ARM.Collect$$rtentry$$0000000C)
    __rt_exit                                0x0800022f   Thumb Code     0  rtexit.o(.ARM.Collect$$rtexit$$00000000)
    __rt_exit_ls                             0x08000231   Thumb Code     0  rtexit2.o(.ARM.Collect$$rtexit$$00000003)
    __rt_exit_prels_1                        0x08000231   Thumb Code     0  rtexit2.o(.ARM.Collect$$rtexit$$00000002)
    __rt_exit_exit                           0x08000235   Thumb Code     0  rtexit2.o(.ARM.Collect$$rtexit$$00000004)
    Reset_Handler                            0x0800023d   Thumb Code     8  startup_stm32f407xx.o(.text)
    _maybe_terminate_alloc                   0x0800023d   Thumb Code     0  maybetermalloc1.o(.emb_text)
    ADC_IRQHandler                           0x08000257   Thumb Code     0  startup_stm32f407xx.o(.text)
    CAN1_RX0_IRQHandler                      0x08000257   Thumb Code     0  startup_stm32f407xx.o(.text)
    CAN1_RX1_IRQHandler                      0x08000257   Thumb Code     0  startup_stm32f407xx.o(.text)
    CAN1_SCE_IRQHandler                      0x08000257   Thumb Code     0  startup_stm32f407xx.o(.text)
    CAN1_TX_IRQHandler                       0x08000257   Thumb Code     0  startup_stm32f407xx.o(.text)
    CAN2_RX0_IRQHandler                      0x08000257   Thumb Code     0  startup_stm32f407xx.o(.text)
    CAN2_RX1_IRQHandler                      0x08000257   Thumb Code     0  startup_stm32f407xx.o(.text)
    CAN2_SCE_IRQHandler                      0x08000257   Thumb Code     0  startup_stm32f407xx.o(.text)
    CAN2_TX_IRQHandler                       0x08000257   Thumb Code     0  startup_stm32f407xx.o(.text)
    DCMI_IRQHandler                          0x08000257   Thumb Code     0  startup_stm32f407xx.o(.text)
    DMA1_Stream0_IRQHandler                  0x08000257   Thumb Code     0  startup_stm32f407xx.o(.text)
    DMA1_Stream1_IRQHandler                  0x08000257   Thumb Code     0  startup_stm32f407xx.o(.text)
    DMA1_Stream2_IRQHandler                  0x08000257   Thumb Code     0  startup_stm32f407xx.o(.text)
    DMA1_Stream3_IRQHandler                  0x08000257   Thumb Code     0  startup_stm32f407xx.o(.text)
    DMA1_Stream4_IRQHandler                  0x08000257   Thumb Code     0  startup_stm32f407xx.o(.text)
    DMA1_Stream5_IRQHandler                  0x08000257   Thumb Code     0  startup_stm32f407xx.o(.text)
    DMA1_Stream6_IRQHandler                  0x08000257   Thumb Code     0  startup_stm32f407xx.o(.text)
    DMA1_Stream7_IRQHandler                  0x08000257   Thumb Code     0  startup_stm32f407xx.o(.text)
    DMA2_Stream0_IRQHandler                  0x08000257   Thumb Code     0  startup_stm32f407xx.o(.text)
    DMA2_Stream1_IRQHandler                  0x08000257   Thumb Code     0  startup_stm32f407xx.o(.text)
    DMA2_Stream2_IRQHandler                  0x08000257   Thumb Code     0  startup_stm32f407xx.o(.text)
    DMA2_Stream3_IRQHandler                  0x08000257   Thumb Code     0  startup_stm32f407xx.o(.text)
    DMA2_Stream4_IRQHandler                  0x08000257   Thumb Code     0  startup_stm32f407xx.o(.text)
    DMA2_Stream5_IRQHandler                  0x08000257   Thumb Code     0  startup_stm32f407xx.o(.text)
    DMA2_Stream6_IRQHandler                  0x08000257   Thumb Code     0  startup_stm32f407xx.o(.text)
    DMA2_Stream7_IRQHandler                  0x08000257   Thumb Code     0  startup_stm32f407xx.o(.text)
    ETH_IRQHandler                           0x08000257   Thumb Code     0  startup_stm32f407xx.o(.text)
    ETH_WKUP_IRQHandler                      0x08000257   Thumb Code     0  startup_stm32f407xx.o(.text)
    EXTI0_IRQHandler                         0x08000257   Thumb Code     0  startup_stm32f407xx.o(.text)
    EXTI15_10_IRQHandler                     0x08000257   Thumb Code     0  startup_stm32f407xx.o(.text)
    EXTI1_IRQHandler                         0x08000257   Thumb Code     0  startup_stm32f407xx.o(.text)
    EXTI2_IRQHandler                         0x08000257   Thumb Code     0  startup_stm32f407xx.o(.text)
    EXTI3_IRQHandler                         0x08000257   Thumb Code     0  startup_stm32f407xx.o(.text)
    EXTI4_IRQHandler                         0x08000257   Thumb Code     0  startup_stm32f407xx.o(.text)
    EXTI9_5_IRQHandler                       0x08000257   Thumb Code     0  startup_stm32f407xx.o(.text)
    FLASH_IRQHandler                         0x08000257   Thumb Code     0  startup_stm32f407xx.o(.text)
    FMC_IRQHandler                           0x08000257   Thumb Code     0  startup_stm32f407xx.o(.text)
    FPU_IRQHandler                           0x08000257   Thumb Code     0  startup_stm32f407xx.o(.text)
    HASH_RNG_IRQHandler                      0x08000257   Thumb Code     0  startup_stm32f407xx.o(.text)
    I2C1_ER_IRQHandler                       0x08000257   Thumb Code     0  startup_stm32f407xx.o(.text)
    I2C1_EV_IRQHandler                       0x08000257   Thumb Code     0  startup_stm32f407xx.o(.text)
    I2C2_ER_IRQHandler                       0x08000257   Thumb Code     0  startup_stm32f407xx.o(.text)
    I2C2_EV_IRQHandler                       0x08000257   Thumb Code     0  startup_stm32f407xx.o(.text)
    I2C3_ER_IRQHandler                       0x08000257   Thumb Code     0  startup_stm32f407xx.o(.text)
    I2C3_EV_IRQHandler                       0x08000257   Thumb Code     0  startup_stm32f407xx.o(.text)
    OTG_FS_IRQHandler                        0x08000257   Thumb Code     0  startup_stm32f407xx.o(.text)
    OTG_FS_WKUP_IRQHandler                   0x08000257   Thumb Code     0  startup_stm32f407xx.o(.text)
    OTG_HS_EP1_IN_IRQHandler                 0x08000257   Thumb Code     0  startup_stm32f407xx.o(.text)
    OTG_HS_EP1_OUT_IRQHandler                0x08000257   Thumb Code     0  startup_stm32f407xx.o(.text)
    OTG_HS_IRQHandler                        0x08000257   Thumb Code     0  startup_stm32f407xx.o(.text)
    OTG_HS_WKUP_IRQHandler                   0x08000257   Thumb Code     0  startup_stm32f407xx.o(.text)
    PVD_IRQHandler                           0x08000257   Thumb Code     0  startup_stm32f407xx.o(.text)
    RCC_IRQHandler                           0x08000257   Thumb Code     0  startup_stm32f407xx.o(.text)
    RTC_Alarm_IRQHandler                     0x08000257   Thumb Code     0  startup_stm32f407xx.o(.text)
    RTC_WKUP_IRQHandler                      0x08000257   Thumb Code     0  startup_stm32f407xx.o(.text)
    SDIO_IRQHandler                          0x08000257   Thumb Code     0  startup_stm32f407xx.o(.text)
    SPI1_IRQHandler                          0x08000257   Thumb Code     0  startup_stm32f407xx.o(.text)
    SPI2_IRQHandler                          0x08000257   Thumb Code     0  startup_stm32f407xx.o(.text)
    SPI3_IRQHandler                          0x08000257   Thumb Code     0  startup_stm32f407xx.o(.text)
    TAMP_STAMP_IRQHandler                    0x08000257   Thumb Code     0  startup_stm32f407xx.o(.text)
    TIM1_BRK_TIM9_IRQHandler                 0x08000257   Thumb Code     0  startup_stm32f407xx.o(.text)
    TIM1_CC_IRQHandler                       0x08000257   Thumb Code     0  startup_stm32f407xx.o(.text)
    TIM1_TRG_COM_TIM11_IRQHandler            0x08000257   Thumb Code     0  startup_stm32f407xx.o(.text)
    TIM1_UP_TIM10_IRQHandler                 0x08000257   Thumb Code     0  startup_stm32f407xx.o(.text)
    TIM2_IRQHandler                          0x08000257   Thumb Code     0  startup_stm32f407xx.o(.text)
    TIM3_IRQHandler                          0x08000257   Thumb Code     0  startup_stm32f407xx.o(.text)
    TIM4_IRQHandler                          0x08000257   Thumb Code     0  startup_stm32f407xx.o(.text)
    TIM5_IRQHandler                          0x08000257   Thumb Code     0  startup_stm32f407xx.o(.text)
    TIM6_DAC_IRQHandler                      0x08000257   Thumb Code     0  startup_stm32f407xx.o(.text)
    TIM7_IRQHandler                          0x08000257   Thumb Code     0  startup_stm32f407xx.o(.text)
    TIM8_BRK_TIM12_IRQHandler                0x08000257   Thumb Code     0  startup_stm32f407xx.o(.text)
    TIM8_CC_IRQHandler                       0x08000257   Thumb Code     0  startup_stm32f407xx.o(.text)
    TIM8_TRG_COM_TIM14_IRQHandler            0x08000257   Thumb Code     0  startup_stm32f407xx.o(.text)
    TIM8_UP_TIM13_IRQHandler                 0x08000257   Thumb Code     0  startup_stm32f407xx.o(.text)
    UART4_IRQHandler                         0x08000257   Thumb Code     0  startup_stm32f407xx.o(.text)
    UART5_IRQHandler                         0x08000257   Thumb Code     0  startup_stm32f407xx.o(.text)
    USART1_IRQHandler                        0x08000257   Thumb Code     0  startup_stm32f407xx.o(.text)
    USART2_IRQHandler                        0x08000257   Thumb Code     0  startup_stm32f407xx.o(.text)
    USART3_IRQHandler                        0x08000257   Thumb Code     0  startup_stm32f407xx.o(.text)
    USART6_IRQHandler                        0x08000257   Thumb Code     0  startup_stm32f407xx.o(.text)
    WWDG_IRQHandler                          0x08000257   Thumb Code     0  startup_stm32f407xx.o(.text)
    __user_initial_stackheap                 0x08000259   Thumb Code     0  startup_stm32f407xx.o(.text)
    malloc                                   0x0800027d   Thumb Code    94  h1_alloc.o(.text)
    free                                     0x080002db   Thumb Code    78  h1_free.o(.text)
    __2printf                                0x08000329   Thumb Code    20  noretval__2printf.o(.text)
    __printf                                 0x08000341   Thumb Code   388  __printf_flags_ss_wp.o(.text)
    strlen                                   0x080004c9   Thumb Code    62  strlen.o(.text)
    __aeabi_memcpy4                          0x08000507   Thumb Code     0  rt_memcpy_w.o(.text)
    __aeabi_memcpy8                          0x08000507   Thumb Code     0  rt_memcpy_w.o(.text)
    __rt_memcpy_w                            0x08000507   Thumb Code   100  rt_memcpy_w.o(.text)
    _memcpy_lastbytes_aligned                0x0800054f   Thumb Code     0  rt_memcpy_w.o(.text)
    __aeabi_memclr4                          0x0800056b   Thumb Code     0  rt_memclr_w.o(.text)
    __aeabi_memclr8                          0x0800056b   Thumb Code     0  rt_memclr_w.o(.text)
    __rt_memclr_w                            0x0800056b   Thumb Code    78  rt_memclr_w.o(.text)
    _memset_w                                0x0800056f   Thumb Code     0  rt_memclr_w.o(.text)
    __use_two_region_memory                  0x080005b9   Thumb Code     2  heapauxi.o(.text)
    __rt_heap_escrow                         0x080005bb   Thumb Code     2  heapauxi.o(.text)
    __rt_heap_expand                         0x080005bd   Thumb Code     2  heapauxi.o(.text)
    __rt_heap_descriptor                     0x080005c1   Thumb Code     8  rt_heap_descriptor_intlibspace.o(.text)
    __aeabi_errno_addr                       0x080005c9   Thumb Code     8  rt_errno_addr_intlibspace.o(.text)
    __errno$intlibspace                      0x080005c9   Thumb Code     0  rt_errno_addr_intlibspace.o(.text)
    __rt_errno_addr$intlibspace              0x080005c9   Thumb Code     0  rt_errno_addr_intlibspace.o(.text)
    __use_no_heap                            0x080005d1   Thumb Code     2  hguard.o(.text)
    __heap$guard                             0x080005d3   Thumb Code     2  hguard.o(.text)
    _terminate_user_alloc                    0x080005d5   Thumb Code     2  init_alloc.o(.text)
    _init_user_alloc                         0x080005d7   Thumb Code     2  init_alloc.o(.text)
    __Heap_Full                              0x080005d9   Thumb Code    34  init_alloc.o(.text)
    __Heap_Broken                            0x080005fb   Thumb Code     6  init_alloc.o(.text)
    _init_alloc                              0x08000601   Thumb Code    94  init_alloc.o(.text)
    __Heap_Initialize                        0x0800065f   Thumb Code    10  h1_init.o(.text)
    __Heap_DescSize                          0x08000669   Thumb Code     4  h1_init.o(.text)
    _printf_char_common                      0x08000677   Thumb Code    32  _printf_char_common.o(.text)
    _printf_char_file                        0x0800069d   Thumb Code    32  _printf_char_file.o(.text)
    _initio                                  0x080006c1   Thumb Code   210  initio.o(.text)
    _terminateio                             0x08000793   Thumb Code    56  initio.o(.text)
    _sys_open                                0x080007f9   Thumb Code    20  sys_io.o(.text)
    _sys_close                               0x0800080d   Thumb Code    12  sys_io.o(.text)
    _sys_write                               0x08000819   Thumb Code    16  sys_io.o(.text)
    _sys_read                                0x08000829   Thumb Code    14  sys_io.o(.text)
    _sys_istty                               0x08000837   Thumb Code    12  sys_io.o(.text)
    _sys_seek                                0x08000843   Thumb Code    14  sys_io.o(.text)
    _sys_ensure                              0x08000851   Thumb Code     2  sys_io.o(.text)
    _sys_flen                                0x08000853   Thumb Code    12  sys_io.o(.text)
    __user_libspace                          0x08000861   Thumb Code     8  libspace.o(.text)
    __user_perproc_libspace                  0x08000861   Thumb Code     0  libspace.o(.text)
    __user_perthread_libspace                0x08000861   Thumb Code     0  libspace.o(.text)
    __Heap_ProvideMemory                     0x08000869   Thumb Code    52  h1_extend.o(.text)
    ferror                                   0x0800089d   Thumb Code     8  ferror.o(.text)
    __flsbuf                                 0x080008a5   Thumb Code   470  flsbuf.o(.text)
    __flsbuf_byte                            0x080008a5   Thumb Code     0  flsbuf.o(.text)
    __flsbuf_wide                            0x080008a5   Thumb Code     0  flsbuf.o(.text)
    setvbuf                                  0x08000a7b   Thumb Code    70  setvbuf.o(.text)
    freopen                                  0x08000ac1   Thumb Code   158  fopen.o(.text)
    fopen                                    0x08000b5f   Thumb Code    74  fopen.o(.text)
    _fclose_internal                         0x08000bad   Thumb Code    76  fclose.o(.text)
    fclose                                   0x08000bad   Thumb Code     0  fclose.o(.text)
    __rt_SIGRTRED                            0x08000bf9   Thumb Code    14  defsig_rtred_outer.o(.text)
    __rt_SIGRTMEM                            0x08000c07   Thumb Code    14  defsig_rtmem_outer.o(.text)
    __I$use$semihosting                      0x08000c15   Thumb Code     0  use_no_semi.o(.text)
    __use_no_semihosting_swi                 0x08000c15   Thumb Code     2  use_no_semi.o(.text)
    __semihosting_library_function           0x08000c17   Thumb Code     0  indicate_semi.o(.text)
    __user_setup_stackheap                   0x08000c17   Thumb Code    74  sys_stackheap_outer.o(.text)
    _fseek                                   0x08000c61   Thumb Code   242  fseek.o(.text)
    fseek                                    0x08000c61   Thumb Code     0  fseek.o(.text)
    _seterr                                  0x08000d59   Thumb Code    20  stdio.o(.text)
    _writebuf                                0x08000d6d   Thumb Code    84  stdio.o(.text)
    _fflush                                  0x08000dc1   Thumb Code    70  stdio.o(.text)
    _deferredlazyseek                        0x08000e07   Thumb Code    60  stdio.o(.text)
    exit                                     0x08000e49   Thumb Code    18  exit.o(.text)
    __sig_exit                               0x08000e5b   Thumb Code    10  defsig_exit.o(.text)
    __rt_SIGRTRED_inner                      0x08000e65   Thumb Code    14  defsig_rtred_inner.o(.text)
    __rt_SIGRTMEM_inner                      0x08000e99   Thumb Code    22  defsig_rtmem_inner.o(.text)
    _sys_exit                                0x08000ee9   Thumb Code     8  sys_exit.o(.text)
    _ftell_internal                          0x08000ef5   Thumb Code    66  ftell.o(.text)
    ftell                                    0x08000ef5   Thumb Code     0  ftell.o(.text)
    __default_signal_display                 0x08000f37   Thumb Code    50  defsig_general.o(.text)
    _ttywrch                                 0x08000f69   Thumb Code    14  sys_wrch.o(.text)
    BusFault_Handler                         0x08000f77   Thumb Code     4  stm32f4xx_it.o(i.BusFault_Handler)
    DebugMon_Handler                         0x08000f7b   Thumb Code     2  stm32f4xx_it.o(i.DebugMon_Handler)
    Error_Handler                            0x08000f7d   Thumb Code    10  main_1.o(i.Error_Handler)
    HAL_Delay                                0x08000f9d   Thumb Code    26  stm32f4xx_hal.o(i.HAL_Delay)
    HAL_GPIO_Init                            0x08000fb9   Thumb Code   476  stm32f4xx_hal_gpio.o(i.HAL_GPIO_Init)
    HAL_GPIO_WritePin                        0x080011c5   Thumb Code    12  stm32f4xx_hal_gpio.o(i.HAL_GPIO_WritePin)
    HAL_GetTick                              0x080011d1   Thumb Code     6  stm32f4xx_hal.o(i.HAL_GetTick)
    HAL_IncTick                              0x080011dd   Thumb Code    12  stm32f4xx_hal.o(i.HAL_IncTick)
    HAL_Init                                 0x080011ed   Thumb Code    54  stm32f4xx_hal.o(i.HAL_Init)
    HAL_InitTick                             0x08001229   Thumb Code    36  stm32f4xx_hal.o(i.HAL_InitTick)
    HAL_MspInit                              0x08001251   Thumb Code    86  stm32f4xx_hal_msp.o(i.HAL_MspInit)
    HAL_NVIC_SetPriority                     0x080012a7   Thumb Code   124  stm32f4xx_hal_cortex.o(i.HAL_NVIC_SetPriority)
    HAL_NVIC_SetPriorityGrouping             0x08001325   Thumb Code    32  stm32f4xx_hal_cortex.o(i.HAL_NVIC_SetPriorityGrouping)
    HAL_PCD_Init                             0x0800134d   Thumb Code   322  stm32f4xx_hal_pcd.o(i.HAL_PCD_Init)
    HAL_PCD_MspInit                          0x08001491   Thumb Code   100  stm32f4xx_hal_msp.o(i.HAL_PCD_MspInit)
    HAL_RCC_ClockConfig                      0x080014fd   Thumb Code   446  stm32f4xx_hal_rcc.o(i.HAL_RCC_ClockConfig)
    HAL_RCC_GetHCLKFreq                      0x080016cd   Thumb Code     6  stm32f4xx_hal_rcc.o(i.HAL_RCC_GetHCLKFreq)
    HAL_RCC_GetPCLK1Freq                     0x080016d9   Thumb Code    36  stm32f4xx_hal_rcc.o(i.HAL_RCC_GetPCLK1Freq)
    HAL_RCC_GetPCLK2Freq                     0x08001705   Thumb Code    36  stm32f4xx_hal_rcc.o(i.HAL_RCC_GetPCLK2Freq)
    HAL_RCC_GetSysClockFreq                  0x08001731   Thumb Code   168  stm32f4xx_hal_rcc.o(i.HAL_RCC_GetSysClockFreq)
    HAL_RCC_OscConfig                        0x080017e5   Thumb Code   906  stm32f4xx_hal_rcc.o(i.HAL_RCC_OscConfig)
    HAL_SD_Get_CardInfo                      0x08001b81   Thumb Code   750  stm32f4xx_hal_sd.o(i.HAL_SD_Get_CardInfo)
    HAL_SD_Init                              0x08001e6f   Thumb Code   156  stm32f4xx_hal_sd.o(i.HAL_SD_Init)
    HAL_SD_MspInit                           0x08001f0d   Thumb Code   108  stm32f4xx_hal_msp.o(i.HAL_SD_MspInit)
    HAL_SD_WideBusOperation_Config           0x08001f89   Thumb Code   126  stm32f4xx_hal_sd.o(i.HAL_SD_WideBusOperation_Config)
    HAL_SPI_Init                             0x08002007   Thumb Code   140  stm32f4xx_hal_spi.o(i.HAL_SPI_Init)
    HAL_SPI_MspInit                          0x08002095   Thumb Code    80  stm32f4xx_hal_msp.o(i.HAL_SPI_MspInit)
    HAL_SYSTICK_CLKSourceConfig              0x080020f1   Thumb Code    40  stm32f4xx_hal_cortex.o(i.HAL_SYSTICK_CLKSourceConfig)
    HAL_SYSTICK_Callback                     0x08002119   Thumb Code     2  stm32f4xx_hal_cortex.o(i.HAL_SYSTICK_Callback)
    HAL_SYSTICK_Config                       0x0800211b   Thumb Code    52  stm32f4xx_hal_cortex.o(i.HAL_SYSTICK_Config)
    HAL_SYSTICK_IRQHandler                   0x0800214f   Thumb Code     8  stm32f4xx_hal_cortex.o(i.HAL_SYSTICK_IRQHandler)
    HAL_UART_Init                            0x08002157   Thumb Code   114  stm32f4xx_hal_uart.o(i.HAL_UART_Init)
    HAL_UART_MspInit                         0x080021c9   Thumb Code    80  stm32f4xx_hal_msp.o(i.HAL_UART_MspInit)
    HardFault_Handler                        0x08002225   Thumb Code     4  stm32f4xx_it.o(i.HardFault_Handler)
    MemManage_Handler                        0x080024a1   Thumb Code     4  stm32f4xx_it.o(i.MemManage_Handler)
    NMI_Handler                              0x080024a5   Thumb Code     2  stm32f4xx_it.o(i.NMI_Handler)
    PendSV_Handler                           0x080024a7   Thumb Code     2  stm32f4xx_it.o(i.PendSV_Handler)
    SDIO_DataConfig                          0x080024a9   Thumb Code    44  stm32f4xx_ll_sdmmc.o(i.SDIO_DataConfig)
    SDIO_GetCommandResponse                  0x080024d5   Thumb Code     8  stm32f4xx_ll_sdmmc.o(i.SDIO_GetCommandResponse)
    SDIO_GetPowerState                       0x080024dd   Thumb Code    10  stm32f4xx_ll_sdmmc.o(i.SDIO_GetPowerState)
    SDIO_GetResponse                         0x080024e9   Thumb Code    20  stm32f4xx_ll_sdmmc.o(i.SDIO_GetResponse)
    SDIO_Init                                0x08002501   Thumb Code    52  stm32f4xx_ll_sdmmc.o(i.SDIO_Init)
    SDIO_PowerState_ON                       0x08002535   Thumb Code    10  stm32f4xx_ll_sdmmc.o(i.SDIO_PowerState_ON)
    SDIO_ReadFIFO                            0x0800253f   Thumb Code     8  stm32f4xx_ll_sdmmc.o(i.SDIO_ReadFIFO)
    SDIO_SendCommand                         0x08002547   Thumb Code    40  stm32f4xx_ll_sdmmc.o(i.SDIO_SendCommand)
    SVC_Handler                              0x08002de5   Thumb Code     2  stm32f4xx_it.o(i.SVC_Handler)
    SysTick_Handler                          0x08002de7   Thumb Code    12  stm32f4xx_it.o(i.SysTick_Handler)
    SystemClock_Config                       0x08002df5   Thumb Code   188  main_1.o(i.SystemClock_Config)
    SystemInit                               0x08002eb9   Thumb Code    82  system_stm32f4xx.o(i.SystemInit)
    USB_CoreInit                             0x08003285   Thumb Code   100  stm32f4xx_ll_usb.o(i.USB_CoreInit)
    USB_DevDisconnect                        0x08003339   Thumb Code    30  stm32f4xx_ll_usb.o(i.USB_DevDisconnect)
    USB_DevInit                              0x08003359   Thumb Code   396  stm32f4xx_ll_usb.o(i.USB_DevInit)
    USB_DisableGlobalInt                     0x080034f5   Thumb Code    14  stm32f4xx_ll_usb.o(i.USB_DisableGlobalInt)
    USB_FlushRxFifo                          0x08003505   Thumb Code    38  stm32f4xx_ll_usb.o(i.USB_FlushRxFifo)
    USB_FlushTxFifo                          0x08003531   Thumb Code    44  stm32f4xx_ll_usb.o(i.USB_FlushTxFifo)
    USB_SetCurrentMode                       0x08003561   Thumb Code    48  stm32f4xx_ll_usb.o(i.USB_SetCurrentMode)
    USB_SetDevSpeed                          0x08003591   Thumb Code    16  stm32f4xx_ll_usb.o(i.USB_SetDevSpeed)
    UsageFault_Handler                       0x080035a1   Thumb Code     4  stm32f4xx_it.o(i.UsageFault_Handler)
    _is_digit                                0x080035dd   Thumb Code    14  __printf_wp.o(i._is_digit)
    fputc                                    0x080035eb   Thumb Code    26  fputc.o(i.fputc)
    main                                     0x08003605   Thumb Code    34  main_1.o(i.main)
    _fp_init                                 0x08003627   Thumb Code    10  fpinit.o(x$fpl$fpinit)
    __fplib_config_fpu_vfp                   0x0800362f   Thumb Code     0  fpinit.o(x$fpl$fpinit)
    __fplib_config_pureend_doubles           0x0800362f   Thumb Code     0  fpinit.o(x$fpl$fpinit)
    APBAHBPrescTable                         0x08003630   Data          16  stm32f4xx_hal_rcc.o(.constdata)
    __stdin_name                             0x08003651   Data           4  sys_io.o(.constdata)
    __stdout_name                            0x08003655   Data           4  sys_io.o(.constdata)
    __stderr_name                            0x08003659   Data           4  sys_io.o(.constdata)
    Region$$Table$$Base                      0x08003660   Number         0  anon$$obj.o(Region$$Table)
    Region$$Table$$Limit                     0x08003680   Number         0  anon$$obj.o(Region$$Table)
    SystemCoreClock                          0x20000000   Data           4  system_stm32f4xx.o(.data)
    uwTick                                   0x20000004   Data           4  stm32f4xx_hal.o(.data)
    __aeabi_stdin                            0x20000008   Data           4  stdio_streams.o(.data)
    __aeabi_stdout                           0x2000000c   Data           4  stdio_streams.o(.data)
    __aeabi_stderr                           0x20000010   Data           4  stdio_streams.o(.data)
    hsd                                      0x20000018   Data          96  main_1.o(.bss)
    SDCardInfo                               0x20000078   Data          88  main_1.o(.bss)
    hspi2                                    0x200000d0   Data          88  main_1.o(.bss)
    huart1                                   0x20000128   Data          64  main_1.o(.bss)
    hpcd_USB_OTG_FS                          0x20000168   Data         952  main_1.o(.bss)
    __stdin                                  0x20000520   Data          84  stdio_streams.o(.bss)
    __stdout                                 0x20000574   Data          84  stdio_streams.o(.bss)
    __stderr                                 0x200005c8   Data          84  stdio_streams.o(.bss)
    __libspace_start                         0x2000061c   Data          96  libspace.o(.bss)
    __temporary_stack_top$libspace           0x2000067c   Data           0  libspace.o(.bss)



==============================================================================

Memory Map of the image

  Image Entry point : 0x08000189

  Load Region LR_IROM1 (Base: 0x08000000, Size: 0x00003694, Max: 0x00080000, ABSOLUTE)

    Execution Region ER_IROM1 (Base: 0x08000000, Size: 0x00003680, Max: 0x00080000, ABSOLUTE)

    Base Addr    Size         Type   Attr      Idx    E Section Name        Object

    0x08000000   0x00000188   Data   RO         4805    RESET               startup_stm32f407xx.o
    0x08000188   0x00000008   Code   RO         7254  * !!!main             c_w.l(__main.o)
    0x08000190   0x00000034   Code   RO         7565    !!!scatter          c_w.l(__scatter.o)
    0x080001c4   0x0000001a   Code   RO         7567    !!handler_copy      c_w.l(__scatter_copy.o)
    0x080001de   0x00000002   PAD
    0x080001e0   0x0000001c   Code   RO         7569    !!handler_zi        c_w.l(__scatter_zi.o)
    0x080001fc   0x00000000   Code   RO         7204    .ARM.Collect$$_printf_percent$$00000000  c_w.l(_printf_percent.o)
    0x080001fc   0x00000004   Code   RO         7308    .ARM.Collect$$_printf_percent$$00000017  c_w.l(_printf_percent_end.o)
    0x08000200   0x00000002   Code   RO         7512    .ARM.Collect$$libinit$$00000000  c_w.l(libinit.o)
    0x08000202   0x00000004   Code   RO         7330    .ARM.Collect$$libinit$$00000001  c_w.l(libinit2.o)
    0x08000206   0x00000000   Code   RO         7333    .ARM.Collect$$libinit$$00000004  c_w.l(libinit2.o)
    0x08000206   0x00000008   Code   RO         7334    .ARM.Collect$$libinit$$00000005  c_w.l(libinit2.o)
    0x0800020e   0x00000000   Code   RO         7336    .ARM.Collect$$libinit$$0000000A  c_w.l(libinit2.o)
    0x0800020e   0x00000000   Code   RO         7338    .ARM.Collect$$libinit$$0000000C  c_w.l(libinit2.o)
    0x0800020e   0x00000000   Code   RO         7340    .ARM.Collect$$libinit$$0000000E  c_w.l(libinit2.o)
    0x0800020e   0x00000000   Code   RO         7343    .ARM.Collect$$libinit$$00000011  c_w.l(libinit2.o)
    0x0800020e   0x00000000   Code   RO         7345    .ARM.Collect$$libinit$$00000013  c_w.l(libinit2.o)
    0x0800020e   0x00000000   Code   RO         7347    .ARM.Collect$$libinit$$00000015  c_w.l(libinit2.o)
    0x0800020e   0x00000000   Code   RO         7349    .ARM.Collect$$libinit$$00000017  c_w.l(libinit2.o)
    0x0800020e   0x00000000   Code   RO         7351    .ARM.Collect$$libinit$$00000019  c_w.l(libinit2.o)
    0x0800020e   0x00000000   Code   RO         7353    .ARM.Collect$$libinit$$0000001B  c_w.l(libinit2.o)
    0x0800020e   0x00000000   Code   RO         7355    .ARM.Collect$$libinit$$0000001D  c_w.l(libinit2.o)
    0x0800020e   0x00000000   Code   RO         7357    .ARM.Collect$$libinit$$0000001F  c_w.l(libinit2.o)
    0x0800020e   0x00000000   Code   RO         7359    .ARM.Collect$$libinit$$00000021  c_w.l(libinit2.o)
    0x0800020e   0x00000000   Code   RO         7361    .ARM.Collect$$libinit$$00000023  c_w.l(libinit2.o)
    0x0800020e   0x00000004   Code   RO         7362    .ARM.Collect$$libinit$$00000024  c_w.l(libinit2.o)
    0x08000212   0x00000000   Code   RO         7363    .ARM.Collect$$libinit$$00000025  c_w.l(libinit2.o)
    0x08000212   0x00000000   Code   RO         7367    .ARM.Collect$$libinit$$0000002C  c_w.l(libinit2.o)
    0x08000212   0x00000000   Code   RO         7369    .ARM.Collect$$libinit$$0000002E  c_w.l(libinit2.o)
    0x08000212   0x00000000   Code   RO         7371    .ARM.Collect$$libinit$$00000030  c_w.l(libinit2.o)
    0x08000212   0x00000000   Code   RO         7373    .ARM.Collect$$libinit$$00000032  c_w.l(libinit2.o)
    0x08000212   0x00000002   Code   RO         7374    .ARM.Collect$$libinit$$00000033  c_w.l(libinit2.o)
    0x08000214   0x00000002   Code   RO         7562    .ARM.Collect$$libshutdown$$00000000  c_w.l(libshutdown.o)
    0x08000216   0x00000000   Code   RO         7449    .ARM.Collect$$libshutdown$$00000002  c_w.l(libshutdown2.o)
    0x08000216   0x00000004   Code   RO         7450    .ARM.Collect$$libshutdown$$00000003  c_w.l(libshutdown2.o)
    0x0800021a   0x00000000   Code   RO         7451    .ARM.Collect$$libshutdown$$00000004  c_w.l(libshutdown2.o)
    0x0800021a   0x00000000   Code   RO         7454    .ARM.Collect$$libshutdown$$00000007  c_w.l(libshutdown2.o)
    0x0800021a   0x00000000   Code   RO         7457    .ARM.Collect$$libshutdown$$0000000A  c_w.l(libshutdown2.o)
    0x0800021a   0x00000000   Code   RO         7459    .ARM.Collect$$libshutdown$$0000000C  c_w.l(libshutdown2.o)
    0x0800021a   0x00000000   Code   RO         7462    .ARM.Collect$$libshutdown$$0000000F  c_w.l(libshutdown2.o)
    0x0800021a   0x00000002   Code   RO         7463    .ARM.Collect$$libshutdown$$00000010  c_w.l(libshutdown2.o)
    0x0800021c   0x00000000   Code   RO         7258    .ARM.Collect$$rtentry$$00000000  c_w.l(__rtentry.o)
    0x0800021c   0x00000000   Code   RO         7386    .ARM.Collect$$rtentry$$00000002  c_w.l(__rtentry2.o)
    0x0800021c   0x00000006   Code   RO         7398    .ARM.Collect$$rtentry$$00000004  c_w.l(__rtentry4.o)
    0x08000222   0x00000000   Code   RO         7388    .ARM.Collect$$rtentry$$00000009  c_w.l(__rtentry2.o)
    0x08000222   0x00000004   Code   RO         7389    .ARM.Collect$$rtentry$$0000000A  c_w.l(__rtentry2.o)
    0x08000226   0x00000000   Code   RO         7391    .ARM.Collect$$rtentry$$0000000C  c_w.l(__rtentry2.o)
    0x08000226   0x00000008   Code   RO         7392    .ARM.Collect$$rtentry$$0000000D  c_w.l(__rtentry2.o)
    0x0800022e   0x00000002   Code   RO         7515    .ARM.Collect$$rtexit$$00000000  c_w.l(rtexit.o)
    0x08000230   0x00000000   Code   RO         7540    .ARM.Collect$$rtexit$$00000002  c_w.l(rtexit2.o)
    0x08000230   0x00000004   Code   RO         7541    .ARM.Collect$$rtexit$$00000003  c_w.l(rtexit2.o)
    0x08000234   0x00000006   Code   RO         7542    .ARM.Collect$$rtexit$$00000004  c_w.l(rtexit2.o)
    0x0800023a   0x00000002   PAD
    0x0800023c   0x00000000   Code   RO         7404    .emb_text           c_w.l(maybetermalloc1.o)
    0x0800023c   0x00000040   Code   RO         4806    .text               startup_stm32f407xx.o
    0x0800027c   0x0000005e   Code   RO         7079    .text               c_w.l(h1_alloc.o)
    0x080002da   0x0000004e   Code   RO         7081    .text               c_w.l(h1_free.o)
    0x08000328   0x00000018   Code   RO         7145    .text               c_w.l(noretval__2printf.o)
    0x08000340   0x00000188   Code   RO         7195    .text               c_w.l(__printf_flags_ss_wp.o)
    0x080004c8   0x0000003e   Code   RO         7230    .text               c_w.l(strlen.o)
    0x08000506   0x00000064   Code   RO         7240    .text               c_w.l(rt_memcpy_w.o)
    0x0800056a   0x0000004e   Code   RO         7246    .text               c_w.l(rt_memclr_w.o)
    0x080005b8   0x00000006   Code   RO         7252    .text               c_w.l(heapauxi.o)
    0x080005be   0x00000002   PAD
    0x080005c0   0x00000008   Code   RO         7266    .text               c_w.l(rt_heap_descriptor_intlibspace.o)
    0x080005c8   0x00000008   Code   RO         7276    .text               c_w.l(rt_errno_addr_intlibspace.o)
    0x080005d0   0x00000004   Code   RO         7278    .text               c_w.l(hguard.o)
    0x080005d4   0x0000008a   Code   RO         7280    .text               c_w.l(init_alloc.o)
    0x0800065e   0x0000000e   Code   RO         7284    .text               c_w.l(h1_init.o)
    0x0800066c   0x00000030   Code   RO         7300    .text               c_w.l(_printf_char_common.o)
    0x0800069c   0x00000024   Code   RO         7306    .text               c_w.l(_printf_char_file.o)
    0x080006c0   0x00000138   Code   RO         7315    .text               c_w.l(initio.o)
    0x080007f8   0x00000066   Code   RO         7375    .text               c_w.l(sys_io.o)
    0x0800085e   0x00000002   PAD
    0x08000860   0x00000008   Code   RO         7382    .text               c_w.l(libspace.o)
    0x08000868   0x00000034   Code   RO         7406    .text               c_w.l(h1_extend.o)
    0x0800089c   0x00000008   Code   RO         7414    .text               c_w.l(ferror.o)
    0x080008a4   0x000001d6   Code   RO         7416    .text               c_w.l(flsbuf.o)
    0x08000a7a   0x00000046   Code   RO         7418    .text               c_w.l(setvbuf.o)
    0x08000ac0   0x000000ec   Code   RO         7421    .text               c_w.l(fopen.o)
    0x08000bac   0x0000004c   Code   RO         7423    .text               c_w.l(fclose.o)
    0x08000bf8   0x0000000e   Code   RO         7431    .text               c_w.l(defsig_rtred_outer.o)
    0x08000c06   0x0000000e   Code   RO         7435    .text               c_w.l(defsig_rtmem_outer.o)
    0x08000c14   0x00000002   Code   RO         7468    .text               c_w.l(use_no_semi.o)
    0x08000c16   0x00000000   Code   RO         7470    .text               c_w.l(indicate_semi.o)
    0x08000c16   0x0000004a   Code   RO         7471    .text               c_w.l(sys_stackheap_outer.o)
    0x08000c60   0x000000f8   Code   RO         7479    .text               c_w.l(fseek.o)
    0x08000d58   0x000000f0   Code   RO         7481    .text               c_w.l(stdio.o)
    0x08000e48   0x00000012   Code   RO         7489    .text               c_w.l(exit.o)
    0x08000e5a   0x0000000a   Code   RO         7491    .text               c_w.l(defsig_exit.o)
    0x08000e64   0x00000034   Code   RO         7497    .text               c_w.l(defsig_rtred_inner.o)
    0x08000e98   0x00000050   Code   RO         7499    .text               c_w.l(defsig_rtmem_inner.o)
    0x08000ee8   0x0000000c   Code   RO         7513    .text               c_w.l(sys_exit.o)
    0x08000ef4   0x00000042   Code   RO         7525    .text               c_w.l(ftell.o)
    0x08000f36   0x00000032   Code   RO         7533    .text               c_w.l(defsig_general.o)
    0x08000f68   0x0000000e   Code   RO         7537    .text               c_w.l(sys_wrch.o)
    0x08000f76   0x00000004   Code   RO         4659    i.BusFault_Handler  stm32f4xx_it.o
    0x08000f7a   0x00000002   Code   RO         4660    i.DebugMon_Handler  stm32f4xx_it.o
    0x08000f7c   0x00000020   Code   RO         4595    i.Error_Handler     main_1.o
    0x08000f9c   0x0000001a   Code   RO         4857    i.HAL_Delay         stm32f4xx_hal.o
    0x08000fb6   0x00000002   PAD
    0x08000fb8   0x0000020c   Code   RO         5275    i.HAL_GPIO_Init     stm32f4xx_hal_gpio.o
    0x080011c4   0x0000000c   Code   RO         5279    i.HAL_GPIO_WritePin  stm32f4xx_hal_gpio.o
    0x080011d0   0x0000000c   Code   RO         4863    i.HAL_GetTick       stm32f4xx_hal.o
    0x080011dc   0x00000010   Code   RO         4864    i.HAL_IncTick       stm32f4xx_hal.o
    0x080011ec   0x0000003c   Code   RO         4865    i.HAL_Init          stm32f4xx_hal.o
    0x08001228   0x00000028   Code   RO         4866    i.HAL_InitTick      stm32f4xx_hal.o
    0x08001250   0x00000056   Code   RO         4734    i.HAL_MspInit       stm32f4xx_hal_msp.o
    0x080012a6   0x0000007c   Code   RO         5006    i.HAL_NVIC_SetPriority  stm32f4xx_hal_cortex.o
    0x08001322   0x00000002   PAD
    0x08001324   0x00000028   Code   RO         5007    i.HAL_NVIC_SetPriorityGrouping  stm32f4xx_hal_cortex.o
    0x0800134c   0x00000142   Code   RO         5359    i.HAL_PCD_Init      stm32f4xx_hal_pcd.o
    0x0800148e   0x00000002   PAD
    0x08001490   0x0000006c   Code   RO         4736    i.HAL_PCD_MspInit   stm32f4xx_hal_msp.o
    0x080014fc   0x000001d0   Code   RO         5758    i.HAL_RCC_ClockConfig  stm32f4xx_hal_rcc.o
    0x080016cc   0x0000000c   Code   RO         5763    i.HAL_RCC_GetHCLKFreq  stm32f4xx_hal_rcc.o
    0x080016d8   0x0000002c   Code   RO         5765    i.HAL_RCC_GetPCLK1Freq  stm32f4xx_hal_rcc.o
    0x08001704   0x0000002c   Code   RO         5766    i.HAL_RCC_GetPCLK2Freq  stm32f4xx_hal_rcc.o
    0x08001730   0x000000b4   Code   RO         5767    i.HAL_RCC_GetSysClockFreq  stm32f4xx_hal_rcc.o
    0x080017e4   0x0000039c   Code   RO         5770    i.HAL_RCC_OscConfig  stm32f4xx_hal_rcc.o
    0x08001b80   0x000002ee   Code   RO         5908    i.HAL_SD_Get_CardInfo  stm32f4xx_hal_sd.o
    0x08001e6e   0x0000009c   Code   RO         5911    i.HAL_SD_Init       stm32f4xx_hal_sd.o
    0x08001f0a   0x00000002   PAD
    0x08001f0c   0x0000007c   Code   RO         4738    i.HAL_SD_MspInit    stm32f4xx_hal_msp.o
    0x08001f88   0x0000007e   Code   RO         5918    i.HAL_SD_WideBusOperation_Config  stm32f4xx_hal_sd.o
    0x08002006   0x0000008c   Code   RO         6172    i.HAL_SPI_Init      stm32f4xx_hal_spi.o
    0x08002092   0x00000002   PAD
    0x08002094   0x0000005c   Code   RO         4740    i.HAL_SPI_MspInit   stm32f4xx_hal_msp.o
    0x080020f0   0x00000028   Code   RO         5009    i.HAL_SYSTICK_CLKSourceConfig  stm32f4xx_hal_cortex.o
    0x08002118   0x00000002   Code   RO         5010    i.HAL_SYSTICK_Callback  stm32f4xx_hal_cortex.o
    0x0800211a   0x00000034   Code   RO         5011    i.HAL_SYSTICK_Config  stm32f4xx_hal_cortex.o
    0x0800214e   0x00000008   Code   RO         5012    i.HAL_SYSTICK_IRQHandler  stm32f4xx_hal_cortex.o
    0x08002156   0x00000072   Code   RO         6449    i.HAL_UART_Init     stm32f4xx_hal_uart.o
    0x080021c8   0x0000005c   Code   RO         4742    i.HAL_UART_MspInit  stm32f4xx_hal_msp.o
    0x08002224   0x00000004   Code   RO         4661    i.HardFault_Handler  stm32f4xx_it.o
    0x08002228   0x0000017c   Code   RO         4596    i.MX_GPIO_Init      main_1.o
    0x080023a4   0x00000040   Code   RO         4597    i.MX_SDIO_SD_Init   main_1.o
    0x080023e4   0x00000044   Code   RO         4598    i.MX_SPI2_Init      main_1.o
    0x08002428   0x00000038   Code   RO         4599    i.MX_USART1_UART_Init  main_1.o
    0x08002460   0x00000040   Code   RO         4600    i.MX_USB_OTG_FS_PCD_Init  main_1.o
    0x080024a0   0x00000004   Code   RO         4662    i.MemManage_Handler  stm32f4xx_it.o
    0x080024a4   0x00000002   Code   RO         4663    i.NMI_Handler       stm32f4xx_it.o
    0x080024a6   0x00000002   Code   RO         4664    i.PendSV_Handler    stm32f4xx_it.o
    0x080024a8   0x0000002c   Code   RO         6690    i.SDIO_DataConfig   stm32f4xx_ll_sdmmc.o
    0x080024d4   0x00000008   Code   RO         6691    i.SDIO_GetCommandResponse  stm32f4xx_ll_sdmmc.o
    0x080024dc   0x0000000a   Code   RO         6694    i.SDIO_GetPowerState  stm32f4xx_ll_sdmmc.o
    0x080024e6   0x00000002   PAD
    0x080024e8   0x00000018   Code   RO         6695    i.SDIO_GetResponse  stm32f4xx_ll_sdmmc.o
    0x08002500   0x00000034   Code   RO         6696    i.SDIO_Init         stm32f4xx_ll_sdmmc.o
    0x08002534   0x0000000a   Code   RO         6698    i.SDIO_PowerState_ON  stm32f4xx_ll_sdmmc.o
    0x0800253e   0x00000008   Code   RO         6699    i.SDIO_ReadFIFO     stm32f4xx_ll_sdmmc.o
    0x08002546   0x00000028   Code   RO         6700    i.SDIO_SendCommand  stm32f4xx_ll_sdmmc.o
    0x0800256e   0x00000036   Code   RO         5923    i.SD_CmdError       stm32f4xx_hal_sd.o
    0x080025a4   0x00000180   Code   RO         5924    i.SD_CmdResp1Error  stm32f4xx_hal_sd.o
    0x08002724   0x00000046   Code   RO         5925    i.SD_CmdResp2Error  stm32f4xx_hal_sd.o
    0x0800276a   0x00000032   Code   RO         5926    i.SD_CmdResp3Error  stm32f4xx_hal_sd.o
    0x0800279c   0x000000ac   Code   RO         5927    i.SD_CmdResp6Error  stm32f4xx_hal_sd.o
    0x08002848   0x00000066   Code   RO         5928    i.SD_CmdResp7Error  stm32f4xx_hal_sd.o
    0x080028ae   0x00000172   Code   RO         5933    i.SD_FindSCR        stm32f4xx_hal_sd.o
    0x08002a20   0x000000fa   Code   RO         5935    i.SD_Initialize_Cards  stm32f4xx_hal_sd.o
    0x08002b1a   0x00000002   PAD
    0x08002b1c   0x00000164   Code   RO         5938    i.SD_PowerON        stm32f4xx_hal_sd.o
    0x08002c80   0x00000038   Code   RO         5939    i.SD_Select_Deselect  stm32f4xx_hal_sd.o
    0x08002cb8   0x00000096   Code   RO         5941    i.SD_WideBus_Disable  stm32f4xx_hal_sd.o
    0x08002d4e   0x00000096   Code   RO         5942    i.SD_WideBus_Enable  stm32f4xx_hal_sd.o
    0x08002de4   0x00000002   Code   RO         4665    i.SVC_Handler       stm32f4xx_it.o
    0x08002de6   0x0000000c   Code   RO         4666    i.SysTick_Handler   stm32f4xx_it.o
    0x08002df2   0x00000002   PAD
    0x08002df4   0x000000c4   Code   RO         4601    i.SystemClock_Config  main_1.o
    0x08002eb8   0x00000064   Code   RO         4814    i.SystemInit        system_stm32f4xx.o
    0x08002f1c   0x00000368   Code   RO         6472    i.UART_SetConfig    stm32f4xx_hal_uart.o
    0x08003284   0x00000068   Code   RO         6790    i.USB_CoreInit      stm32f4xx_ll_usb.o
    0x080032ec   0x0000004c   Code   RO         6791    i.USB_CoreReset     stm32f4xx_ll_usb.o
    0x08003338   0x0000001e   Code   RO         6795    i.USB_DevDisconnect  stm32f4xx_ll_usb.o
    0x08003356   0x00000002   PAD
    0x08003358   0x0000019c   Code   RO         6796    i.USB_DevInit       stm32f4xx_ll_usb.o
    0x080034f4   0x0000000e   Code   RO         6797    i.USB_DisableGlobalInt  stm32f4xx_ll_usb.o
    0x08003502   0x00000002   PAD
    0x08003504   0x0000002c   Code   RO         6806    i.USB_FlushRxFifo   stm32f4xx_ll_usb.o
    0x08003530   0x00000030   Code   RO         6807    i.USB_FlushTxFifo   stm32f4xx_ll_usb.o
    0x08003560   0x00000030   Code   RO         6825    i.USB_SetCurrentMode  stm32f4xx_ll_usb.o
    0x08003590   0x00000010   Code   RO         6827    i.USB_SetDevSpeed   stm32f4xx_ll_usb.o
    0x080035a0   0x00000004   Code   RO         4667    i.UsageFault_Handler  stm32f4xx_it.o
    0x080035a4   0x00000010   Code   RO         5013    i.__NVIC_GetPriorityGrouping  stm32f4xx_hal_cortex.o
    0x080035b4   0x00000028   Code   RO         5014    i.__NVIC_SetPriority  stm32f4xx_hal_cortex.o
    0x080035dc   0x0000000e   Code   RO         7188    i._is_digit         c_w.l(__printf_wp.o)
    0x080035ea   0x0000001a   Code   RO         7312    i.fputc             c_w.l(fputc.o)
    0x08003604   0x00000022   Code   RO         4602    i.main              main_1.o
    0x08003626   0x0000000a   Code   RO         7466    x$fpl$fpinit        fz_wm.l(fpinit.o)
    0x08003630   0x00000010   Data   RO         5771    .constdata          stm32f4xx_hal_rcc.o
    0x08003640   0x00000011   Data   RO         7196    .constdata          c_w.l(__printf_flags_ss_wp.o)
    0x08003651   0x00000004   Data   RO         7376    .constdata          c_w.l(sys_io.o)
    0x08003655   0x00000004   Data   RO         7377    .constdata          c_w.l(sys_io.o)
    0x08003659   0x00000004   Data   RO         7378    .constdata          c_w.l(sys_io.o)
    0x0800365d   0x00000003   PAD
    0x08003660   0x00000020   Data   RO         7563    Region$$Table       anon$$obj.o


    Execution Region RW_IRAM1 (Base: 0x20000000, Size: 0x00000c80, Max: 0x00020000, ABSOLUTE)

    Base Addr    Size         Type   Attr      Idx    E Section Name        Object

    0x20000000   0x00000004   Data   RW         4816    .data               system_stm32f4xx.o
    0x20000004   0x00000004   Data   RW         4871    .data               stm32f4xx_hal.o
    0x20000008   0x00000004   Data   RW         7216    .data               c_w.l(stdio_streams.o)
    0x2000000c   0x00000004   Data   RW         7217    .data               c_w.l(stdio_streams.o)
    0x20000010   0x00000004   Data   RW         7218    .data               c_w.l(stdio_streams.o)
    0x20000014   0x00000004   PAD
    0x20000018   0x00000508   Zero   RW         4603    .bss                main_1.o
    0x20000520   0x00000054   Zero   RW         7213    .bss                c_w.l(stdio_streams.o)
    0x20000574   0x00000054   Zero   RW         7214    .bss                c_w.l(stdio_streams.o)
    0x200005c8   0x00000054   Zero   RW         7215    .bss                c_w.l(stdio_streams.o)
    0x2000061c   0x00000060   Zero   RW         7383    .bss                c_w.l(libspace.o)
    0x2000067c   0x00000004   PAD
    0x20000680   0x00000200   Zero   RW         4804    HEAP                startup_stm32f407xx.o
    0x20000880   0x00000400   Zero   RW         4803    STACK               startup_stm32f407xx.o


==============================================================================

Image component sizes


      Code (inc. data)   RO Data    RW Data    ZI Data      Debug   Object Name

         0          0          0          0          0     318444   archie.o
       894         92          0          0       1288       5854   main_1.o
        64         26        392          0       1536        872   startup_stm32f407xx.o
       154         20          0          4          0       4535   stm32f4xx_hal.o
       322         22          0          0          0      33480   stm32f4xx_hal_cortex.o
       536         48          0          0          0       2608   stm32f4xx_hal_gpio.o
       502         48          0          0          0       4422   stm32f4xx_hal_msp.o
       322          0          0          0          0       1475   stm32f4xx_hal_pcd.o
      1668         70         16          0          0       6079   stm32f4xx_hal_rcc.o
      3196         12          0          0          0      17001   stm32f4xx_hal_sd.o
       140          0          0          0          0       1267   stm32f4xx_hal_spi.o
       986          8          0          0          0       2020   stm32f4xx_hal_uart.o
        36          0          0          0          0       4874   stm32f4xx_it.o
       196          4          0          0          0       6084   stm32f4xx_ll_sdmmc.o
       792         36          0          0          0       7227   stm32f4xx_ll_usb.o
       100         18          0          4          0       1325   system_stm32f4xx.o

    ----------------------------------------------------------------------
      9928        404        440          8       2824     417567   Object Totals
         0          0         32          0          0          0   (incl. Generated)
        20          0          0          0          0          0   (incl. Padding)

    ----------------------------------------------------------------------

      Code (inc. data)   RO Data    RW Data    ZI Data      Debug   Library Member Name

         8          0          0          0          0         68   __main.o
       392          4         17          0          0         92   __printf_flags_ss_wp.o
        14          0          0          0          0         68   __printf_wp.o
         0          0          0          0          0          0   __rtentry.o
        12          0          0          0          0          0   __rtentry2.o
         6          0          0          0          0          0   __rtentry4.o
        52          8          0          0          0          0   __scatter.o
        26          0          0          0          0          0   __scatter_copy.o
        28          0          0          0          0          0   __scatter_zi.o
        48          6          0          0          0         96   _printf_char_common.o
        36          4          0          0          0         80   _printf_char_file.o
         0          0          0          0          0          0   _printf_percent.o
         4          0          0          0          0          0   _printf_percent_end.o
        10          0          0          0          0         68   defsig_exit.o
        50          0          0          0          0         88   defsig_general.o
        80         58          0          0          0         76   defsig_rtmem_inner.o
        14          0          0          0          0         80   defsig_rtmem_outer.o
        52         38          0          0          0         76   defsig_rtred_inner.o
        14          0          0          0          0         80   defsig_rtred_outer.o
        18          0          0          0          0         80   exit.o
        76          0          0          0          0         88   fclose.o
         8          0          0          0          0         68   ferror.o
       470          0          0          0          0         88   flsbuf.o
       236          4          0          0          0        128   fopen.o
        26          0          0          0          0         68   fputc.o
       248          6          0          0          0         84   fseek.o
        66          0          0          0          0         76   ftell.o
        94          0          0          0          0         80   h1_alloc.o
        52          0          0          0          0         68   h1_extend.o
        78          0          0          0          0         80   h1_free.o
        14          0          0          0          0         84   h1_init.o
         6          0          0          0          0        152   heapauxi.o
         4          0          0          0          0        136   hguard.o
         0          0          0          0          0          0   indicate_semi.o
       138          0          0          0          0        168   init_alloc.o
       312         46          0          0          0        112   initio.o
         2          0          0          0          0          0   libinit.o
        18          0          0          0          0          0   libinit2.o
         2          0          0          0          0          0   libshutdown.o
         6          0          0          0          0          0   libshutdown2.o
         8          4          0          0         96         68   libspace.o
         0          0          0          0          0          0   maybetermalloc1.o
        24          4          0          0          0         84   noretval__2printf.o
         8          4          0          0          0         68   rt_errno_addr_intlibspace.o
         8          4          0          0          0         68   rt_heap_descriptor_intlibspace.o
        78          0          0          0          0         80   rt_memclr_w.o
       100          0          0          0          0         80   rt_memcpy_w.o
         2          0          0          0          0          0   rtexit.o
        10          0          0          0          0          0   rtexit2.o
        70          0          0          0          0         80   setvbuf.o
       240          6          0          0          0        156   stdio.o
         0          0          0         12        252          0   stdio_streams.o
        62          0          0          0          0         76   strlen.o
        12          4          0          0          0         68   sys_exit.o
       102          0         12          0          0        240   sys_io.o
        74          0          0          0          0         80   sys_stackheap_outer.o
        14          0          0          0          0         76   sys_wrch.o
         2          0          0          0          0         68   use_no_semi.o
        10          0          0          0          0        116   fpinit.o

    ----------------------------------------------------------------------
      3552        200         32         12        356       3840   Library Totals
         8          0          3          0          8          0   (incl. Padding)

    ----------------------------------------------------------------------

      Code (inc. data)   RO Data    RW Data    ZI Data      Debug   Library Name

      3534        200         29         12        348       3724   c_w.l
        10          0          0          0          0        116   fz_wm.l

    ----------------------------------------------------------------------
      3552        200         32         12        356       3840   Library Totals

    ----------------------------------------------------------------------

==============================================================================


      Code (inc. data)   RO Data    RW Data    ZI Data      Debug   

     13480        604        472         20       3180     412131   Grand Totals
     13480        604        472         20       3180     412131   ELF Image Totals
     13480        604        472         20          0          0   ROM Totals

==============================================================================

    Total RO  Size (Code + RO Data)                13952 (  13.63kB)
    Total RW  Size (RW Data + ZI Data)              3200 (   3.13kB)
    Total ROM Size (Code + RO Data + RW Data)      13972 (  13.64kB)

==============================================================================

