Component: ARM Compiler 5.06 update 2 (build 183) Tool: armlink [4d35b7]

==============================================================================

Section Cross References

    archie.o(i.archie_check_queue) refers to archie.o(i.archie_kbd_tx) for archie_kbd_tx
    archie.o(i.archie_check_queue) refers to archie.o(.data) for tx_queue_rptr
    archie.o(i.archie_check_queue) refers to archie.o(.bss) for tx_queue
    archie.o(i.archie_fdc_set_status) refers to spi.o(i.EnableFpga) for EnableFpga
    archie.o(i.archie_fdc_set_status) refers to archie.o(i.SPI) for SPI
    archie.o(i.archie_fdc_set_status) refers to spi.o(i.DisableFpga) for DisableFpga
    archie.o(i.archie_fdc_set_status) refers to archie.o(.bss) for floppy
    archie.o(i.archie_floppy_is_inserted) refers to archie.o(.bss) for floppy
    archie.o(i.archie_get_floppy_name) refers to strcpy.o(.text) for strcpy
    archie.o(i.archie_get_floppy_name) refers to archie.o(i.nice_name) for nice_name
    archie.o(i.archie_get_floppy_name) refers to archie.o(.bss) for floppy
    archie.o(i.archie_get_rom_name) refers to archie.o(i.nice_name) for nice_name
    archie.o(i.archie_get_rom_name) refers to archie.o(.bss) for config
    archie.o(i.archie_handle_fdc) refers to _printf_percent.o(.ARM.Collect$$_printf_percent$$00000000) for _printf_percent
    archie.o(i.archie_handle_fdc) refers to _printf_x.o(.ARM.Collect$$_printf_percent$$0000000C) for _printf_x
    archie.o(i.archie_handle_fdc) refers to _printf_hex_int_ptr.o(.text) for _printf_longlong_hex
    archie.o(i.archie_handle_fdc) refers to _printf_d.o(.ARM.Collect$$_printf_percent$$00000009) for _printf_d
    archie.o(i.archie_handle_fdc) refers to _printf_dec.o(.text) for _printf_int_dec
    archie.o(i.archie_handle_fdc) refers to spi.o(i.EnableFpga) for EnableFpga
    archie.o(i.archie_handle_fdc) refers to archie.o(i.SPI) for SPI
    archie.o(i.archie_handle_fdc) refers to spi.o(i.DisableFpga) for DisableFpga
    archie.o(i.archie_handle_fdc) refers to memcmp.o(.text) for memcmp
    archie.o(i.archie_handle_fdc) refers to noretval__2printf.o(.text) for __2printf
    archie.o(i.archie_handle_fdc) refers to fat.o(i.FileSeek) for FileSeek
    archie.o(i.archie_handle_fdc) refers to fat.o(.ramsection) for FileRead
    archie.o(i.archie_handle_fdc) refers to spi.o(i.spi_write) for spi_write
    archie.o(i.archie_handle_fdc) refers to archie.o(.data) for old_status
    archie.o(i.archie_handle_fdc) refers to archie.o(.bss) for floppy
    archie.o(i.archie_handle_fdc) refers to archie.o(.conststring) for .conststring
    archie.o(i.archie_handle_kbd) refers to _printf_percent.o(.ARM.Collect$$_printf_percent$$00000000) for _printf_percent
    archie.o(i.archie_handle_kbd) refers to _printf_x.o(.ARM.Collect$$_printf_percent$$0000000C) for _printf_x
    archie.o(i.archie_handle_kbd) refers to _printf_hex_int_ptr.o(.text) for _printf_longlong_hex
    archie.o(i.archie_handle_kbd) refers to hardware.o(i.CheckTimer) for CheckTimer
    archie.o(i.archie_handle_kbd) refers to noretval__2printf.o(.text) for __2printf
    archie.o(i.archie_handle_kbd) refers to archie.o(i.archie_kbd_send) for archie_kbd_send
    archie.o(i.archie_handle_kbd) refers to hardware.o(i.GetTimer) for GetTimer
    archie.o(i.archie_handle_kbd) refers to spi.o(i.spi_uio_cmd_cont) for spi_uio_cmd_cont
    archie.o(i.archie_handle_kbd) refers to spi.o(i.spi_in) for spi_in
    archie.o(i.archie_handle_kbd) refers to spi.o(i.DisableIO) for DisableIO
    archie.o(i.archie_handle_kbd) refers to archie.o(i.archie_kbd_reset) for archie_kbd_reset
    archie.o(i.archie_handle_kbd) refers to archie.o(i.archie_check_queue) for archie_check_queue
    archie.o(i.archie_handle_kbd) refers to archie.o(.data) for kbd_state
    archie.o(i.archie_init) refers to _printf_percent.o(.ARM.Collect$$_printf_percent$$00000000) for _printf_percent
    archie.o(i.archie_init) refers to _printf_d.o(.ARM.Collect$$_printf_percent$$00000009) for _printf_d
    archie.o(i.archie_init) refers to _printf_dec.o(.text) for _printf_int_dec
    archie.o(i.archie_init) refers to _printf_s.o(.ARM.Collect$$_printf_percent$$00000014) for _printf_s
    archie.o(i.archie_init) refers to _printf_str.o(.text) for _printf_str
    archie.o(i.archie_init) refers to noretval__2printf.o(.text) for __2printf
    archie.o(i.archie_init) refers to strcpy.o(.text) for strcpy
    archie.o(i.archie_init) refers to fat.o(i.FileOpen) for FileOpen
    archie.o(i.archie_init) refers to fat.o(.ramsection) for FileRead
    archie.o(i.archie_init) refers to rt_memcpy_v6.o(.text) for __aeabi_memcpy
    archie.o(i.archie_init) refers to archie.o(i.archie_set_rom) for archie_set_rom
    archie.o(i.archie_init) refers to archie.o(i.archie_send_file) for archie_send_file
    archie.o(i.archie_init) refers to archie.o(i.archie_fdc_set_status) for archie_fdc_set_status
[...]
    config_tos_mem                           0x200001b0   Data          32  menu.o(.data)
    config_tos_wrprot                        0x200001d0   Data          16  menu.o(.data)
    config_tos_usb                           0x200001e0   Data          24  menu.o(.data)
    config_filter_msg                        0x200001f8   Data          16  menu.o(.data)
    config_memory_chip_msg                   0x20000208   Data          16  menu.o(.data)
    config_memory_slow_msg                   0x20000218   Data          16  menu.o(.data)
    config_scanlines_msg                     0x20000228   Data          12  menu.o(.data)
    config_dither_msg                        0x20000234   Data          16  menu.o(.data)
    config_memory_fast_msg                   0x20000244   Data          20  menu.o(.data)
    config_cpu_msg                           0x20000258   Data          16  menu.o(.data)
    config_hdf_msg                           0x20000268   Data          28  menu.o(.data)
    config_chipset_msg                       0x20000284   Data          32  menu.o(.data)
    config_turbo_msg                         0x200002a4   Data          16  menu.o(.data)
    config_autofire_msg                      0x200002b4   Data          16  menu.o(.data)
    config_cd32pad_msg                       0x200002c4   Data           8  menu.o(.data)
    config_button_turbo_msg                  0x200002cc   Data          16  menu.o(.data)
    config_button_turbo_choice_msg           0x200002dc   Data          12  menu.o(.data)
    helptexts                                0x200002e8   Data          28  menu.o(.data)
    HELPTEXT_SPACER                          0x20000304   Data           4  menu.o(.data)
    scanlines                                0x20000308   Data          16  menu.o(.data)
    stereo                                   0x20000318   Data           8  menu.o(.data)
    atari_chipset                            0x20000320   Data          16  menu.o(.data)
    config_autofire                          0x20000330   Data           1  menu.o(.data)
    fs_pFileExt                              0x20000331   Data          13  menu.o(.data)
    fs_ExtLen                                0x2000033e   Data           1  menu.o(.data)
    fs_Options                               0x2000033f   Data           1  menu.o(.data)
    fs_MenuSelect                            0x20000340   Data           1  menu.o(.data)
    fs_MenuCancel                            0x20000341   Data           1  menu.o(.data)
    mist_cfg                                 0x2000035e   Data           6  mist_cfg.o(.data)
    charfont                                 0x20000370   Data        1024  osd.o(.data)
    hdd_direct                               0x200008a0   Data           4  tos.o(.data)
    a_pADC                                   0x2000096c   Data           4  user_io.o(.data)
    a_pPMC                                   0x20000970   Data           4  user_io.o(.data)
    storage_devices                          0x20000a08   Data           1  storage.o(.data)
    uwTick                                   0x20000a34   Data           4  stm32f4xx_hal.o(.data)
    SystemCoreClock                          0x20000a38   Data           4  system_stm32f4xx.o(.data)
    __aeabi_stdin                            0x20000a3c   Data           4  stdio_streams.o(.data)
    __aeabi_stdout                           0x20000a40   Data           4  stdio_streams.o(.data)
    __aeabi_stderr                           0x20000a44   Data           4  stdio_streams.o(.data)
    floppy                                   0x20000a5c   Data        1232  archie.o(.bss)
    config                                   0x20001370   Data         100  config.o(.bss)
    file                                     0x200013d4   Data         308  config.o(.bss)
    configfilename                           0x20001508   Data          12  config.o(.bss)
    romkey                                   0x20001514   Data        3072  config.o(.bss)
    romfile                                  0x20002114   Data         828  config.o(.bss)
    partitions                               0x20002450   Data          64  fat.o(.bss)
    sector_buffer                            0x20002490   Data        1024  fat.o(.bss)
    fat_buffer                               0x20002890   Data         512  fat.o(.bss)
    DirEntryLFN                              0x20002a90   Data        2088  fat.o(.bss)
    DirEntry                                 0x200032b8   Data         256  fat.o(.bss)
    t_DirEntryLFN                            0x200033b8   Data        2088  fat.o(.bss)
    t_DirEntry                               0x20003be0   Data         256  fat.o(.bss)
    df                                       0x20003de8   Data        2800  fdd.o(.bss)
    hdf                                      0x20004ae8   Data        8856  hdd.o(.bss)
    rdbfile                                  0x20006d80   Data         308  hdd.o(.bss)
    ini_file                                 0x20006f04   Data         828  ini_parser.o(.bss)
    s                                        0x20007240   Data          40  main.o(.bss)
    DirEntryInfo                             0x20007268   Data          40  menu.o(.bss)
    helptext_custom                          0x20007290   Data         320  menu.o(.bss)
    stars                                    0x20007440   Data        1024  osd.o(.bss)
    framebuffer                              0x20007840   Data        2048  osd.o(.bss)
    hdd_image                                0x20008b28   Data         616  tos.o(.bss)
    key_remap_table                          0x20008fa4   Data          32  user_io.o(.bss)
    sd_image                                 0x20008fc4   Data        4408  user_io.o(.bss)
    __stdin                                  0x2000becc   Data          84  stdio_streams.o(.bss)
    __stdout                                 0x2000bf20   Data          84  stdio_streams.o(.bss)
    __stderr                                 0x2000bf74   Data          84  stdio_streams.o(.bss)
    __libspace_start                         0x2000bfc8   Data          96  libspace.o(.bss)
    __temporary_stack_top$libspace           0x2000c028   Data           0  libspace.o(.bss)



==============================================================================

Memory Map of the image

  Image Entry point : 0x08000189

  Load Region LR_IROM1 (Base: 0x08000000, Size: 0x00023e84, Max: 0x00080000, ABSOLUTE, COMPRESSED[0x00023950])

    Execution Region ER_IROM1 (Base: 0x08000000, Size: 0x00023438, Max: 0x00080000, ABSOLUTE)

    Base Addr    Size         Type   Attr      Idx    E Section Name        Object

    0x08000000   0x00000188   Data   RO         5915    RESET               startup_stm32f407xx.o
    0x08000188   0x00000008   Code   RO         6138  * !!!main             c_w.l(__main.o)
    0x08000190   0x00000034   Code   RO         6441    !!!scatter          c_w.l(__scatter.o)
    0x080001c4   0x0000005a   Code   RO         6439    !!dczerorl2         c_w.l(__dczerorl2.o)
    0x0800021e   0x00000002   PAD
    0x08000220   0x0000001c   Code   RO         6443    !!handler_zi        c_w.l(__scatter_zi.o)
    0x0800023c   0x00000000   Code   RO         6088    .ARM.Collect$$_printf_percent$$00000000  c_w.l(_printf_percent.o)
    0x0800023c   0x00000006   Code   RO         6085    .ARM.Collect$$_printf_percent$$00000002  c_w.l(_printf_p.o)
    0x08000242   0x00000006   Code   RO         6086    .ARM.Collect$$_printf_percent$$00000009  c_w.l(_printf_d.o)
    0x08000248   0x00000006   Code   RO         6087    .ARM.Collect$$_printf_percent$$0000000A  c_w.l(_printf_u.o)
    0x0800024e   0x00000006   Code   RO         6084    .ARM.Collect$$_printf_percent$$0000000C  c_w.l(_printf_x.o)
    0x08000254   0x00000006   Code   RO         6082    .ARM.Collect$$_printf_percent$$00000013  c_w.l(_printf_c.o)
    0x0800025a   0x00000006   Code   RO         6083    .ARM.Collect$$_printf_percent$$00000014  c_w.l(_printf_s.o)
    0x08000260   0x00000004   Code   RO         6188    .ARM.Collect$$_printf_percent$$00000017  c_w.l(_printf_percent_end.o)
    0x08000264   0x00000002   Code   RO         6386    .ARM.Collect$$libinit$$00000000  c_w.l(libinit.o)
    0x08000266   0x00000004   Code   RO         6210    .ARM.Collect$$libinit$$00000001  c_w.l(libinit2.o)
    0x0800026a   0x00000000   Code   RO         6213    .ARM.Collect$$libinit$$00000004  c_w.l(libinit2.o)
    0x0800026a   0x00000008   Code   RO         6214    .ARM.Collect$$libinit$$00000005  c_w.l(libinit2.o)
    0x08000272   0x00000000   Code   RO         6216    .ARM.Collect$$libinit$$0000000A  c_w.l(libinit2.o)
    0x08000272   0x00000000   Code   RO         6218    .ARM.Collect$$libinit$$0000000C  c_w.l(libinit2.o)
    0x08000272   0x00000000   Code   RO         6220    .ARM.Collect$$libinit$$0000000E  c_w.l(libinit2.o)
    0x08000272   0x00000006   Code   RO         6221    .ARM.Collect$$libinit$$0000000F  c_w.l(libinit2.o)
    0x08000278   0x00000000   Code   RO         6223    .ARM.Collect$$libinit$$00000011  c_w.l(libinit2.o)
    0x08000278   0x0000000c   Code   RO         6224    .ARM.Collect$$libinit$$00000012  c_w.l(libinit2.o)
    0x08000284   0x00000000   Code   RO         6225    .ARM.Collect$$libinit$$00000013  c_w.l(libinit2.o)
    0x08000284   0x00000000   Code   RO         6227    .ARM.Collect$$libinit$$00000015  c_w.l(libinit2.o)
    0x08000284   0x00000000   Code   RO         6229    .ARM.Collect$$libinit$$00000017  c_w.l(libinit2.o)
    0x08000284   0x00000000   Code   RO         6231    .ARM.Collect$$libinit$$00000019  c_w.l(libinit2.o)
    0x08000284   0x00000000   Code   RO         6233    .ARM.Collect$$libinit$$0000001B  c_w.l(libinit2.o)
    0x08000284   0x00000000   Code   RO         6235    .ARM.Collect$$libinit$$0000001D  c_w.l(libinit2.o)
    0x08000284   0x00000000   Code   RO         6237    .ARM.Collect$$libinit$$0000001F  c_w.l(libinit2.o)
    0x08000284   0x00000000   Code   RO         6239    .ARM.Collect$$libinit$$00000021  c_w.l(libinit2.o)
    0x08000284   0x00000000   Code   RO         6241    .ARM.Collect$$libinit$$00000023  c_w.l(libinit2.o)
    0x08000284   0x00000004   Code   RO         6242    .ARM.Collect$$libinit$$00000024  c_w.l(libinit2.o)
    0x08000288   0x00000000   Code   RO         6243    .ARM.Collect$$libinit$$00000025  c_w.l(libinit2.o)
    0x08000288   0x00000000   Code   RO         6247    .ARM.Collect$$libinit$$0000002C  c_w.l(libinit2.o)
    0x08000288   0x00000000   Code   RO         6249    .ARM.Collect$$libinit$$0000002E  c_w.l(libinit2.o)
    0x08000288   0x00000000   Code   RO         6251    .ARM.Collect$$libinit$$00000030  c_w.l(libinit2.o)
    0x08000288   0x00000000   Code   RO         6253    .ARM.Collect$$libinit$$00000032  c_w.l(libinit2.o)
    0x08000288   0x00000002   Code   RO         6254    .ARM.Collect$$libinit$$00000033  c_w.l(libinit2.o)
    0x0800028a   0x00000002   Code   RO         6436    .ARM.Collect$$libshutdown$$00000000  c_w.l(libshutdown.o)
    0x0800028c   0x00000000   Code   RO         6327    .ARM.Collect$$libshutdown$$00000002  c_w.l(libshutdown2.o)
    0x0800028c   0x00000004   Code   RO         6328    .ARM.Collect$$libshutdown$$00000003  c_w.l(libshutdown2.o)
    0x08000290   0x00000000   Code   RO         6329    .ARM.Collect$$libshutdown$$00000004  c_w.l(libshutdown2.o)
    0x08000290   0x00000000   Code   RO         6332    .ARM.Collect$$libshutdown$$00000007  c_w.l(libshutdown2.o)
    0x08000290   0x00000000   Code   RO         6335    .ARM.Collect$$libshutdown$$0000000A  c_w.l(libshutdown2.o)
    0x08000290   0x00000000   Code   RO         6337    .ARM.Collect$$libshutdown$$0000000C  c_w.l(libshutdown2.o)
    0x08000290   0x00000000   Code   RO         6340    .ARM.Collect$$libshutdown$$0000000F  c_w.l(libshutdown2.o)
    0x08000290   0x00000002   Code   RO         6341    .ARM.Collect$$libshutdown$$00000010  c_w.l(libshutdown2.o)
    0x08000292   0x00000000   Code   RO         6142    .ARM.Collect$$rtentry$$00000000  c_w.l(__rtentry.o)
    0x08000292   0x00000000   Code   RO         6266    .ARM.Collect$$rtentry$$00000002  c_w.l(__rtentry2.o)
    0x08000292   0x00000006   Code   RO         6278    .ARM.Collect$$rtentry$$00000004  c_w.l(__rtentry4.o)
    0x08000298   0x00000000   Code   RO         6268    .ARM.Collect$$rtentry$$00000009  c_w.l(__rtentry2.o)
    0x08000298   0x00000004   Code   RO         6269    .ARM.Collect$$rtentry$$0000000A  c_w.l(__rtentry2.o)
    0x0800029c   0x00000000   Code   RO         6271    .ARM.Collect$$rtentry$$0000000C  c_w.l(__rtentry2.o)
    0x0800029c   0x00000008   Code   RO         6272    .ARM.Collect$$rtentry$$0000000D  c_w.l(__rtentry2.o)
    0x080002a4   0x00000002   Code   RO         6389    .ARM.Collect$$rtexit$$00000000  c_w.l(rtexit.o)
    0x080002a6   0x00000000   Code   RO         6412    .ARM.Collect$$rtexit$$00000002  c_w.l(rtexit2.o)
    0x080002a6   0x00000004   Code   RO         6413    .ARM.Collect$$rtexit$$00000003  c_w.l(rtexit2.o)
    0x080002aa   0x00000006   Code   RO         6414    .ARM.Collect$$rtexit$$00000004  c_w.l(rtexit2.o)
    0x080002b0   0x00000000   Code   RO         6282    .emb_text           c_w.l(maybetermalloc1.o)
    0x080002b0   0x00000144   Code   RO          658    .ramsection         fat.o
    0x080003f4   0x00000134   Code   RO          932    .ramsection         firmware.o
    0x08000528   0x0000030c   Code   RO          978    .ramsection         fpga.o
    0x08000834   0x000001c8   Code   RO         1967    .ramsection         mmc.o
    0x080009fc   0x000000c4   Code   RO         2317    .ramsection         spi.o
    0x08000ac0   0x00000040   Code   RO         5916    .text               startup_stm32f407xx.o
    0x08000b00   0x00000010   Code   RO         5959    .text               c_w.l(rt_ctype_table.o)
    0x08000b10   0x0000005e   Code   RO         5965    .text               c_w.l(h1_alloc.o)
    0x08000b6e   0x0000004e   Code   RO         5967    .text               c_w.l(h1_free.o)
    0x08000bbc   0x0000001a   Code   RO         6023    .text               c_w.l(tolower.o)
    0x08000bd6   0x00000002   PAD
    0x08000bd8   0x00000018   Code   RO         6029    .text               c_w.l(noretval__2printf.o)
    0x08000bf0   0x00000028   Code   RO         6031    .text               c_w.l(noretval__2sprintf.o)
    0x08000c18   0x0000004e   Code   RO         6035    .text               c_w.l(_printf_pad.o)
    0x08000c66   0x00000052   Code   RO         6037    .text               c_w.l(_printf_str.o)
    0x08000cb8   0x00000078   Code   RO         6039    .text               c_w.l(_printf_dec.o)
    0x08000d30   0x0000007c   Code   RO         6053    .text               c_w.l(_printf_hex_int_ptr.o)
    0x08000dac   0x00000188   Code   RO         6079    .text               c_w.l(__printf_flags_ss_wp.o)
    0x08000f34   0x00000070   Code   RO         6089    .text               c_w.l(strtol.o)
    0x08000fa4   0x00000072   Code   RO         6091    .text               c_w.l(strtoul.o)
    0x08001016   0x00000004   Code   RO         6093    .text               c_w.l(putc.o)
    0x0800101a   0x00000002   PAD
    0x0800101c   0x0000002c   Code   RO         6095    .text               c_w.l(puts.o)
    0x08001048   0x0000000c   Code   RO         6103    .text               c_w.l(strtok.o)
    0x08001054   0x00000024   Code   RO         6106    .text               c_w.l(strncat.o)
    0x08001078   0x00000058   Code   RO         6108    .text               c_w.l(memcmp.o)
    0x080010d0   0x00000048   Code   RO         6110    .text               c_w.l(strcpy.o)
    0x08001118   0x00000032   Code   RO         6112    .text               c_w.l(strncasecmp.o)
    0x0800114a   0x0000003e   Code   RO         6114    .text               c_w.l(strlen.o)
    0x08001188   0x00000096   Code   RO         6116    .text               c_w.l(strncmp.o)
    0x0800121e   0x00000018   Code   RO         6118    .text               c_w.l(strcat.o)
    0x08001236   0x0000008a   Code   RO         6120    .text               c_w.l(rt_memcpy_v6.o)
    0x080012c0   0x00000084   Code   RO         6122    .text               c_w.l(rt_memmove_v6.o)
    0x08001344   0x00000064   Code   RO         6124    .text               c_w.l(rt_memcpy_w.o)
    0x080013a8   0x00000010   Code   RO         6126    .text               c_w.l(aeabi_memset.o)
    0x080013b8   0x00000044   Code   RO         6128    .text               c_w.l(rt_memclr.o)
    0x080013fc   0x0000004e   Code   RO         6130    .text               c_w.l(rt_memclr_w.o)
    0x0800144a   0x00000056   Code   RO         6132    .text               c_w.l(strncpy.o)
    0x080014a0   0x00000080   Code   RO         6134    .text               c_w.l(strcmpv7m.o)
    0x08001520   0x00000006   Code   RO         6136    .text               c_w.l(heapauxi.o)
    0x08001526   0x00000002   PAD
    0x08001528   0x00000008   Code   RO         6146    .text               c_w.l(rt_heap_descriptor_intlibspace.o)
    0x08001530   0x00000008   Code   RO         6151    .text               c_w.l(rt_locale_intlibspace.o)
    0x08001538   0x00000008   Code   RO         6156    .text               c_w.l(rt_errno_addr_intlibspace.o)
    0x08001540   0x00000004   Code   RO         6158    .text               c_w.l(hguard.o)
    0x08001544   0x0000008a   Code   RO         6160    .text               c_w.l(init_alloc.o)
    0x080015ce   0x0000000e   Code   RO         6164    .text               c_w.l(h1_init.o)
    0x080015dc   0x000000b2   Code   RO         6178    .text               c_w.l(_printf_intcommon.o)
    0x0800168e   0x00000002   PAD
    0x08001690   0x00000030   Code   RO         6180    .text               c_w.l(_printf_char_common.o)
    0x080016c0   0x0000000a   Code   RO         6182    .text               c_w.l(_sputc.o)
    0x080016ca   0x0000002c   Code   RO         6184    .text               c_w.l(_printf_char.o)
    0x080016f6   0x00000002   PAD
    0x080016f8   0x00000024   Code   RO         6186    .text               c_w.l(_printf_char_file.o)
    0x0800171c   0x0000009e   Code   RO         6189    .text               c_w.l(_strtoul.o)
    0x080017ba   0x00000002   PAD
    0x080017bc   0x00000138   Code   RO         6195    .text               c_w.l(initio.o)
    0x080018f4   0x00000044   Code   RO         6204    .text               c_w.l(strtok_int.o)
    0x08001938   0x0000007a   Code   RO         6206    .text               c_w.l(rt_memmove_w.o)
    0x080019b2   0x00000066   Code   RO         6255    .text               c_w.l(sys_io.o)
    0x08001a18   0x00000008   Code   RO         6262    .text               c_w.l(libspace.o)
    0x08001a20   0x00000034   Code   RO         6284    .text               c_w.l(h1_extend.o)
    0x08001a54   0x0000001c   Code   RO         6290    .text               c_w.l(_chval.o)
    0x08001a70   0x00000008   Code   RO         6292    .text               c_w.l(ferror.o)
    0x08001a78   0x000001d6   Code   RO         6294    .text               c_w.l(flsbuf.o)
    0x08001c4e   0x00000046   Code   RO         6296    .text               c_w.l(setvbuf.o)
    0x08001c94   0x000000ec   Code   RO         6299    .text               c_w.l(fopen.o)
    0x08001d80   0x0000004c   Code   RO         6301    .text               c_w.l(fclose.o)
    0x08001dcc   0x0000000e   Code   RO         6309    .text               c_w.l(defsig_rtred_outer.o)
    0x08001dda   0x0000000e   Code   RO         6313    .text               c_w.l(defsig_rtmem_outer.o)
    0x08001de8   0x00000020   Code   RO         6317    .text               c_w.l(strcspn.o)
    0x08001e08   0x0000001c   Code   RO         6319    .text               c_w.l(strspn.o)
    0x08001e24   0x00000002   Code   RO         6346    .text               c_w.l(use_no_semi.o)
    0x08001e26   0x00000000   Code   RO         6348    .text               c_w.l(indicate_semi.o)
    0x08001e26   0x0000004a   Code   RO         6349    .text               c_w.l(sys_stackheap_outer.o)
    0x08001e70   0x000000f8   Code   RO         6357    .text               c_w.l(fseek.o)
    0x08001f68   0x000000f0   Code   RO         6359    .text               c_w.l(stdio.o)
    0x08002058   0x00000012   Code   RO         6367    .text               c_w.l(exit.o)
    0x0800206a   0x0000000a   Code   RO         6369    .text               c_w.l(defsig_exit.o)
    0x08002074   0x00000034   Code   RO         6371    .text               c_w.l(defsig_rtred_inner.o)
    0x080020a8   0x00000050   Code   RO         6373    .text               c_w.l(defsig_rtmem_inner.o)
    0x080020f8   0x0000000c   Code   RO         6387    .text               c_w.l(sys_exit.o)
    0x08002104   0x00000042   Code   RO         6399    .text               c_w.l(ftell.o)
    0x08002146   0x00000032   Code   RO         6407    .text               c_w.l(defsig_general.o)
    0x08002178   0x0000000e   Code   RO         6409    .text               c_w.l(sys_wrch.o)
    0x08002186   0x00000002   PAD
    0x08002188   0x0000033c   Code   RO          401    i.AT91F_CDC_Enumerate  cdc_enumerate.o
    0x080024c4   0x00000078   Code   RO          402    i.AT91F_USB_SendData  cdc_enumerate.o
    0x0800253c   0x0000003c   Code   RO          403    i.AT91F_USB_SendStall  cdc_enumerate.o
    0x08002578   0x00000058   Code   RO          404    i.AT91F_USB_SendStr  cdc_enumerate.o
    0x080025d0   0x0000000c   Code   RO          405    i.AT91F_USB_SendWord  cdc_enumerate.o
    0x080025dc   0x0000001c   Code   RO          406    i.AT91F_USB_SendZlp  cdc_enumerate.o
    0x080025f8   0x0000007e   Code   RO         1193    i.ATA_IdentifyDevice  hdd.o
    0x08002676   0x00000002   PAD
    0x08002678   0x0000044a   Code   RO         1194    i.ATA_ReadSectors   hdd.o
    0x08002ac2   0x00000002   PAD
    0x08002ac4   0x0000079c   Code   RO          508    i.ApplyConfiguration  config.o
    0x08003260   0x00000022   Code   RO          216    i.BootClearScreen   boot.o
    0x08003282   0x00000002   PAD
    0x08003284   0x00000170   Code   RO          217    i.BootCustomInit    boot.o
    0x080033f4   0x0000000c   Code   RO          218    i.BootEnableMem     boot.o
    0x08003400   0x0000009a   Code   RO          980    i.BootExit          fpga.o
    0x0800349a   0x00000002   PAD
    0x0800349c   0x00000010   Code   RO          219    i.BootHome          boot.o
    0x080034ac   0x00000024   Code   RO          220    i.BootInit          boot.o
    0x080034d0   0x00000020   Code   RO          981    i.BootPrint         fpga.o
    0x080034f0   0x00000098   Code   RO          221    i.BootPrintEx       boot.o
    0x08003588   0x0000008c   Code   RO          222    i.BootUploadBall    boot.o
    0x08003614   0x000000e8   Code   RO          223    i.BootUploadCopper  boot.o
    0x080036fc   0x00000134   Code   RO          224    i.BootUploadLogo    boot.o
    0x08003830   0x00000056   Code   RO         1195    i.BuildHardfileIndex  hdd.o
    0x08003886   0x00000002   PAD
    0x08003888   0x00000024   Code   RO          933    i.CalculateCRC32    firmware.o
    0x080038ac   0x00000018   Code   RO          659    i.ChangeDirectory   fat.o
    0x080038c4   0x00000008   Code   RO         1069    i.CheckButton       hardware.o
    0x080038cc   0x00000350   Code   RO          934    i.CheckFirmware     firmware.o
    0x08003c1c   0x00000020   Code   RO         1070    i.CheckTimer        hardware.o
    0x08003c3c   0x000000aa   Code   RO          982    i.ClearMemory       fpga.o
    0x08003ce6   0x00000002   PAD
    0x08003ce8   0x000000a4   Code   RO          660    i.ClusterAllocate   fat.o
    0x08003d8c   0x00000084   Code   RO          661    i.CompareDirEntries  fat.o
    0x08003e10   0x00000024   Code   RO         2056    i.ConfigAutofire    osd.o
    0x08003e34   0x00000024   Code   RO         2057    i.ConfigCPU         osd.o
    0x08003e58   0x00000024   Code   RO         2058    i.ConfigChipset     osd.o
    0x08003e7c   0x00000038   Code   RO         2059    i.ConfigFloppy      osd.o
    0x08003eb4   0x0000005c   Code   RO         2060    i.ConfigIDE         osd.o
    0x08003f10   0x0000003a   Code   RO         2061    i.ConfigMemory      osd.o
    0x08003f4a   0x0000002e   Code   RO         2062    i.ConfigVideo       osd.o
    0x08003f78   0x00000024   Code   RO          509    i.ConfigurationExists  config.o
    0x08003f9c   0x0000000c   Code   RO         2318    i.DisableDMode      spi.o
    0x08003fa8   0x00000014   Code   RO         2319    i.DisableFpga       spi.o
    0x08003fbc   0x00000014   Code   RO         2320    i.DisableIO         spi.o
    0x08003fd0   0x00000014   Code   RO         2321    i.DisableOsd        spi.o
    0x08003fe4   0x00000038   Code   RO         1717    i.EjectAllFloppies  menu.o
    0x0800401c   0x0000000c   Code   RO         2322    i.EnableDMode       spi.o
    0x08004028   0x00000010   Code   RO         2323    i.EnableFpga        spi.o
    0x08004038   0x00000010   Code   RO         2324    i.EnableIO          spi.o
    0x08004048   0x0000000c   Code   RO         2325    i.EnableOsd         spi.o
    0x08004054   0x00000184   Code   RO         4683    i.Enable_GPIO_Clock  spi_stm32f4xx.o
    0x080041d8   0x00000030   Code   RO         1718    i.ErrorMessage      menu.o
    0x08004208   0x00000288   Code   RO         1196    i.FakeRDB           hdd.o
    0x08004490   0x0000009c   Code   RO          662    i.FatSave           fat.o
    0x0800452c   0x00000058   Code   RO         1657    i.FatalError        main.o
    0x08004584   0x000001e0   Code   RO          663    i.FileCreate        fat.o
    0x08004764   0x00000088   Code   RO          664    i.FileNew           fat.o
    0x080047ec   0x0000009c   Code   RO          665    i.FileNextSectorExpand  fat.o
    0x08004888   0x0000017c   Code   RO          666    i.FileOpen          fat.o
    0x08004a04   0x00000074   Code   RO          667    i.FileReadEx        fat.o
    0x08004a78   0x0000007c   Code   RO          668    i.FileSeek          fat.o
    0x08004af4   0x00000050   Code   RO          669    i.FileWrite         fat.o
    0x08004b44   0x0000017c   Code   RO          670    i.FileWriteEnd      fat.o
    0x08004cc0   0x00000624   Code   RO          671    i.FindDrive         fat.o
    0x080052e4   0x0000009c   Code   RO          847    i.FindSync          fdd.o
    0x08005380   0x0000001c   Code   RO         2063    i.GetASCIIKey       osd.o
    0x0800539c   0x00000268   Code   RO          848    i.GetData           fdd.o
    0x08005604   0x000000bc   Code   RO         1719    i.GetDiskInfo       menu.o
    0x080056c0   0x00000044   Code   RO         1720    i.GetExt            menu.o
    0x08005704   0x00000034   Code   RO          983    i.GetFPGAStatus     fpga.o
    0x08005738   0x00000044   Code   RO          935    i.GetFirmwareVersion  firmware.o
    0x0800577c   0x000000b4   Code   RO         1197    i.GetHDFFileType    hdd.o
    0x08005830   0x00000100   Code   RO         1198    i.GetHardfileGeometry  hdd.o
    0x08005930   0x000002a0   Code   RO          849    i.GetHeader         fdd.o
    0x08005bd0   0x00000014   Code   RO         1071    i.GetTimer          hardware.o
    0x08005be4   0x000000aa   Code   RO         5124    i.HAL_DMA_Abort     stm32f4xx_hal_dma.o
    0x08005c8e   0x00000002   PAD
    0x08005c90   0x00000174   Code   RO         5268    i.HAL_GPIO_DeInit   stm32f4xx_hal_gpio.o
    0x08005e04   0x0000020c   Code   RO         5271    i.HAL_GPIO_Init     stm32f4xx_hal_gpio.o
    0x08006010   0x0000000c   Code   RO         5275    i.HAL_GPIO_WritePin  stm32f4xx_hal_gpio.o
    0x0800601c   0x0000000c   Code   RO         4859    i.HAL_GetTick       stm32f4xx_hal.o
    0x08006028   0x00000024   Code   RO         4995    i.HAL_NVIC_DisableIRQ  stm32f4xx_hal_cortex.o
    0x0800604c   0x0000000c   Code   RO         5514    i.HAL_RCC_GetHCLKFreq  stm32f4xx_hal_rcc.o
    0x08006058   0x0000002c   Code   RO         5516    i.HAL_RCC_GetPCLK1Freq  stm32f4xx_hal_rcc.o
    0x08006084   0x0000008c   Code   RO          850    i.HandleFDD         fdd.o
    0x08006110   0x00000048   Code   RO         1658    i.HandleFpga        main.o
    0x08006158   0x00000840   Code   RO         1199    i.HandleHDD         hdd.o
    0x08006998   0x00006094   Code   RO         1721    i.HandleUI          menu.o
    0x0800ca2c   0x00000070   Code   RO         1200    i.HardFileSeek      hdd.o
    0x0800ca9c   0x000000a4   Code   RO         1307    i.IDXIndex          idxfile.o
    0x0800cb40   0x00000010   Code   RO         2959    i.IDXRead           user_io.o
    0x0800cb50   0x00000070   Code   RO         1309    i.IDXSeek           idxfile.o
    0x0800cbc0   0x00000344   Code   RO         1201    i.IdentifyDevice    hdd.o
    0x0800cf04   0x00000048   Code   RO         1722    i.InfoMessage       menu.o
    0x0800cf4c   0x00000034   Code   RO         2960    i.InitADC           user_io.o
    0x0800cf80   0x000000c4   Code   RO         1723    i.InsertFloppy      menu.o
    0x0800d044   0x000003e4   Code   RO          510    i.LoadConfiguration  config.o
    0x0800d428   0x0000001e   Code   RO         2064    i.MM1_ConfigFilter  osd.o
    0x0800d446   0x00000012   Code   RO         2065    i.MM1_ConfigScanlines  osd.o
    0x0800d458   0x0000008c   Code   RO         1968    i.MMC_CMD12         mmc.o
    0x0800d4e4   0x00000020   Code   RO         1969    i.MMC_CheckCard     mmc.o
    0x0800d504   0x0000000e   Code   RO         1970    i.MMC_GetCID        mmc.o
    0x0800d512   0x0000000e   Code   RO         1971    i.MMC_GetCSD        mmc.o
    0x0800d520   0x00000100   Code   RO         1972    i.MMC_GetCXD        mmc.o
    0x0800d620   0x0000007a   Code   RO         1973    i.MMC_GetCapacity   mmc.o
    0x0800d69a   0x00000002   PAD
    0x0800d69c   0x00000364   Code   RO         1974    i.MMC_Init          mmc.o
    0x0800da00   0x00000014   Code   RO         1975    i.MMC_IsSDHC        mmc.o
    0x0800da14   0x00000148   Code   RO         1976    i.MMC_ReadMultiple  mmc.o
    0x0800db5c   0x0000017c   Code   RO         1977    i.MMC_Write         mmc.o
    0x0800dcd8   0x00000148   Code   RO         2066    i.OSD_PrintText     osd.o
    0x0800de20   0x00000248   Code   RO         1202    i.OpenHardfile      hdd.o
    0x0800e068   0x00000028   Code   RO         2067    i.OsdClear          osd.o
    0x0800e090   0x00000008   Code   RO         2068    i.OsdCoreName       osd.o
    0x0800e098   0x00000018   Code   RO         2069    i.OsdCoreNameSet    osd.o
    0x0800e0b0   0x00000020   Code   RO         2070    i.OsdDisable        osd.o
    0x0800e0d0   0x00000178   Code   RO         2071    i.OsdDrawLogo       osd.o
    0x0800e248   0x00000030   Code   RO         2072    i.OsdEnable         osd.o
    0x0800e278   0x00000110   Code   RO         2073    i.OsdGetCtrl        osd.o
    0x0800e388   0x0000000c   Code   RO         2074    i.OsdKeyGet         osd.o
    0x0800e394   0x0000000c   Code   RO         2075    i.OsdKeySet         osd.o
    0x0800e3a0   0x0000002a   Code   RO         2076    i.OsdReset          osd.o
    0x0800e3ca   0x00000002   PAD
    0x0800e3cc   0x00000118   Code   RO         2077    i.OsdSetTitle       osd.o
    0x0800e4e4   0x0000001c   Code   RO         2078    i.OsdWrite          osd.o
    0x0800e500   0x00000270   Code   RO         2079    i.OsdWriteOffset    osd.o
    0x0800e770   0x00000020   Code   RO         2961    i.PollAdc           user_io.o
    0x0800e790   0x000000ac   Code   RO         2962    i.PollOneAdc        user_io.o
    0x0800e83c   0x000000e4   Code   RO          984    i.PrepareBootUpload  fpga.o
    0x0800e920   0x000001e8   Code   RO         1725    i.PrintDirectory    menu.o
    0x0800eb08   0x00000028   Code   RO         2281    i.RAOpen            rafile.o
    0x0800eb30   0x000000ba   Code   RO         2282    i.RARead            rafile.o
    0x0800ebea   0x00000020   Code   RO         1203    i.RDBChecksum       hdd.o
    0x0800ec0a   0x00000002   PAD
    0x0800ec0c   0x000001b4   Code   RO          851    i.ReadTrack         fdd.o
    0x0800edc0   0x00000030   Code   RO            4    i.SPI               archie.o
    0x0800edf0   0x00000030   Code   RO          225    i.SPI               boot.o
    0x0800ee20   0x00000030   Code   RO          511    i.SPI               config.o
    0x0800ee50   0x00000030   Code   RO          852    i.SPI               fdd.o
    0x0800ee80   0x00000030   Code   RO          985    i.SPI               fpga.o
    0x0800eeb0   0x00000030   Code   RO         1204    i.SPI               hdd.o
    0x0800eee0   0x00000030   Code   RO         1659    i.SPI               main.o
    0x0800ef10   0x00000030   Code   RO         1726    i.SPI               menu.o
    0x0800ef40   0x00000030   Code   RO         1978    i.SPI               mmc.o
    0x0800ef70   0x00000030   Code   RO         2080    i.SPI               osd.o
    0x0800efa0   0x00000030   Code   RO         2326    i.SPI               spi.o
    0x0800efd0   0x00000030   Code   RO         2694    i.SPI               tos.o
    0x0800f000   0x00000030   Code   RO         2963    i.SPI               user_io.o
    0x0800f030   0x00000018   Code   RO         4684    i.SPI2_Control      spi_stm32f4xx.o
    0x0800f048   0x00000010   Code   RO         4685    i.SPI2_GetDataCount  spi_stm32f4xx.o
    0x0800f058   0x00000010   Code   RO         4686    i.SPI2_GetStatus    spi_stm32f4xx.o
    0x0800f068   0x00000010   Code   RO         4687    i.SPI2_IRQHandler   spi_stm32f4xx.o
    0x0800f078   0x00000014   Code   RO         4688    i.SPI2_Initialize   spi_stm32f4xx.o
    0x0800f08c   0x00000014   Code   RO         4689    i.SPI2_PowerControl  spi_stm32f4xx.o
    0x0800f0a0   0x00000018   Code   RO         4690    i.SPI2_Receive      spi_stm32f4xx.o
    0x0800f0b8   0x00000018   Code   RO         4691    i.SPI2_Send         spi_stm32f4xx.o
    0x0800f0d0   0x0000001c   Code   RO         4692    i.SPI2_Transfer     spi_stm32f4xx.o
    0x0800f0ec   0x00000010   Code   RO         4693    i.SPI2_Uninitialize  spi_stm32f4xx.o
    0x0800f0fc   0x0000000c   Code   RO         4694    i.SPIX_GetCapabilities  spi_stm32f4xx.o
    0x0800f108   0x00000010   Code   RO         4695    i.SPIX_GetVersion   spi_stm32f4xx.o
    0x0800f118   0x00000442   Code   RO         4696    i.SPI_Control       spi_stm32f4xx.o
    0x0800f55a   0x00000008   Code   RO         4697    i.SPI_GetDataCount  spi_stm32f4xx.o
    0x0800f562   0x0000002c   Code   RO         4698    i.SPI_GetStatus     spi_stm32f4xx.o
    0x0800f58e   0x0000020c   Code   RO         4699    i.SPI_IRQHandler    spi_stm32f4xx.o
    0x0800f79a   0x000000b6   Code   RO         4700    i.SPI_Initialize    spi_stm32f4xx.o
    0x0800f850   0x000000a0   Code   RO         4701    i.SPI_PeripheralReset  spi_stm32f4xx.o
    0x0800f8f0   0x000001ac   Code   RO         4702    i.SPI_PowerControl  spi_stm32f4xx.o
    0x0800fa9c   0x00000094   Code   RO         4703    i.SPI_Receive       spi_stm32f4xx.o
    0x0800fb30   0x00000094   Code   RO         4704    i.SPI_Send          spi_stm32f4xx.o
    0x0800fbc4   0x00000070   Code   RO         4705    i.SPI_Transfer      spi_stm32f4xx.o
    0x0800fc34   0x00000054   Code   RO         4706    i.SPI_Uninitialize  spi_stm32f4xx.o
    0x0800fc88   0x00000018   Code   RO         2695    i.SPI_WRITE         tos.o
    0x0800fca0   0x000001b0   Code   RO          512    i.SaveConfiguration  config.o
    0x0800fe50   0x000013dc   Code   RO          672    i.ScanDirectory     fat.o
    0x0801122c   0x000000a8   Code   RO         1727    i.ScrollLongName    menu.o
    0x080112d4   0x00000020   Code   RO         2081    i.ScrollReset       osd.o
    0x080112f4   0x000000cc   Code   RO         2082    i.ScrollText        osd.o
    0x080113c0   0x00000194   Code   RO         1728    i.SelectFile        menu.o
    0x08011554   0x000000d0   Code   RO          986    i.SendFile          fpga.o
    0x08011624   0x0000011c   Code   RO          987    i.SendFileEncrypted  fpga.o
    0x08011740   0x0000010c   Code   RO          988    i.SendFileV2        fpga.o
    0x0801184c   0x0000001a   Code   RO          853    i.SendGap           fdd.o
    0x08011866   0x00000236   Code   RO          854    i.SendSector        fdd.o
    0x08011a9c   0x0000003c   Code   RO          513    i.SetConfigurationFilename  config.o
    0x08011ad8   0x00000060   Code   RO         2083    i.StarsInit         osd.o
    0x08011b38   0x000000d8   Code   RO         2084    i.StarsUpdate       osd.o
    0x08011c10   0x00000006   Code   RO         2556    i.StateJoyGet       stm32_stubs.o
    0x08011c16   0x00000006   Code   RO         2557    i.StateJoyGetExtra  stm32_stubs.o
    0x08011c1c   0x00000002   Code   RO         2558    i.StateJoySet       stm32_stubs.o
    0x08011c1e   0x00000002   Code   RO         2559    i.StateJoySetExtra  stm32_stubs.o
    0x08011c20   0x00000004   Code   RO         2560    i.StateKeyboardModifiers  stm32_stubs.o
    0x08011c24   0x00000006   Code   RO         2561    i.StateKeyboardPressed  stm32_stubs.o
    0x08011c2a   0x00000002   Code   RO         2562    i.StateKeyboardSet  stm32_stubs.o
    0x08011c2c   0x00000004   Code   RO         2563    i.StateNumJoysticks  stm32_stubs.o
    0x08011c30   0x00000002   Code   RO         2564    i.StateNumJoysticksSet  stm32_stubs.o
    0x08011c32   0x00000002   PAD
    0x08011c34   0x00000024   Code   RO         1729    i.StateTurboReset   menu.o
    0x08011c58   0x0000002c   Code   RO         1730    i.StateTurboSet     menu.o
    0x08011c84   0x00000006   Code   RO         2565    i.StateUsbGetNumButtons  stm32_stubs.o
    0x08011c8a   0x00000002   Code   RO         2566    i.StateUsbIdSet     stm32_stubs.o
    0x08011c8c   0x00000006   Code   RO         2567    i.StateUsbJoyGet    stm32_stubs.o
    0x08011c92   0x00000006   Code   RO         2568    i.StateUsbJoyGetExtra  stm32_stubs.o
    0x08011c98   0x00000002   Code   RO         2569    i.StateUsbJoySet    stm32_stubs.o
    0x08011c9a   0x00000006   Code   RO         2570    i.StateUsbPidGet    stm32_stubs.o
    0x08011ca0   0x00000006   Code   RO         2571    i.StateUsbVidGet    stm32_stubs.o
    0x08011ca6   0x00000002   PAD
    0x08011ca8   0x00000064   Code   RO         5924    i.SystemInit        system_stm32f4xx.o
    0x08011d0c   0x0000000c   Code   RO         1072    i.TIMER_wait        hardware.o
    0x08011d18   0x00000070   Code   RO         1073    i.Timer_Init        hardware.o
    0x08011d88   0x00000074   Code   RO         1074    i.USART_Init        hardware.o
    0x08011dfc   0x00000074   Code   RO         1075    i.USART_Poll        hardware.o
    0x08011e70   0x00000054   Code   RO         1076    i.USART_Write       hardware.o
    0x08011ec4   0x00000040   Code   RO          855    i.UpdateDriveStatus  fdd.o
    0x08011f04   0x000000b4   Code   RO          673    i.UpdateEntry       fat.o
    0x08011fb8   0x00000244   Code   RO          514    i.UploadActionReplay  config.o
    0x080121fc   0x000003f0   Code   RO          515    i.UploadKickstart   config.o
    0x080125ec   0x00000080   Code   RO         1077    i.Usart0IrqHandler  hardware.o
    0x0801266c   0x0000001a   Code   RO         1078    i.WaitTimer         hardware.o
    0x08012686   0x00000032   Code   RO         1205    i.WriteStatus       hdd.o
    0x080126b8   0x00000094   Code   RO         1206    i.WriteTaskFile     hdd.o
    0x0801274c   0x000000e4   Code   RO          856    i.WriteTrack        fdd.o
    0x08012830   0x0000000e   Code   RO         6072    i._is_digit         c_w.l(__printf_wp.o)
    0x0801283e   0x00000028   Code   RO         1732    i._strncpy          menu.o
    0x08012866   0x0000003a   Code   RO          674    i._strnicmp         fat.o
    0x080128a0   0x00000018   Code   RO         2696    i.acsi_cmd_name     tos.o
    0x080128b8   0x000000c0   Code   RO         1733    i.append_joystick_usbid  menu.o
    0x08012978   0x00000048   Code   RO            5    i.archie_check_queue  archie.o
    0x080129c0   0x0000003c   Code   RO            6    i.archie_fdc_set_status  archie.o
    0x080129fc   0x0000001c   Code   RO            7    i.archie_floppy_is_inserted  archie.o
    0x08012a18   0x00000044   Code   RO            8    i.archie_get_floppy_name  archie.o
    0x08012a5c   0x00000018   Code   RO            9    i.archie_get_rom_name  archie.o
    0x08012a74   0x0000022c   Code   RO           10    i.archie_handle_fdc  archie.o
    0x08012ca0   0x0000038c   Code   RO           11    i.archie_handle_kbd  archie.o
    0x0801302c   0x00000278   Code   RO           12    i.archie_init       archie.o
    0x080132a4   0x000000e4   Code   RO           13    i.archie_kbd        archie.o
    0x08013388   0x000000b0   Code   RO           14    i.archie_kbd_enqueue  archie.o
    0x08013438   0x0000005c   Code   RO           15    i.archie_kbd_reset  archie.o
    0x08013494   0x00000030   Code   RO           16    i.archie_kbd_send   archie.o
    0x080134c4   0x0000005c   Code   RO           17    i.archie_kbd_tx     archie.o
    0x08013520   0x00000198   Code   RO           18    i.archie_mouse      archie.o
    0x080136b8   0x0000000c   Code   RO           19    i.archie_poll       archie.o
    0x080136c4   0x0000010c   Code   RO           20    i.archie_save_config  archie.o
    0x080137d0   0x00000124   Code   RO           21    i.archie_send_file  archie.o
    0x080138f4   0x00000098   Code   RO           22    i.archie_set_floppy  archie.o
    0x0801398c   0x00000068   Code   RO           23    i.archie_set_rom    archie.o
    0x080139f4   0x00000028   Code   RO         3339    i.asix_get_phy_addr  asix.o
    0x08013a1c   0x0000003e   Code   RO         3340    i.asix_get_phyid    asix.o
    0x08013a5a   0x0000002e   Code   RO         3341    i.asix_mdio_read    asix.o
    0x08013a88   0x0000002e   Code   RO         3342    i.asix_mdio_write   asix.o
    0x08013ab6   0x000000a4   Code   RO         3343    i.asix_parse_conf   asix.o
    0x08013b5a   0x00000028   Code   RO         3344    i.asix_read_cmd     asix.o
    0x08013b82   0x00000026   Code   RO         3345    i.asix_read_medium_status  asix.o
    0x08013ba8   0x00000026   Code   RO         3346    i.asix_read_rx_ctl  asix.o
    0x08013bce   0x0000001c   Code   RO         3347    i.asix_set_hw_mii   asix.o
    0x08013bea   0x0000001c   Code   RO         3348    i.asix_set_sw_mii   asix.o
    0x08013c06   0x00000026   Code   RO         3349    i.asix_sw_reset     asix.o
    0x08013c2c   0x00000028   Code   RO         3350    i.asix_write_cmd    asix.o
    0x08013c54   0x0000002c   Code   RO         3351    i.asix_write_gpio   asix.o
    0x08013c80   0x0000001e   Code   RO         3352    i.asix_write_medium_mode  asix.o
    0x08013c9e   0x0000001e   Code   RO         3353    i.asix_write_rx_ctl  asix.o
    0x08013cbc   0x00000026   Code   RO         1734    i.assign_ps2_modifier  menu.o
    0x08013ce2   0x00000012   Code   RO         1353    i.bcd2bin           ikbd.o
    0x08013cf4   0x00000012   Code   RO         4411    i.bcd2bin           usbrtc.o
    0x08013d06   0x0000000c   Code   RO         1354    i.be16              ikbd.o
    0x08013d12   0x0000001c   Code   RO         1355    i.bin2bcd           ikbd.o
    0x08013d2e   0x0000001c   Code   RO         4412    i.bin2bcd           usbrtc.o
    0x08013d4a   0x00000012   Code   RO         2572    i.bzero             stm32_stubs.o
    0x08013d5c   0x00000024   Code   RO          335    i.cdc_control_flush  cdc_control.o
    0x08013d80   0x00000024   Code   RO          336    i.cdc_control_open  cdc_control.o
    0x08013da4   0x000002cc   Code   RO          337    i.cdc_control_poll  cdc_control.o
    0x08014070   0x00000038   Code   RO          338    i.cdc_control_tx    cdc_control.o
    0x080140a8   0x00000034   Code   RO          339    i.cdc_puts          cdc_control.o
    0x080140dc   0x00000024   Code   RO         2964    i.check_reset       user_io.o
    0x08014100   0x00000034   Code   RO         1207    i.chs2lba           hdd.o
    0x08014134   0x00000050   Code   RO         4079    i.clear_ep_halt     storage.o
    0x08014184   0x000000ce   Code   RO         3502    i.collect_bits      hid.o
    0x08014252   0x00000016   Code   RO         2965    i.dig2ana           user_io.o
    0x08014268   0x0000001a   Code   RO         2697    i.dma_ack           tos.o
    0x08014282   0x00000012   Code   RO         2698    i.dma_nak           tos.o
    0x08014294   0x0000003c   Code   RO         1356    i.enqueue           ikbd.o
    0x080142d0   0x00000050   Code   RO          407    i.ep_tx             cdc_enumerate.o
    0x08014320   0x00000030   Code   RO          675    i.fat_medium_present  fat.o
    0x08014350   0x00000020   Code   RO          676    i.fat_switch_to_usb  fat.o
    0x08014370   0x0000001c   Code   RO          677    i.fat_uses_mmc      fat.o
    0x0801438c   0x0000038c   Code   RO          989    i.fpga_init         fpga.o
    0x08014718   0x0000001a   Code   RO         6192    i.fputc             c_w.l(fputc.o)
    0x08014732   0x00000002   PAD
    0x08014734   0x00000024   Code   RO         2085    i.framebuffer_clear  osd.o
    0x08014758   0x00000038   Code   RO         2086    i.framebuffer_plot  osd.o
    0x08014790   0x0000002e   Code   RO         1735    i.getIdx            menu.o
    0x080147be   0x0000003e   Code   RO         1736    i.getStatus         menu.o
    0x080147fc   0x000001d8   Code   RO         3792    i.get_joystick_alias  joymapping.o
    0x080149d4   0x0000010c   Code   RO         1738    i.get_joystick_id   menu.o
    0x08014ae0   0x000001c4   Code   RO         1739    i.get_joystick_state  menu.o
    0x08014ca4   0x00000174   Code   RO         1740    i.get_joystick_state_usb  menu.o
    0x08014e18   0x000000a4   Code   RO         4080    i.get_max_lun       storage.o
    0x08014ebc   0x0000009c   Code   RO         3503    i.handle_5200daptor  hid.o
    0x08014f58   0x000007c4   Code   RO         2700    i.handle_acsi       tos.o
    0x0801571c   0x000002a8   Code   RO         2701    i.handle_fdc        tos.o
    0x080159c4   0x00000078   Code   RO         4081    i.handle_usb_error  storage.o
    0x08015a3c   0x000000c8   Code   RO         1080    i.hexdump           hardware.o
    0x08015b04   0x0000000c   Code   RO         3504    i.hid_get_joysticks  hid.o
    0x08015b10   0x000001b4   Code   RO         3505    i.hid_get_report_descr  hid.o
    0x08015cc4   0x00000148   Code   RO         3506    i.hid_joystick_button_remap  hid.o
    0x08015e0c   0x00000010   Code   RO         3507    i.hid_joystick_button_remap_init  hid.o
    0x08015e1c   0x0000006c   Code   RO         3508    i.hid_keyboard_present  hid.o
    0x08015e88   0x00000028   Code   RO         3509    i.hid_set_idle      hid.o
    0x08015eb0   0x000000e4   Code   RO         3510    i.hid_set_kbd_led   hid.o
    0x08015f94   0x00000022   Code   RO         3511    i.hid_set_protocol  hid.o
    0x08015fb6   0x0000002a   Code   RO         3512    i.hid_set_report    hid.o
    0x08015fe0   0x00000070   Code   RO         4413    i.i2c_read_with_cmd  usbrtc.o
    0x08016050   0x0000001c   Code   RO         4415    i.i2c_tiny_usb_get_status  usbrtc.o
    0x0801606c   0x00000034   Code   RO         4416    i.i2c_tiny_usb_probe  usbrtc.o
    0x080160a0   0x00000028   Code   RO         4417    i.i2c_tiny_usb_read  usbrtc.o
    0x080160c8   0x0000006c   Code   RO         4419    i.i2c_write_cmd_and_data  usbrtc.o
    0x08016134   0x00000080   Code   RO         1357    i.ikbd_handle_input  ikbd.o
    0x080161b4   0x00000040   Code   RO         1358    i.ikbd_handler_disable_joysticks  ikbd.o
    0x080161f4   0x0000003c   Code   RO         1359    i.ikbd_handler_disable_mouse  ikbd.o
    0x08016230   0x00000048   Code   RO         1360    i.ikbd_handler_interrogate_joystick  ikbd.o
    0x08016278   0x00000054   Code   RO         1361    i.ikbd_handler_interrogate_mouse_pos  ikbd.o
    0x080162cc   0x000000b4   Code   RO         1362    i.ikbd_handler_interrogate_time  ikbd.o
    0x08016380   0x00000060   Code   RO         1363    i.ikbd_handler_load_mouse_pos  ikbd.o
    0x080163e0   0x00000064   Code   RO         1364    i.ikbd_handler_mouse_button_action  ikbd.o
    0x08016444   0x00000014   Code   RO         1365    i.ikbd_handler_pause  ikbd.o
    0x08016458   0x0000004c   Code   RO         1366    i.ikbd_handler_reset  ikbd.o
    0x080164a4   0x00000014   Code   RO         1367    i.ikbd_handler_resume  ikbd.o
    0x080164b8   0x0000008c   Code   RO         1368    i.ikbd_handler_set_abs_mouse_pos  ikbd.o
    0x08016544   0x00000054   Code   RO         1369    i.ikbd_handler_set_joystick_event_reporting  ikbd.o
    0x08016598   0x00000058   Code   RO         1370    i.ikbd_handler_set_joystick_interrogation_mode  ikbd.o
    0x080165f0   0x0000004c   Code   RO         1371    i.ikbd_handler_set_mouse_keycode_mode  ikbd.o
    0x0801663c   0x00000050   Code   RO         1372    i.ikbd_handler_set_mouse_scale  ikbd.o
    0x0801668c   0x00000044   Code   RO         1373    i.ikbd_handler_set_mouse_threshold  ikbd.o
    0x080166d0   0x00000058   Code   RO         1374    i.ikbd_handler_set_relative_mouse_pos  ikbd.o
    0x08016728   0x00000040   Code   RO         1375    i.ikbd_handler_set_y_bottom  ikbd.o
    0x08016768   0x0000003c   Code   RO         1376    i.ikbd_handler_set_y_top  ikbd.o
    0x080167a4   0x000000a8   Code   RO         1377    i.ikbd_handler_time_set  ikbd.o
    0x0801684c   0x0000006c   Code   RO         1378    i.ikbd_init         ikbd.o
    0x080168b8   0x00000018   Code   RO         1379    i.ikbd_joystick     ikbd.o
    0x080168d0   0x00000054   Code   RO         1380    i.ikbd_keyboard     ikbd.o
    0x08016924   0x0000015c   Code   RO         1381    i.ikbd_mouse        ikbd.o
    0x08016a80   0x0000030c   Code   RO         1382    i.ikbd_poll         ikbd.o
    0x08016d8c   0x00000018   Code   RO         1383    i.ikbd_reset        ikbd.o
    0x08016da4   0x000000fc   Code   RO         1384    i.ikbd_update_time  ikbd.o
    0x08016ea0   0x000000b4   Code   RO         1573    i.ini_get_section   ini_parser.o
    0x08016f54   0x0000048c   Code   RO         1574    i.ini_get_var       ini_parser.o
    0x080173e0   0x00000050   Code   RO         1575    i.ini_getch         ini_parser.o
    0x08017430   0x000000a0   Code   RO         1576    i.ini_getline       ini_parser.o
    0x080174d0   0x000000ec   Code   RO         1577    i.ini_parse         ini_parser.o
    0x080175bc   0x0000001e   Code   RO         4082    i.inquiry           storage.o
    0x080175da   0x00000002   PAD
    0x080175dc   0x0000002c   Code   RO         2966    i.is_emu_key        user_io.o
    0x08017608   0x00000006   Code   RO         2573    i.itoa              stm32_stubs.o
    0x0801760e   0x00000002   PAD
    0x08017610   0x00000010   Code   RO         3793    i.joy_key_map_init  joymapping.o
    0x08017620   0x00000158   Code   RO         3794    i.joystick_key_map  joymapping.o
    0x08017778   0x00000038   Code   RO         1385    i.joystick_map2ikbd  ikbd.o
    0x080177b0   0x00000026   Code   RO         2967    i.joystick_renumber  user_io.o
    0x080177d6   0x00000002   PAD
    0x080177d8   0x0000003c   Code   RO         2968    i.kbd_fifo_enqueue  user_io.o
    0x08017814   0x00000028   Code   RO         2969    i.kbd_fifo_minimig_send  user_io.o
    0x0801783c   0x00000058   Code   RO         2970    i.kbd_fifo_poll     user_io.o
    0x08017894   0x00000044   Code   RO         2971    i.key_used_by_osd   user_io.o
    0x080178d8   0x0000005c   Code   RO         2972    i.keycode           user_io.o
    0x08017934   0x00000024   Code   RO          678    i.lfn_checksum      fat.o
    0x08017958   0x000001a4   Code   RO         1660    i.main              main.o
    0x08017afc   0x00000048   Code   RO         4083    i.mass_storage_reset  storage.o
    0x08017b44   0x000000ac   Code   RO         3865    i.max3421e_busprobe  max3421e.o
    0x08017bf0   0x000000b0   Code   RO         3866    i.max3421e_init     max3421e.o
    0x08017ca0   0x0000007c   Code   RO         3867    i.max3421e_poll     max3421e.o
    0x08017d1c   0x0000004c   Code   RO         3868    i.max3421e_read     max3421e.o
    0x08017d68   0x00000030   Code   RO         3869    i.max3421e_read_u08  max3421e.o
    0x08017d98   0x00000032   Code   RO         3870    i.max3421e_reset    max3421e.o
    0x08017dca   0x00000002   PAD
    0x08017dcc   0x00000038   Code   RO         3871    i.max3421e_write    max3421e.o
    0x08017e04   0x00000030   Code   RO         3872    i.max3421e_write_u08  max3421e.o
    0x08017e34   0x00000008   Code   RO          226    i.mem_upload_fini   boot.o
    0x08017e3c   0x0000000e   Code   RO          227    i.mem_upload_init   boot.o
    0x08017e4a   0x00000012   Code   RO          228    i.mem_write16       boot.o
    0x08017e5c   0x0000002c   Code   RO         3354    i.mii_nway_restart  asix.o
    0x08017e88   0x00000014   Code   RO         2973    i.minimig_v1        user_io.o
    0x08017e9c   0x00000014   Code   RO         2974    i.minimig_v2        user_io.o
    0x08017eb0   0x0000003e   Code   RO         2702    i.mist_get_dmastate  tos.o
    0x08017eee   0x00000002   PAD
    0x08017ef0   0x0000001c   Code   RO         1932    i.mist_ini_parse    mist_cfg.o
    0x08017f0c   0x0000001a   Code   RO         2704    i.mist_memory_read_block  tos.o
    0x08017f26   0x0000002c   Code   RO         2705    i.mist_memory_set   tos.o
    0x08017f52   0x00000042   Code   RO         2706    i.mist_memory_set_address  tos.o
    0x08017f94   0x00000030   Code   RO         2707    i.mist_memory_write  tos.o
    0x08017fc4   0x0000001a   Code   RO         2708    i.mist_memory_write_block  tos.o
    0x08017fde   0x00000030   Code   RO         2709    i.mist_set_control  tos.o
    0x0801800e   0x00000002   PAD
    0x08018010   0x00000014   Code   RO         1081    i.mmc_inserted      hardware.o
    0x08018024   0x00000064   Code   RO         2975    i.modifier_keycode  user_io.o
    0x08018088   0x00000046   Code   RO           24    i.nice_name         archie.o
    0x080180ce   0x00000046   Code   RO         2710    i.nice_name         tos.o
    0x08018114   0x00000446   Code   RO         3677    i.parse_report_descriptor  hidparser.o
    0x0801855a   0x00000002   PAD
    0x0801855c   0x00000054   Code   RO         3933    i.pl2303_SetControlLineState  pl2303.o
    0x080185b0   0x00000054   Code   RO         3934    i.pl2303_SetLineCoding  pl2303.o
    0x08018604   0x000003f8   Code   RO         3936    i.pl2303_init       pl2303.o
    0x080189fc   0x00000024   Code   RO         3937    i.pl2303_is_blocked  pl2303.o
    0x08018a20   0x00000208   Code   RO         3938    i.pl2303_parse_conf0  pl2303.o
    0x08018c28   0x00000304   Code   RO         3939    i.pl2303_poll       pl2303.o
    0x08018f2c   0x00000014   Code   RO         3940    i.pl2303_present    pl2303.o
    0x08018f40   0x00000040   Code   RO         3941    i.pl2303_release    pl2303.o
    0x08018f80   0x0000010c   Code   RO         3945    i.pl2303_settings_dev  pl2303.o
    0x0801908c   0x0000003c   Code   RO         3947    i.pl2303_tx_byte    pl2303.o
    0x080190c8   0x000000dc   Code   RO         3948    i.pl2303_tx_dev     pl2303.o
    0x080191a4   0x00000060   Code   RO         3949    i.pl2303_vendor_read  pl2303.o
    0x08019204   0x0000005c   Code   RO         3950    i.pl2303_vendor_write  pl2303.o
    0x08019260   0x00000034   Code   RO         2087    i.quickrand         osd.o
    0x08019294   0x00000084   Code   RO         4084    i.read              storage.o
    0x08019318   0x0000001e   Code   RO         4085    i.read_capacity     storage.o
    0x08019336   0x0000003e   Code   RO         3678    i.report_is_usable  hidparser.o
    0x08019374   0x0000002c   Code   RO         2088    i.rotatechar        osd.o
    0x080193a0   0x00000064   Code   RO         4087    i.scsi_command_in   storage.o
    0x08019404   0x00000130   Code   RO         2976    i.send_keycode      user_io.o
    0x08019534   0x00000038   Code   RO         1742    i.setStatus         menu.o
    0x0801956c   0x000000a0   Code   RO         1743    i.set_text          menu.o
    0x0801960c   0x00000034   Code   RO         1744    i.siprintbinary     menu.o
    0x08019640   0x00000012   Code   RO         2327    i.spi16             spi.o
    0x08019652   0x0000001c   Code   RO         2328    i.spi24             spi.o
    0x0801966e   0x00000022   Code   RO         2329    i.spi32             spi.o
    0x08019690   0x00000022   Code   RO         2330    i.spi32le           spi.o
    0x080196b2   0x0000000c   Code   RO         2331    i.spi8              spi.o
    0x080196be   0x00000002   PAD
    0x080196c0   0x0000003c   Code   RO         2332    i.spi_block         spi.o
    0x080196fc   0x00000010   Code   RO         2333    i.spi_block_write   spi.o
    0x0801970c   0x00000010   Code   RO         2334    i.spi_fast          spi.o
    0x0801971c   0x00000010   Code   RO         2335    i.spi_fast_mmc      spi.o
    0x0801972c   0x0000000a   Code   RO         2336    i.spi_in            spi.o
    0x08019736   0x00000002   PAD
    0x08019738   0x00000034   Code   RO         2337    i.spi_init          spi.o
    0x0801976c   0x0000001a   Code   RO         2338    i.spi_n             spi.o
    0x08019786   0x00000010   Code   RO         2339    i.spi_osd_cmd       spi.o
    0x08019796   0x00000018   Code   RO         2341    i.spi_osd_cmd32_cont  spi.o
    0x080197ae   0x00000018   Code   RO         2343    i.spi_osd_cmd32le_cont  spi.o
    0x080197c6   0x00000014   Code   RO         2344    i.spi_osd_cmd8      spi.o
    0x080197da   0x00000018   Code   RO         2345    i.spi_osd_cmd8_cont  spi.o
    0x080197f2   0x00000010   Code   RO         2346    i.spi_osd_cmd_cont  spi.o
    0x08019802   0x00000002   PAD
    0x08019804   0x00000010   Code   RO         2347    i.spi_slow          spi.o
    0x08019814   0x00000032   Code   RO         2349    i.spi_uio_cmd32     spi.o
    0x08019846   0x00000014   Code   RO         2350    i.spi_uio_cmd8      spi.o
    0x0801985a   0x00000018   Code   RO         2351    i.spi_uio_cmd8_cont  spi.o
    0x08019872   0x00000010   Code   RO         2352    i.spi_uio_cmd_cont  spi.o
    0x08019882   0x00000002   PAD
    0x08019884   0x00000044   Code   RO         2353    i.spi_write         spi.o
    0x080198c8   0x00000090   Code   RO         4088    i.storage_in        storage.o
    0x08019958   0x000000a8   Code   RO         4089    i.storage_out       storage.o
    0x08019a00   0x00000230   Code   RO         4090    i.storage_parse_conf  storage.o
    0x08019c30   0x00000030   Code   RO         1745    i.substrcpy         menu.o
    0x08019c60   0x0000001a   Code   RO         4091    i.swap32            storage.o
    0x08019c7a   0x00000002   PAD
    0x08019c7c   0x00000010   Code   RO         1083    i.timer0_c_irq_handler  hardware.o
    0x08019c8c   0x00000018   Code   RO         4233    i.timer_delay_msec  timer.o
    0x08019ca4   0x0000000c   Code   RO         4234    i.timer_get_msec    timer.o
    0x08019cb0   0x0000000c   Code   RO         4235    i.timer_init        timer.o
    0x08019cbc   0x0000000c   Code   RO         2711    i.tos_cartridge_is_inserted  tos.o
    0x08019cc8   0x00000020   Code   RO         2712    i.tos_clr           tos.o
    0x08019ce8   0x000000f0   Code   RO         2714    i.tos_config_init   tos.o
    0x08019dd8   0x00000104   Code   RO         2715    i.tos_config_save   tos.o
    0x08019edc   0x00000040   Code   RO         2716    i.tos_disk_is_inserted  tos.o
    0x08019f1c   0x0000007c   Code   RO         2717    i.tos_eject_all     tos.o
    0x08019f98   0x000000a4   Code   RO         2718    i.tos_font_load     tos.o
    0x0801a03c   0x0000003c   Code   RO         2719    i.tos_get_cartridge_name  tos.o
    0x0801a078   0x0000000c   Code   RO         2720    i.tos_get_cdc_control_redirect  tos.o
    0x0801a084   0x0000000c   Code   RO         2721    i.tos_get_direct_hdd  tos.o
    0x0801a090   0x00000070   Code   RO         2722    i.tos_get_disk_name  tos.o
    0x0801a100   0x00000018   Code   RO         2723    i.tos_get_image_name  tos.o
    0x0801a118   0x0000000c   Code   RO         2724    i.tos_get_video_adjust  tos.o
    0x0801a124   0x00000248   Code   RO         2725    i.tos_insert_disk   tos.o
    0x0801a36c   0x00000164   Code   RO         2726    i.tos_load_cartridge  tos.o
    0x0801a4d0   0x00000060   Code   RO         2727    i.tos_poll          tos.o
    0x0801a530   0x00000030   Code   RO         2728    i.tos_reset         tos.o
    0x0801a560   0x000000bc   Code   RO         2729    i.tos_select_hdd_image  tos.o
    0x0801a61c   0x00000038   Code   RO         2730    i.tos_set_cdc_control_redirect  tos.o
    0x0801a654   0x00000150   Code   RO         2731    i.tos_set_direct_hdd  tos.o
    0x0801a7a4   0x00000040   Code   RO         2732    i.tos_set_video_adjust  tos.o
    0x0801a7e4   0x0000000c   Code   RO         2733    i.tos_system_ctrl   tos.o
    0x0801a7f0   0x00000020   Code   RO         2734    i.tos_update_sysctrl  tos.o
    0x0801a810   0x000005e4   Code   RO         2735    i.tos_upload        tos.o
    0x0801adf4   0x000000ac   Code   RO         2736    i.tos_write         tos.o
    0x0801aea0   0x00000268   Code   RO         4093    i.transaction       storage.o
    0x0801b108   0x00000020   Code   RO         2977    i.usb2amiga         user_io.o
    0x0801b128   0x00000024   Code   RO         2978    i.usb2ps2code       user_io.o
    0x0801b14c   0x000000bc   Code   RO         4257    i.usb_InTransfer    usb.o
    0x0801b208   0x0000015e   Code   RO         4258    i.usb_OutTransfer   usb.o
    0x0801b366   0x00000002   PAD
    0x0801b368   0x00000014   Code   RO         4259    i.usb_ResetHubPreMask  usb.o
    0x0801b37c   0x00000014   Code   RO         4260    i.usb_SetHubPreMask  usb.o
    0x0801b390   0x00000310   Code   RO         3355    i.usb_asix_init     asix.o
    0x0801b6a0   0x000002d8   Code   RO         3356    i.usb_asix_poll     asix.o
    0x0801b978   0x00000020   Code   RO         3357    i.usb_asix_release  asix.o
    0x0801b998   0x00000024   Code   RO         3358    i.usb_asix_xmit     asix.o
    0x0801b9bc   0x00000010   Code   RO          411    i.usb_cdc_is_configured  cdc_enumerate.o
    0x0801b9cc   0x00000064   Code   RO          412    i.usb_cdc_open      cdc_enumerate.o
    0x0801ba30   0x00000088   Code   RO          413    i.usb_cdc_read      cdc_enumerate.o
    0x0801bab8   0x0000002e   Code   RO          414    i.usb_cdc_write     cdc_enumerate.o
    0x0801bae6   0x00000002   PAD
    0x0801bae8   0x000001e0   Code   RO         4261    i.usb_configure     usb.o
    0x0801bcc8   0x000000dc   Code   RO         4262    i.usb_ctrl_req      usb.o
    0x0801bda4   0x000000aa   Code   RO         4263    i.usb_dispatchPkt   usb.o
    0x0801be4e   0x0000002a   Code   RO         4264    i.usb_get_conf_descr  usb.o
    0x0801be78   0x00000024   Code   RO         4265    i.usb_get_dev_descr  usb.o
    0x0801be9c   0x00000008   Code   RO         4266    i.usb_get_devices   usb.o
    0x0801bea4   0x000006a4   Code   RO         3513    i.usb_hid_init      hid.o
    0x0801c548   0x00000488   Code   RO         3514    i.usb_hid_parse_conf  hid.o
    0x0801c9d0   0x000000c4   Code   RO         3515    i.usb_hid_poll      hid.o
    0x0801ca94   0x000001f4   Code   RO         3516    i.usb_hid_release   hid.o
    0x0801cc88   0x000000d8   Code   RO         3698    i.usb_hub_check_hub_status  hub.o
    0x0801cd60   0x0000002c   Code   RO         3700    i.usb_hub_clear_port_feature  hub.o
    0x0801cd8c   0x0000002a   Code   RO         3701    i.usb_hub_get_hub_descriptor  hub.o
    0x0801cdb6   0x00000024   Code   RO         3702    i.usb_hub_get_port_status  hub.o
    0x0801cdda   0x00000002   PAD
    0x0801cddc   0x000001c0   Code   RO         3703    i.usb_hub_init      hub.o
    0x0801cf9c   0x00000032   Code   RO         3704    i.usb_hub_poll      hub.o
    0x0801cfce   0x00000002   PAD
    0x0801cfd0   0x000001c0   Code   RO         3705    i.usb_hub_port_status_change  hub.o
    0x0801d190   0x0000001c   Code   RO         3706    i.usb_hub_release   hub.o
    0x0801d1ac   0x0000002c   Code   RO         3707    i.usb_hub_set_port_feature  hub.o
    0x0801d1d8   0x00000170   Code   RO         3708    i.usb_hub_show_port_status  hub.o
    0x0801d348   0x00000034   Code   RO         4267    i.usb_in_transfer   usb.o
    0x0801d37c   0x00000044   Code   RO         4268    i.usb_init          usb.o
    0x0801d3c0   0x00000054   Code   RO          415    i.usb_irq_handler   cdc_enumerate.o
    0x0801d414   0x00000034   Code   RO         4269    i.usb_out_transfer  usb.o
    0x0801d448   0x0000021c   Code   RO         4270    i.usb_poll          usb.o
    0x0801d664   0x00000384   Code   RO         3517    i.usb_process_iface  hid.o
    0x0801d9e8   0x00000150   Code   RO         4271    i.usb_release_device  usb.o
    0x0801db38   0x00000018   Code   RO         4272    i.usb_reset_state   usb.o
    0x0801db50   0x000000bc   Code   RO         4420    i.usb_rtc_get_time  usbrtc.o
    0x0801dc0c   0x000000d4   Code   RO         4421    i.usb_rtc_init      usbrtc.o
    0x0801dce0   0x00000006   Code   RO         4422    i.usb_rtc_release   usbrtc.o
    0x0801dce6   0x00000002   PAD
    0x0801dce8   0x000000d4   Code   RO         4423    i.usb_rtc_set_time  usbrtc.o
    0x0801ddbc   0x00000044   Code   RO         4273    i.usb_set_addr      usb.o
    0x0801de00   0x0000005c   Code   RO         4274    i.usb_set_address   usb.o
    0x0801de5c   0x00000020   Code   RO         4275    i.usb_set_conf      usb.o
    0x0801de7c   0x00000494   Code   RO         4094    i.usb_storage_init  storage.o
    0x0801e310   0x0000000a   Code   RO         4095    i.usb_storage_poll  storage.o
    0x0801e31a   0x00000002   PAD
    0x0801e31c   0x000000ec   Code   RO         4096    i.usb_storage_read  storage.o
    0x0801e408   0x00000040   Code   RO         4097    i.usb_storage_release  storage.o
    0x0801e448   0x000000ec   Code   RO         4098    i.usb_storage_write  storage.o
    0x0801e534   0x00000088   Code   RO         2979    i.user_io_8bit_get_string  user_io.o
    0x0801e5bc   0x0000003c   Code   RO         2980    i.user_io_8bit_set_status  user_io.o
    0x0801e5f8   0x00000030   Code   RO         2981    i.user_io_analog_joystick  user_io.o
    0x0801e628   0x0000000c   Code   RO         2982    i.user_io_core_type  user_io.o
    0x0801e634   0x00000044   Code   RO         2983    i.user_io_create_config_name  user_io.o
    0x0801e678   0x000002a4   Code   RO         2984    i.user_io_detect_core_type  user_io.o
    0x0801e91c   0x00000064   Code   RO         2985    i.user_io_digital_joystick  user_io.o
    0x0801e980   0x00000028   Code   RO         2986    i.user_io_dip_switch1  user_io.o
    0x0801e9a8   0x0000002e   Code   RO         2987    i.user_io_eth_get_status  user_io.o
    0x0801e9d6   0x00000026   Code   RO         2988    i.user_io_eth_receive_tx_frame  user_io.o
    0x0801e9fc   0x00000024   Code   RO         2989    i.user_io_eth_send_mac  user_io.o
    0x0801ea20   0x00000020   Code   RO         2990    i.user_io_eth_send_rx_frame  user_io.o
    0x0801ea40   0x0000004a   Code   RO         2991    i.user_io_ext_idx   user_io.o
    0x0801ea8a   0x00000002   PAD
    0x0801ea8c   0x00000074   Code   RO         2992    i.user_io_file_mount  user_io.o
    0x0801eb00   0x00000120   Code   RO         2993    i.user_io_file_tx   user_io.o
    0x0801ec20   0x00000008   Code   RO         2994    i.user_io_get_core_name  user_io.o
    0x0801ec28   0x00000070   Code   RO         2995    i.user_io_init      user_io.o
    0x0801ec98   0x0000000c   Code   RO         2996    i.user_io_is_8bit_with_config_string  user_io.o
    0x0801eca4   0x0000003a   Code   RO         2997    i.user_io_joystick  user_io.o
    0x0801ecde   0x00000002   PAD
    0x0801ece0   0x0000051c   Code   RO         2998    i.user_io_kbd       user_io.o
    0x0801f1fc   0x000000d8   Code   RO         2999    i.user_io_key_remap  user_io.o
    0x0801f2d4   0x00000010   Code   RO         3000    i.user_io_menu_button  user_io.o
    0x0801f2e4   0x000000a4   Code   RO         3002    i.user_io_mouse     user_io.o
    0x0801f388   0x0000000c   Code   RO         3003    i.user_io_osd_is_visible  user_io.o
    0x0801f394   0x00000044   Code   RO         3004    i.user_io_osd_key_enable  user_io.o
    0x0801f3d8   0x000009b8   Code   RO         3005    i.user_io_poll      user_io.o
    0x0801fd90   0x00000048   Code   RO         3006    i.user_io_read_core_name  user_io.o
    0x0801fdd8   0x0000003a   Code   RO         3007    i.user_io_sd_get_status  user_io.o
    0x0801fe12   0x00000036   Code   RO         3008    i.user_io_sd_set_config  user_io.o
    0x0801fe48   0x00000088   Code   RO         3009    i.user_io_send_buttons  user_io.o
    0x0801fed0   0x00000040   Code   RO         3010    i.user_io_serial_status  user_io.o
    0x0801ff10   0x00000026   Code   RO         3011    i.user_io_serial_tx  user_io.o
    0x0801ff36   0x0000001a   Code   RO         3012    i.user_io_set_index  user_io.o
    0x0801ff50   0x00000010   Code   RO         3013    i.user_io_user_button  user_io.o
    0x0801ff60   0x00000250   Code   RO         3795    i.virtual_joystick_keyboard  joymapping.o
    0x080201b0   0x00000468   Code   RO         3796    i.virtual_joystick_mapping  joymapping.o
    0x08020618   0x000001bc   Code   RO         3797    i.virtual_joystick_remap  joymapping.o
    0x080207d4   0x00000014   Code   RO         3798    i.virtual_joystick_remap_init  joymapping.o
    0x080207e8   0x00000050   Code   RO          416    i.wait4tx           cdc_enumerate.o
    0x08020838   0x00000084   Code   RO         4099    i.write             storage.o
    0x080208bc   0x00000098   Code   RO         3306    i.xmodem_poll       xmodem.o
    0x08020954   0x00000500   Code   RO         3307    i.xmodem_rx_byte    xmodem.o
    0x08020e54   0x0000002c   Code   RO         6202    locale$$code        c_w.l(lc_ctype_c.o)
    0x08020e80   0x0000000a   Code   RO         6344    x$fpl$fpinit        fz_wm.l(fpinit.o)
    0x08020e8a   0x00000003   Data   RO           26    .constdata          archie.o
    0x08020e8d   0x00000300   Data   RO          229    .constdata          boot.o
    0x0802118d   0x00000059   Data   RO          417    .constdata          cdc_enumerate.o
    0x080211e6   0x00000009   Data   RO          517    .constdata          config.o
    0x080211ef   0x00000001   PAD
    0x080211f0   0x00000400   Data   RO          937    .constdata          firmware.o
    0x080215f0   0x00000010   Data   RO         1209    .constdata          hdd.o
    0x08021600   0x0000000c   Data   RO         1387    .constdata          ikbd.o
    0x0802160c   0x0000000d   Data   RO         1662    .constdata          main.o
    0x08021619   0x00000003   PAD
    0x0802161c   0x0000010c   Data   RO         1933    .constdata          mist_cfg.o
    0x08021728   0x000004ef   Data   RO         2090    .constdata          osd.o
    0x08021c17   0x00000001   PAD
    0x08021c18   0x000003d6   Data   RO         3015    .constdata          user_io.o
    0x08021fee   0x00000002   PAD
    0x08021ff0   0x00000032   Data   RO         3360    .constdata          asix.o
    0x08022022   0x00000002   PAD
    0x08022024   0x000000a0   Data   RO         3519    .constdata          hid.o
    0x080220c4   0x00000029   Data   RO         3709    .constdata          hub.o
    0x080220ed   0x00000028   Data   RO         3800    .constdata          joymapping.o
    0x08022115   0x00000003   PAD
    0x08022118   0x000000ad   Data   RO         3952    .constdata          pl2303.o
    0x080221c5   0x00000003   PAD
    0x080221c8   0x00000049   Data   RO         4100    .constdata          storage.o
    0x08022211   0x00000047   Data   RO         4277    .constdata          usb.o
    0x08022258   0x0000000c   Data   RO         4424    .constdata          usbrtc.o
    0x08022264   0x00000084   Data   RO         4708    .constdata          spi_stm32f4xx.o
    0x080222e8   0x00000010   Data   RO         5522    .constdata          stm32f4xx_hal_rcc.o
    0x080222f8   0x00000028   Data   RO         6054    .constdata          c_w.l(_printf_hex_int_ptr.o)
    0x08022320   0x00000011   Data   RO         6080    .constdata          c_w.l(__printf_flags_ss_wp.o)
    0x08022331   0x00000004   Data   RO         6256    .constdata          c_w.l(sys_io.o)
    0x08022335   0x00000004   Data   RO         6257    .constdata          c_w.l(sys_io.o)
    0x08022339   0x00000004   Data   RO         6258    .constdata          c_w.l(sys_io.o)
    0x0802233d   0x00000003   PAD
    0x08022340   0x0000008b   Data   RO           27    .conststring        archie.o
    0x080223cb   0x00000001   PAD
    0x080223cc   0x00000041   Data   RO          518    .conststring        config.o
    0x0802240d   0x00000003   PAD
    0x08022410   0x000000a5   Data   RO          990    .conststring        fpga.o
    0x080224b5   0x00000003   PAD
    0x080224b8   0x00000983   Data   RO         1747    .conststring        menu.o
    0x08022e3b   0x00000001   PAD
    0x08022e3c   0x000000c9   Data   RO         1934    .conststring        mist_cfg.o
    0x08022f05   0x00000003   PAD
    0x08022f08   0x00000304   Data   RO         2738    .conststring        tos.o
    0x0802320c   0x00000070   Data   RO         3016    .conststring        user_io.o
    0x0802327c   0x00000089   Data   RO         4101    .conststring        storage.o
    0x08023305   0x00000003   PAD
    0x08023308   0x00000020   Data   RO         6437    Region$$Table       anon$$obj.o
    0x08023328   0x00000110   Data   RO         6201    locale$$data        c_w.l(lc_ctype_c.o)


    Execution Region RW_IRAM1 (Base: 0x20000000, Size: 0x0000c628, Max: 0x00020000, ABSOLUTE, COMPRESSED[0x00000518])

    Base Addr    Size         Type   Attr      Idx    E Section Name        Object

    0x20000000   0x00000012   Data   RW           28    .data               archie.o
    0x20000012   0x00000002   PAD
    0x20000014   0x00000008   Data   RW          230    .data               boot.o
    0x2000001c   0x00000008   Data   RW          341    .data               cdc_control.o
    0x20000024   0x0000000c   Data   RW          418    .data               cdc_enumerate.o
    0x20000030   0x00000060   Data   RW          680    .data               fat.o
    0x20000090   0x00000008   Data   RW          858    .data               fdd.o
    0x20000098   0x00000005   Data   RW         1085    .data               hardware.o
    0x2000009d   0x00000003   PAD
    0x200000a0   0x000000c0   Data   RW         1388    .data               ikbd.o
    0x20000160   0x00000008   Data   RW         1582    .data               ini_parser.o
    0x20000168   0x00000001   Data   RW         1663    .data               main.o
    0x20000169   0x00000003   PAD
    0x2000016c   0x000001f2   Data   RW         1748    .data               menu.o
    0x2000035e   0x00000006   Data   RW         1935    .data               mist_cfg.o
    0x20000364   0x0000000a   Data   RW         1979    .data               mmc.o
    0x2000036e   0x00000002   PAD
    0x20000370   0x0000052e   Data   RW         2091    .data               osd.o
    0x2000089e   0x00000002   PAD
    0x200008a0   0x000000c0   Data   RW         2739    .data               tos.o
    0x20000960   0x00000054   Data   RW         3017    .data               user_io.o
    0x200009b4   0x00000016   Data   RW         3309    .data               xmodem.o
    0x200009ca   0x00000002   PAD
    0x200009cc   0x0000000c   Data   RW         3361    .data               asix.o
    0x200009d8   0x00000002   Data   RW         3520    .data               hid.o
    0x200009da   0x00000001   Data   RW         3710    .data               hub.o
    0x200009db   0x00000001   PAD
    0x200009dc   0x00000020   Data   RW         3801    .data               joymapping.o
    0x200009fc   0x00000001   Data   RW         3873    .data               max3421e.o
    0x200009fd   0x0000000b   Data   RW         3953    .data               pl2303.o
    0x20000a08   0x00000001   Data   RW         4102    .data               storage.o
    0x20000a09   0x00000003   PAD
    0x20000a0c   0x00000028   Data   RW         4278    .data               usb.o
    0x20000a34   0x00000004   Data   RW         4867    .data               stm32f4xx_hal.o
    0x20000a38   0x00000004   Data   RW         5926    .data               system_stm32f4xx.o
    0x20000a3c   0x00000004   Data   RW         6100    .data               c_w.l(stdio_streams.o)
    0x20000a40   0x00000004   Data   RW         6101    .data               c_w.l(stdio_streams.o)
    0x20000a44   0x00000004   Data   RW         6102    .data               c_w.l(stdio_streams.o)
    0x20000a48   0x00000004   Data   RW         6104    .data               c_w.l(strtok.o)
    0x20000a4c   0x00000901   Zero   RW           25    .bss                archie.o
    0x2000134d   0x00000020   Zero   RW          340    .bss                cdc_control.o
    0x2000136d   0x00000003   PAD
    0x20001370   0x000010e0   Zero   RW          516    .bss                config.o
    0x20002450   0x00001995   Zero   RW          679    .bss                fat.o
    0x20003de5   0x00000003   PAD
    0x20003de8   0x00000af0   Zero   RW          857    .bss                fdd.o
    0x200048d8   0x00000010   Zero   RW          936    .bss                firmware.o
    0x200048e8   0x00000200   Zero   RW         1084    .bss                hardware.o
    0x20004ae8   0x000023cc   Zero   RW         1208    .bss                hdd.o
    0x20006eb4   0x00000050   Zero   RW         1386    .bss                ikbd.o
    0x20006f04   0x0000033c   Zero   RW         1581    .bss                ini_parser.o
    0x20007240   0x00000028   Zero   RW         1661    .bss                main.o
    0x20007268   0x000001d6   Zero   RW         1746    .bss                menu.o
    0x2000743e   0x00000002   PAD
    0x20007440   0x00000c40   Zero   RW         2089    .bss                osd.o
    0x20008080   0x00000f21   Zero   RW         2737    .bss                tos.o
    0x20008fa1   0x00000003   PAD
    0x20008fa4   0x0000140b   Zero   RW         3014    .bss                user_io.o
    0x2000a3af   0x00000001   PAD
    0x2000a3b0   0x00000140   Zero   RW         3308    .bss                xmodem.o
    0x2000a4f0   0x00000c44   Zero   RW         3359    .bss                asix.o
    0x2000b134   0x00000030   Zero   RW         3518    .bss                hid.o
    0x2000b164   0x000001c0   Zero   RW         3799    .bss                joymapping.o
    0x2000b324   0x00000100   Zero   RW         3951    .bss                pl2303.o
    0x2000b424   0x00000a80   Zero   RW         4276    .bss                usb.o
    0x2000bea4   0x00000028   Zero   RW         4707    .bss                spi_stm32f4xx.o
    0x2000becc   0x00000054   Zero   RW         6097    .bss                c_w.l(stdio_streams.o)
    0x2000bf20   0x00000054   Zero   RW         6098    .bss                c_w.l(stdio_streams.o)
    0x2000bf74   0x00000054   Zero   RW         6099    .bss                c_w.l(stdio_streams.o)
    0x2000bfc8   0x00000060   Zero   RW         6263    .bss                c_w.l(libspace.o)
    0x2000c028   0x00000200   Zero   RW         5914    HEAP                startup_stm32f407xx.o
    0x2000c228   0x00000400   Zero   RW         5913    STACK               startup_stm32f407xx.o


==============================================================================

Image component sizes


      Code (inc. data)   RO Data    RW Data    ZI Data      Debug   Object Name

      4338       1902        142         18       2305     213493   archie.o
      2336        186         50         12       3140      32314   asix.o
      1386        102        768          8          0      60786   boot.o
         0          0          0          0          0      81960   buttons_f429discovery.o
       896        430          0          8         32       5917   cdc_control.o
      1678        122         89         12          0       9691   cdc_enumerate.o
      5108       1904         74          0       4320       8775   config.o
      9690       1422          0         96       6549      24637   fat.o
      2952         76          0          8       2800       9578   fdd.o
      1260        554       1024          0         16       4084   firmware.o
      3132        814        165          0          0       9928   fpga.o
       890        202          0          5        512       7908   hardware.o
      6368        352         16          0       9164      17310   hdd.o
      6062       1244        160          2         48      33033   hid.o
      1156         22          0          0          0       5397   hidparser.o
      1724        548         41          1          0      24987   hub.o
       276         52          0          0          0       2093   idxfile.o
      3610       1028         12        192         80      19474   ikbd.o
      1820        248          0          8        828       6729   ini_parser.o
      3016        434         40         32        448       7945   joymapping.o
       628        160         13          1         40      55579   main.o
       750        138          0          1          0       5203   max3421e.o
     28326       4960       2435        498        470      34406   menu.o
        28          6        469          6          0       1653   mist_cfg.o
      2678        816          0         10          0       8846   mmc.o
      3346        154       1263       1326       3136      22207   osd.o
      3332       1492        173         11        256      27661   pl2303.o
       226          0          0          0          0       1882   rafile.o
      1012        112          0          0          0      17561   spi.o
      3548        150        132          0         40      53624   spi_stm32f4xx.o
        64         26        392          0       1536        852   startup_stm32f407xx.o
        92          0          0          0          0       9589   stm32_stubs.o
        12          6          0          4          0       2051   stm32f4xx_hal.o
        36          6          0          0          0      28425   stm32f4xx_hal_cortex.o
       170          0          0          0          0       1456   stm32f4xx_hal_dma.o
       908         94          0          0          0       3550   stm32f4xx_hal_gpio.o
        56         14         16          0          0       2228   stm32f4xx_hal_rcc.o
      4092       1784        210          1          0      32323   storage.o
       100         18          0          4          0       1273   system_stm32f4xx.o
        48         16          0          0          0       1365   timer.o
      7778       2520        772        192       3873      26932   tos.o
      2798        378         71         40       2688      32166   usb.o
      1004         58         12          0          0      25453   usbrtc.o
      8016       1360       1094         84       5131      37961   user_io.o
      1432        408          0         22        320       2707   xmodem.o

    ----------------------------------------------------------------------
    128242      26318       9694       2620      47744    1022992   Object Totals
         0          0         32          0          0          0   (incl. Generated)
        64          0         29         18         12          0   (incl. Padding)

    ----------------------------------------------------------------------

      Code (inc. data)   RO Data    RW Data    ZI Data      Debug   Library Member Name

        90          0          0          0          0          0   __dczerorl2.o
         8          0          0          0          0         68   __main.o
       392          4         17          0          0         92   __printf_flags_ss_wp.o
        14          0          0          0          0         68   __printf_wp.o
         0          0          0          0          0          0   __rtentry.o
        12          0          0          0          0          0   __rtentry2.o
         6          0          0          0          0          0   __rtentry4.o
        52          8          0          0          0          0   __scatter.o
        28          0          0          0          0          0   __scatter_zi.o
        28          0          0          0          0         68   _chval.o
         6          0          0          0          0          0   _printf_c.o
        44          0          0          0          0        108   _printf_char.o
        48          6          0          0          0         96   _printf_char_common.o
        36          4          0          0          0         80   _printf_char_file.o
         6          0          0          0          0          0   _printf_d.o
       120         16          0          0          0         92   _printf_dec.o
       124          4         40          0          0        144   _printf_hex_int_ptr.o
       178          0          0          0          0         88   _printf_intcommon.o
         6          0          0          0          0          0   _printf_p.o
        78          0          0          0          0        108   _printf_pad.o
         0          0          0          0          0          0   _printf_percent.o
         4          0          0          0          0          0   _printf_percent_end.o
         6          0          0          0          0          0   _printf_s.o
        82          0          0          0          0         80   _printf_str.o
         6          0          0          0          0          0   _printf_u.o
         6          0          0          0          0          0   _printf_x.o
        10          0          0          0          0         68   _sputc.o
       158          0          0          0          0         92   _strtoul.o
        16          0          0          0          0         68   aeabi_memset.o
        10          0          0          0          0         68   defsig_exit.o
        50          0          0          0          0         88   defsig_general.o
        80         58          0          0          0         76   defsig_rtmem_inner.o
        14          0          0          0          0         80   defsig_rtmem_outer.o
        52         38          0          0          0         76   defsig_rtred_inner.o
        14          0          0          0          0         80   defsig_rtred_outer.o
        18          0          0          0          0         80   exit.o
        76          0          0          0          0         88   fclose.o
         8          0          0          0          0         68   ferror.o
       470          0          0          0          0         88   flsbuf.o
       236          4          0          0          0        128   fopen.o
        26          0          0          0          0         68   fputc.o
       248          6          0          0          0         84   fseek.o
        66          0          0          0          0         76   ftell.o
        94          0          0          0          0         80   h1_alloc.o
        52          0          0          0          0         68   h1_extend.o
        78          0          0          0          0         80   h1_free.o
        14          0          0          0          0         84   h1_init.o
         6          0          0          0          0        152   heapauxi.o
         4          0          0          0          0        136   hguard.o
         0          0          0          0          0          0   indicate_semi.o
       138          0          0          0          0        168   init_alloc.o
       312         46          0          0          0        112   initio.o
        44         10        272          0          0         76   lc_ctype_c.o
         2          0          0          0          0          0   libinit.o
        36          0          0          0          0          0   libinit2.o
         2          0          0          0          0          0   libshutdown.o
         6          0          0          0          0          0   libshutdown2.o
         8          4          0          0         96         68   libspace.o
         0          0          0          0          0          0   maybetermalloc1.o
        88          0          0          0          0         76   memcmp.o
        24          4          0          0          0         84   noretval__2printf.o
        40          6          0          0          0         84   noretval__2sprintf.o
         4          0          0          0          0         68   putc.o
        44          4          0          0          0         84   puts.o
        16          4          0          0          0         76   rt_ctype_table.o
         8          4          0          0          0         68   rt_errno_addr_intlibspace.o
         8          4          0          0          0         68   rt_heap_descriptor_intlibspace.o
         8          4          0          0          0         68   rt_locale_intlibspace.o
        68          0          0          0          0         68   rt_memclr.o
        78          0          0          0          0         80   rt_memclr_w.o
       138          0          0          0          0         68   rt_memcpy_v6.o
       100          0          0          0          0         80   rt_memcpy_w.o
       132          0          0          0          0         68   rt_memmove_v6.o
       122          0          0          0          0         80   rt_memmove_w.o
         2          0          0          0          0          0   rtexit.o
        10          0          0          0          0          0   rtexit2.o
        70          0          0          0          0         80   setvbuf.o
       240          6          0          0          0        156   stdio.o
         0          0          0         12        252          0   stdio_streams.o
        24          0          0          0          0         68   strcat.o
       128          0          0          0          0         68   strcmpv7m.o
        72          0          0          0          0         80   strcpy.o
        32          0          0          0          0         80   strcspn.o
        62          0          0          0          0         76   strlen.o
        50          0          0          0          0         84   strncasecmp.o
        36          0          0          0          0         76   strncat.o
       150          0          0          0          0         80   strncmp.o
        86          0          0          0          0         76   strncpy.o
        28          0          0          0          0         80   strspn.o
        12          6          0          4          0         68   strtok.o
        68          4          0          0          0         84   strtok_int.o
       112          0          0          0          0         88   strtol.o
       114          0          0          0          0         92   strtoul.o
        12          4          0          0          0         68   sys_exit.o
       102          0         12          0          0        240   sys_io.o
        74          0          0          0          0         80   sys_stackheap_outer.o
        14          0          0          0          0         76   sys_wrch.o
        26          0          0          0          0         76   tolower.o
         2          0          0          0          0         68   use_no_semi.o
        10          0          0          0          0        116   fpinit.o

    ----------------------------------------------------------------------
      6160        258        344         16        348       6672   Library Totals
        18          0          3          0          0          0   (incl. Padding)

    ----------------------------------------------------------------------

      Code (inc. data)   RO Data    RW Data    ZI Data      Debug   Library Name

      6132        258        341         16        348       6556   c_w.l
        10          0          0          0          0        116   fz_wm.l

    ----------------------------------------------------------------------
      6160        258        344         16        348       6672   Library Totals

    ----------------------------------------------------------------------

==============================================================================


      Code (inc. data)   RO Data    RW Data    ZI Data      Debug   

    134402      26576      10038       2636      48092     970068   Grand Totals
    134402      26576      10038       1304      48092     970068   ELF Image Totals (compressed)
    134402      26576      10038       1304          0          0   ROM Totals

==============================================================================

    Total RO  Size (Code + RO Data)               144440 ( 141.05kB)
    Total RW  Size (RW Data + ZI Data)             50728 (  49.54kB)
    Total ROM Size (Code + RO Data + RW Data)     145744 ( 142.33kB)

==============================================================================

